{"run": "c0_view0_reference_fixed", "repeat": 0, "preset": "standard", "rows": 100}
{"run": "c0_view0_reference_fixed", "repeat": 0, "preset": "slow", "rows": 200}
{"run": "c0_view0_reference_fixed", "repeat": 0, "preset": "blackout", "rows": 300}
{"run": "c0_view0_reference_fixed", "repeat": 1, "preset": "standard", "rows": 400}
{"run": "c0_view0_reference_fixed", "repeat": 1, "preset": "slow", "rows": 500}
{"run": "c0_view0_reference_fixed", "repeat": 1, "preset": "blackout", "rows": 600}
{"run": "c0_view0_reference_fixed", "repeat": 2, "preset": "standard", "rows": 700}
{"run": "c0_view0_reference_fixed", "repeat": 2, "preset": "slow", "rows": 800}
{"run": "c0_view0_reference_fixed", "repeat": 2, "preset": "blackout", "rows": 900}
{"run": "c0_view0_reference_rate20", "repeat": 0, "preset": "standard", "rows": 1000}
{"run": "c0_view0_reference_rate20", "repeat": 0, "preset": "slow", "rows": 1100}
{"run": "c0_view0_reference_rate20", "repeat": 0, "preset": "blackout", "rows": 1200}
{"run": "c0_view0_reference_rate20", "repeat": 1, "preset": "standard", "rows": 1300}
{"run": "c0_view0_reference_rate20", "repeat": 1, "preset": "slow", "rows": 1400}
{"run": "c0_view0_reference_rate20", "repeat": 1, "preset": "blackout", "rows": 1500}
{"run": "c0_view0_reference_rate20", "repeat": 2, "preset": "standard", "rows": 1600}
{"run": "c0_view0_reference_rate20", "repeat": 2, "preset": "slow", "rows": 1700}
{"run": "c0_view0_reference_rate20", "repeat": 2, "preset": "blackout", "rows": 1800}
{"run": "c0_view0_reuse_fixed", "repeat": 0, "preset": "standard", "rows": 1900}
{"run": "c0_view0_reuse_fixed", "repeat": 0, "preset": "slow", "rows": 2000}
{"run": "c0_view0_reuse_fixed", "repeat": 0, "preset": "blackout", "rows": 2100}
{"run": "c0_view0_reuse_fixed", "repeat": 1, "preset": "standard", "rows": 2200}
{"run": "c0_view0_reuse_fixed", "repeat": 1, "preset": "slow", "rows": 2300}
{"run": "c0_view0_reuse_fixed", "repeat": 1, "preset": "blackout", "rows": 2400}
{"run": "c0_view0_reuse_fixed", "repeat": 2, "preset": "standard", "rows": 2500}
{"run": "c0_view0_reuse_fixed", "repeat": 2, "preset": "slow", "rows": 2600}
{"run": "c0_view0_reuse_fixed", "repeat": 2, "preset": "blackout", "rows": 2700}
{"run": "c0_view0_reuse_rate20", "repeat": 0, "preset": "standard", "rows": 2800}
{"run": "c0_view0_reuse_rate20", "repeat": 0, "preset": "slow", "rows": 2900}
{"run": "c0_view0_reuse_rate20", "repeat": 0, "preset": "blackout", "rows": 3000}
{"run": "c0_view0_reuse_rate20", "repeat": 1, "preset": "standard", "rows": 3100}
{"run": "c0_view0_reuse_rate20", "repeat": 1, "preset": "slow", "rows": 3200}
{"run": "c0_view0_reuse_rate20", "repeat": 1, "preset": "blackout", "rows": 3300}
{"run": "c0_view0_reuse_rate20", "repeat": 2, "preset": "standard", "rows": 3400}
{"run": "c0_view0_reuse_rate20", "repeat": 2, "preset": "slow", "rows": 3500}
{"run": "c0_view0_reuse_rate20", "repeat": 2, "preset": "blackout", "rows": 3600}
{"run": "c2_view0_reference_rate20", "repeat": 0, "preset": "standard", "rows": 3700}
{"run": "c2_view0_reference_rate20", "repeat": 0, "preset": "slow", "rows": 3800}
{"run": "c2_view0_reference_rate20", "repeat": 0, "preset": "blackout", "rows": 3900}
{"run": "c2_view0_reference_rate20", "repeat": 1, "preset": "standard", "rows": 4000}
{"run": "c2_view0_reference_rate20", "repeat": 1, "preset": "slow", "rows": 4100}
{"run": "c2_view0_reference_rate20", "repeat": 1, "preset": "blackout", "rows": 4200}
{"run": "c2_view0_reference_rate20", "repeat": 2, "preset": "standard", "rows": 4300}
{"run": "c2_view0_reference_rate20", "repeat": 2, "preset": "slow", "rows": 4400}
{"run": "c2_view0_reference_rate20", "repeat": 2, "preset": "blackout", "rows": 4500}
{"run": "c2_view0_reuse_rate20", "repeat": 0, "preset": "standard", "rows": 4600}
{"run": "c2_view0_reuse_rate20", "repeat": 0, "preset": "slow", "rows": 4700}
{"run": "c2_view0_reuse_rate20", "repeat": 0, "preset": "blackout", "rows": 4800}
{"run": "c2_view0_reuse_rate20", "repeat": 1, "preset": "standard", "rows": 4900}
{"run": "c2_view0_reuse_rate20", "repeat": 1, "preset": "slow", "rows": 5000}
{"run": "c2_view0_reuse_rate20", "repeat": 1, "preset": "blackout", "rows": 5100}
{"run": "c2_view0_reuse_rate20", "repeat": 2, "preset": "standard", "rows": 5200}
{"run": "c2_view0_reuse_rate20", "repeat": 2, "preset": "slow", "rows": 5300}
{"run": "c2_view0_reuse_rate20", "repeat": 2, "preset": "blackout", "rows": 5400}
