..........
----------------------------------------------------------------------
Ran 10 tests in 0.025s

OK
{
  "episode_counts": {
    "main38500": 38500,
    "stationary5500": 5500
  },
  "unique_episode_keys": true,
  "source_hashes_matched": 9,
  "excluded_appledouble_metadata": [
    "._certificate.py",
    "._run_suite.py",
    "._test_renewal.py",
    "._scheduler.py"
  ],
  "heterogeneous_primary_metrics_identical": true,
  "carla_measured_world_frames": 80,
  "carla_analysis_rows": 320,
  "carla_frame_ids_match": true,
  "carla_stale_frames": 0,
  "primary_coverage_gate_passed": false,
  "world_cleanup": {
    "remaining_vehicles": 0,
    "remaining_sensors": 0,
    "synchronous_mode": false
  },
  "remaining_carla_processes": 0,
  "scope": "Artifact integrity checks; not proof of scientific novelty or driving safety."
}
