[
  {
    "rate": 20000000,
    "startup": "warm",
    "grants": {
      "active": 4556,
      "hull": 4564,
      "points": 4563,
      "raw": 2215
    },
    "scheduled_queries": 11520,
    "pairwise": {
      "hull": {
        "active_only": 3,
        "baseline_only": 11,
        "same": 11506
      },
      "points": {
        "active_only": 1,
        "baseline_only": 8,
        "same": 11511
      },
      "raw": {
        "active_only": 2343,
        "baseline_only": 2,
        "same": 9175
      }
    }
  },
  {
    "rate": 20000000,
    "startup": "cold",
    "grants": {
      "active": 4556,
      "hull": 4564,
      "points": 4563,
      "raw": 2215
    },
    "scheduled_queries": 11520,
    "pairwise": {
      "hull": {
        "active_only": 3,
        "baseline_only": 11,
        "same": 11506
      },
      "points": {
        "active_only": 1,
        "baseline_only": 8,
        "same": 11511
      },
      "raw": {
        "active_only": 2343,
        "baseline_only": 2,
        "same": 9175
      }
    }
  },
  {
    "rate": 2000000,
    "startup": "warm",
    "grants": {
      "active": 4554,
      "hull": 4560,
      "points": 4533,
      "raw": 0
    },
    "scheduled_queries": 11520,
    "pairwise": {
      "hull": {
        "active_only": 3,
        "baseline_only": 9,
        "same": 11508
      },
      "points": {
        "active_only": 28,
        "baseline_only": 7,
        "same": 11485
      },
      "raw": {
        "active_only": 4554,
        "baseline_only": 0,
        "same": 6966
      }
    }
  },
  {
    "rate": 2000000,
    "startup": "cold",
    "grants": {
      "active": 3398,
      "hull": 3404,
      "points": 3294,
      "raw": 0
    },
    "scheduled_queries": 11520,
    "pairwise": {
      "hull": {
        "active_only": 3,
        "baseline_only": 9,
        "same": 11508
      },
      "points": {
        "active_only": 111,
        "baseline_only": 7,
        "same": 11402
      },
      "raw": {
        "active_only": 3398,
        "baseline_only": 0,
        "same": 8122
      }
    }
  }
]
