checked 0 7 77123 341539
checked 1 19 47664 339798
checked 2 20 83275 342120
checked 3 18 47187 336848
checked 4 18 19615 340451
checked 5 17 28576 333890
checked 6 18 307719 344386
checked 7 23 299697 337608
checked 8 22 300015 339962
checked 9 13 297139 335568
checked 10 15 152447 346737
checked 11 13 150353 338654
checked 12 18 344665 377971
checked 13 14 285628 365817
checked 14 16 337221 376740
checked 15 13 283784 370422
checked 16 16 305031 380434
checked 17 11 262303 372312
checked 18 9 0 205436
checked 19 11 0 240019
checked 20 11 0 199520
checked 21 16 0 274940
checked 22 5 0 286077
checked 23 14 0 254138
checked 24 20 147301 233016
checked 25 13 0 35083
checked 26 15 139713 231153
checked 27 15 0 230259
checked 28 18 98077 231107
checked 29 15 0 227045
checked 30 13 0 432234
checked 31 12 0 426088
checked 32 16 0 430799
checked 33 15 0 424637
checked 34 22 0 432030
checked 35 18 0 423185
