{"task_id": 0, "blueprint": "vehicle.audi.a2", "query_index": 0, "radius_um": 0, "evaluations": 8192, "accepted_evaluations": 2261, "best_distance": 4.830886915373437, "elapsed_s": 0.7215192379990185}
{"task_id": 1, "blueprint": "vehicle.audi.a2", "query_index": 1, "radius_um": 0, "evaluations": 8192, "accepted_evaluations": 2666, "best_distance": 4.820399834276522, "elapsed_s": 0.6842887530001462}
{"task_id": 2, "blueprint": "vehicle.audi.a2", "query_index": 0, "radius_um": 5000, "evaluations": 8192, "accepted_evaluations": 2253, "best_distance": 4.8343880270495045, "elapsed_s": 0.6871455709988368}
{"task_id": 3, "blueprint": "vehicle.audi.a2", "query_index": 1, "radius_um": 5000, "evaluations": 8192, "accepted_evaluations": 2991, "best_distance": 4.802654513334835, "elapsed_s": 0.6900375360000908}
{"task_id": 4, "blueprint": "vehicle.audi.a2", "query_index": 0, "radius_um": 50000, "evaluations": 8192, "accepted_evaluations": 2368, "best_distance": 4.824333576381941, "elapsed_s": 0.6830843580009969}
{"task_id": 5, "blueprint": "vehicle.audi.a2", "query_index": 1, "radius_um": 50000, "evaluations": 8192, "accepted_evaluations": 2643, "best_distance": 4.784888940377734, "elapsed_s": 0.6689551010003925}
{"task_id": 6, "blueprint": "vehicle.diamondback.century", "query_index": 0, "radius_um": 0, "evaluations": 8192, "accepted_evaluations": 3487, "best_distance": 3.8441916800812357, "elapsed_s": 0.328377719000855}
{"task_id": 7, "blueprint": "vehicle.diamondback.century", "query_index": 1, "radius_um": 0, "evaluations": 8192, "accepted_evaluations": 3511, "best_distance": 3.8033687199230104, "elapsed_s": 0.30147570299959625}
{"task_id": 8, "blueprint": "vehicle.diamondback.century", "query_index": 0, "radius_um": 5000, "evaluations": 8192, "accepted_evaluations": 3477, "best_distance": 3.817535639914676, "elapsed_s": 0.30082804699850385}
{"task_id": 9, "blueprint": "vehicle.diamondback.century", "query_index": 1, "radius_um": 5000, "evaluations": 8192, "accepted_evaluations": 3200, "best_distance": 3.7911094643643994, "elapsed_s": 0.28981435900095676}
{"task_id": 10, "blueprint": "vehicle.diamondback.century", "query_index": 0, "radius_um": 50000, "evaluations": 8192, "accepted_evaluations": 3452, "best_distance": 3.8583843756841905, "elapsed_s": 0.29491393599892035}
{"task_id": 11, "blueprint": "vehicle.diamondback.century", "query_index": 1, "radius_um": 50000, "evaluations": 8192, "accepted_evaluations": 3472, "best_distance": 3.8096599544621426, "elapsed_s": 0.30032150899933185}
{"task_id": 12, "blueprint": "vehicle.kawasaki.ninja", "query_index": 0, "radius_um": 0, "evaluations": 8192, "accepted_evaluations": 3326, "best_distance": 4.189418383622376, "elapsed_s": 0.3317881010007113}
{"task_id": 13, "blueprint": "vehicle.kawasaki.ninja", "query_index": 1, "radius_um": 0, "evaluations": 8192, "accepted_evaluations": 3326, "best_distance": 4.115088439019307, "elapsed_s": 0.33314953300032357}
{"task_id": 14, "blueprint": "vehicle.kawasaki.ninja", "query_index": 0, "radius_um": 5000, "evaluations": 8192, "accepted_evaluations": 3480, "best_distance": 4.181869337363837, "elapsed_s": 0.3162373880004452}
{"task_id": 15, "blueprint": "vehicle.kawasaki.ninja", "query_index": 1, "radius_um": 5000, "evaluations": 8192, "accepted_evaluations": 3240, "best_distance": 4.143199350940905, "elapsed_s": 0.35081980700124404}
{"task_id": 16, "blueprint": "vehicle.kawasaki.ninja", "query_index": 0, "radius_um": 50000, "evaluations": 8192, "accepted_evaluations": 3259, "best_distance": 4.20453490425691, "elapsed_s": 0.31938646100024926}
{"task_id": 17, "blueprint": "vehicle.kawasaki.ninja", "query_index": 1, "radius_um": 50000, "evaluations": 8192, "accepted_evaluations": 3176, "best_distance": 4.154757494302057, "elapsed_s": 0.34538601799977187}
{"task_id": 18, "blueprint": "vehicle.mercedes.sprinter", "query_index": 0, "radius_um": 0, "evaluations": 8192, "accepted_evaluations": 1384, "best_distance": 5.2131765661500555, "elapsed_s": 1.5949543650003761}
{"task_id": 19, "blueprint": "vehicle.mercedes.sprinter", "query_index": 1, "radius_um": 0, "evaluations": 8192, "accepted_evaluations": 742, "best_distance": 5.40920074849278, "elapsed_s": 1.9760306459993444}
{"task_id": 20, "blueprint": "vehicle.mercedes.sprinter", "query_index": 0, "radius_um": 5000, "evaluations": 8192, "accepted_evaluations": 872, "best_distance": 5.180004973955248, "elapsed_s": 1.5755199060004088}
{"task_id": 21, "blueprint": "vehicle.mercedes.sprinter", "query_index": 1, "radius_um": 5000, "evaluations": 8192, "accepted_evaluations": 477, "best_distance": 5.610781181070199, "elapsed_s": 2.0522106749995146}
{"task_id": 22, "blueprint": "vehicle.mercedes.sprinter", "query_index": 0, "radius_um": 50000, "evaluations": 8192, "accepted_evaluations": 325, "best_distance": 5.6758400904623185, "elapsed_s": 1.923435458998938}
{"task_id": 23, "blueprint": "vehicle.mercedes.sprinter", "query_index": 1, "radius_um": 50000, "evaluations": 8192, "accepted_evaluations": 620, "best_distance": 5.490261769815341, "elapsed_s": 1.9140590639999573}
{"task_id": 24, "blueprint": "vehicle.tesla.model3", "query_index": 0, "radius_um": 0, "evaluations": 8192, "accepted_evaluations": 2695, "best_distance": 4.728499086628164, "elapsed_s": 1.0030882699993526}
{"task_id": 25, "blueprint": "vehicle.tesla.model3", "query_index": 1, "radius_um": 0, "evaluations": 8192, "accepted_evaluations": 1706, "best_distance": 3.6592373849690842, "elapsed_s": 0.929871780999747}
{"task_id": 26, "blueprint": "vehicle.tesla.model3", "query_index": 0, "radius_um": 5000, "evaluations": 8192, "accepted_evaluations": 2591, "best_distance": 4.717887277181474, "elapsed_s": 0.9319442579999304}
{"task_id": 27, "blueprint": "vehicle.tesla.model3", "query_index": 1, "radius_um": 5000, "evaluations": 8192, "accepted_evaluations": 2595, "best_distance": 4.712797647531346, "elapsed_s": 0.8868166629999905}
{"task_id": 28, "blueprint": "vehicle.tesla.model3", "query_index": 0, "radius_um": 50000, "evaluations": 8192, "accepted_evaluations": 2983, "best_distance": 4.7176244478185865, "elapsed_s": 0.922570178998285}
{"task_id": 29, "blueprint": "vehicle.tesla.model3", "query_index": 1, "radius_um": 50000, "evaluations": 8192, "accepted_evaluations": 2791, "best_distance": 4.694525671650093, "elapsed_s": 0.8838059709996742}
{"task_id": 30, "blueprint": "walker.pedestrian.0001", "query_index": 0, "radius_um": 0, "evaluations": 8192, "accepted_evaluations": 3182, "best_distance": 4.1585429765605095, "elapsed_s": 0.23641880099967238}
{"task_id": 31, "blueprint": "walker.pedestrian.0001", "query_index": 1, "radius_um": 0, "evaluations": 8192, "accepted_evaluations": 3389, "best_distance": 4.119895609553885, "elapsed_s": 0.25259450299927266}
{"task_id": 32, "blueprint": "walker.pedestrian.0001", "query_index": 0, "radius_um": 5000, "evaluations": 8192, "accepted_evaluations": 2999, "best_distance": 4.149507453161176, "elapsed_s": 0.23661968099986552}
{"task_id": 33, "blueprint": "walker.pedestrian.0001", "query_index": 1, "radius_um": 5000, "evaluations": 8192, "accepted_evaluations": 3393, "best_distance": 4.110792998697984, "elapsed_s": 0.23666033900008188}
{"task_id": 34, "blueprint": "walker.pedestrian.0001", "query_index": 0, "radius_um": 50000, "evaluations": 8192, "accepted_evaluations": 3197, "best_distance": 4.157256661157597, "elapsed_s": 0.24262423499931174}
{"task_id": 35, "blueprint": "walker.pedestrian.0001", "query_index": 1, "radius_um": 50000, "evaluations": 8192, "accepted_evaluations": 3203, "best_distance": 4.1016839999159735, "elapsed_s": 0.23310095200031355}
