transfer 0 77123 340451 340451 True
transfer 1 47664 333890 333890 True
transfer 2 83275 340451 340451 True
transfer 3 47187 333890 340824 False
transfer 4 19615 340451 500000 False
transfer 5 28576 333890 500000 False
transfer 6 307719 339962 339962 True
transfer 7 299697 335568 335568 True
transfer 8 300015 339962 339962 True
transfer 9 297139 335568 337608 False
transfer 10 152447 339962 418152 False
transfer 11 150353 335568 411372 False
transfer 12 344665 376740 376740 True
transfer 13 285628 365817 365817 True
transfer 14 337221 376740 392063 False
transfer 15 283784 365817 370575 False
transfer 16 305031 376740 425287 False
transfer 17 262303 365817 454400 False
transfer 18 0 199520 199520 True
transfer 19 0 240019 240019 True
transfer 20 0 199520 201029 False
transfer 21 0 240019 266034 False
transfer 22 0 199520 286077 False
transfer 23 0 240019 340649 False
transfer 24 147301 231107 231107 True
transfer 25 0 35083 35083 True
transfer 26 139713 231107 231107 True
transfer 27 0 35083 35083 True
transfer 28 98077 231107 444367 False
transfer 29 0 35083 35083 True
transfer 30 0 430799 430799 True
transfer 31 0 423185 423185 True
transfer 32 0 430799 432030 False
transfer 33 0 423185 423185 True
transfer 34 0 430799 440872 False
transfer 35 0 423185 461023 False
