{
  "failures": [
    {
      "id": "freshshape_vehicle_diamondback_century_test_053_s00_v0",
      "episode_id": "freshshape_vehicle_diamondback_century_test_053",
      "blueprint": "vehicle.diamondback.century",
      "joint_score_um": 2363,
      "body_score_um": 0,
      "pose_score_um": 2363,
      "true_xy": [
        -1.8784883358140188,
        3.3538265469116246
      ],
      "available": true,
      "joint_lower_us": [
        500000,
        500000
      ],
      "same_body_oracle_bracket_us": [
        [
          500000,
          500000
        ],
        [
          500000,
          500000
        ]
      ],
      "vertical_tilt_lower_bound": 0.0056705553,
      "tilt_prior_violated": false
    }
  ],
  "grants": [
    {
      "method": "sphere_hull",
      "rate": 20000000,
      "startup": "warm",
      "grants_referencing_excluded_source": 5,
      "grants_in_excluded_episode": 21
    },
    {
      "method": "sphere_hull",
      "rate": 20000000,
      "startup": "cold",
      "grants_referencing_excluded_source": 5,
      "grants_in_excluded_episode": 21
    },
    {
      "method": "sphere_hull",
      "rate": 2000000,
      "startup": "warm",
      "grants_referencing_excluded_source": 5,
      "grants_in_excluded_episode": 21
    },
    {
      "method": "sphere_hull",
      "rate": 2000000,
      "startup": "cold",
      "grants_referencing_excluded_source": 0,
      "grants_in_excluded_episode": 14
    },
    {
      "method": "pose_hull",
      "rate": 20000000,
      "startup": "warm",
      "grants_referencing_excluded_source": 8,
      "grants_in_excluded_episode": 24
    },
    {
      "method": "pose_hull",
      "rate": 20000000,
      "startup": "cold",
      "grants_referencing_excluded_source": 8,
      "grants_in_excluded_episode": 24
    },
    {
      "method": "pose_hull",
      "rate": 2000000,
      "startup": "warm",
      "grants_referencing_excluded_source": 8,
      "grants_in_excluded_episode": 24
    },
    {
      "method": "pose_hull",
      "rate": 2000000,
      "startup": "cold",
      "grants_referencing_excluded_source": 0,
      "grants_in_excluded_episode": 16
    },
    {
      "method": "joint_hull",
      "rate": 20000000,
      "startup": "warm",
      "grants_referencing_excluded_source": 8,
      "grants_in_excluded_episode": 24
    },
    {
      "method": "joint_hull",
      "rate": 20000000,
      "startup": "cold",
      "grants_referencing_excluded_source": 8,
      "grants_in_excluded_episode": 24
    },
    {
      "method": "joint_hull",
      "rate": 2000000,
      "startup": "warm",
      "grants_referencing_excluded_source": 8,
      "grants_in_excluded_episode": 24
    },
    {
      "method": "joint_hull",
      "rate": 2000000,
      "startup": "cold",
      "grants_referencing_excluded_source": 0,
      "grants_in_excluded_episode": 16
    },
    {
      "method": "joint_raw",
      "rate": 20000000,
      "startup": "warm",
      "grants_referencing_excluded_source": 4,
      "grants_in_excluded_episode": 12
    },
    {
      "method": "joint_raw",
      "rate": 20000000,
      "startup": "cold",
      "grants_referencing_excluded_source": 4,
      "grants_in_excluded_episode": 12
    },
    {
      "method": "joint_raw",
      "rate": 2000000,
      "startup": "warm",
      "grants_referencing_excluded_source": 0,
      "grants_in_excluded_episode": 0
    },
    {
      "method": "joint_raw",
      "rate": 2000000,
      "startup": "cold",
      "grants_referencing_excluded_source": 0,
      "grants_in_excluded_episode": 0
    }
  ],
  "source_age_overstatement": {
    "sphere_hull": {
      "source_queries_with_positive_overstatement": 0,
      "maximum_us": 0,
      "details": []
    },
    "pose_hull": {
      "source_queries_with_positive_overstatement": 0,
      "maximum_us": 0,
      "details": []
    },
    "joint_hull": {
      "source_queries_with_positive_overstatement": 0,
      "maximum_us": 0,
      "details": []
    }
  },
  "source_sha256": "4e359f2f3a1b9ba1e59f53c673c2910648bf238a6ec6e85b13c5af12f88f6973",
  "analysis_sha256": "05b83789ed52d13958e3f425e778db261cff9b7d0853c531808dfc9b1f59e8cf",
  "audit_sha256": "4aa88f4165089a19ff2f128e68e7d9b94568ba50cbd73edd6f7c08039e07b220",
  "scope": "Descriptive audit of failed current-center sources and same-body/motion oracle; no threshold update, zero-risk proof, conditional-grant guarantee or continuous physical validation."
}
