{"id": "period3_deferred_vehicle_audi_a2_function", "status": "captured", "decisions": 100, "sources": 20, "elapsed_s": 5.756051570002455}
{"id": "period3_deferred_vehicle_audi_a2_deadline", "status": "captured", "decisions": 100, "sources": 20, "elapsed_s": 11.660354698004085}
{"id": "period3_deferred_vehicle_audi_a2_cone", "status": "captured", "decisions": 100, "sources": 20, "elapsed_s": 17.161733064000146}
{"id": "period3_deferred_vehicle_diamondback_century_deadline", "status": "captured", "decisions": 100, "sources": 20, "elapsed_s": 22.90036648599198}
{"id": "period3_deferred_vehicle_diamondback_century_cone", "status": "captured", "decisions": 100, "sources": 20, "elapsed_s": 28.430010900003253}
{"id": "period3_deferred_vehicle_diamondback_century_function", "status": "captured", "decisions": 100, "sources": 20, "elapsed_s": 34.0381375720026}
{"id": "period3_deferred_walker_pedestrian_0001_cone", "status": "captured", "decisions": 100, "sources": 20, "elapsed_s": 39.58474642499641}
{"id": "period3_deferred_walker_pedestrian_0001_function", "status": "captured", "decisions": 100, "sources": 20, "elapsed_s": 45.241505219004466}
{"id": "period3_deferred_walker_pedestrian_0001_deadline", "status": "captured", "decisions": 100, "sources": 20, "elapsed_s": 50.87245388700103}
{"id": "period3_immediate_vehicle_audi_a2_deadline", "status": "captured", "decisions": 100, "sources": 20, "elapsed_s": 56.47390429399093}
{"id": "period3_immediate_vehicle_audi_a2_cone", "status": "captured", "decisions": 100, "sources": 20, "elapsed_s": 61.959522199002095}
{"id": "period3_immediate_vehicle_audi_a2_function", "status": "captured", "decisions": 100, "sources": 20, "elapsed_s": 67.75560952899104}
{"id": "period3_immediate_vehicle_diamondback_century_cone", "status": "captured", "decisions": 100, "sources": 20, "elapsed_s": 73.40613437999855}
{"id": "period3_immediate_vehicle_diamondback_century_function", "status": "captured", "decisions": 100, "sources": 20, "elapsed_s": 79.16786122300255}
{"id": "period3_immediate_vehicle_diamondback_century_deadline", "status": "captured", "decisions": 100, "sources": 20, "elapsed_s": 84.85970604899921}
{"id": "period3_immediate_walker_pedestrian_0001_function", "status": "captured", "decisions": 100, "sources": 20, "elapsed_s": 90.69550098100444}
{"id": "period3_immediate_walker_pedestrian_0001_deadline", "status": "captured", "decisions": 100, "sources": 20, "elapsed_s": 96.34196118300315}
{"id": "period3_immediate_walker_pedestrian_0001_cone", "status": "captured", "decisions": 100, "sources": 20, "elapsed_s": 101.91658417999861}
{"id": "period2_deferred_vehicle_audi_a2_cone", "status": "captured", "decisions": 100, "sources": 30, "elapsed_s": 107.70545378400129}
{"id": "period2_deferred_vehicle_audi_a2_function", "status": "captured", "decisions": 100, "sources": 30, "elapsed_s": 113.53493838799477}
{"id": "period2_deferred_vehicle_audi_a2_deadline", "status": "captured", "decisions": 100, "sources": 30, "elapsed_s": 119.49576387800334}
{"id": "period2_deferred_vehicle_diamondback_century_function", "status": "captured", "decisions": 100, "sources": 30, "elapsed_s": 125.34125017299084}
{"id": "period2_deferred_vehicle_diamondback_century_deadline", "status": "captured", "decisions": 100, "sources": 30, "elapsed_s": 131.21376606699778}
{"id": "period2_deferred_vehicle_diamondback_century_cone", "status": "captured", "decisions": 100, "sources": 30, "elapsed_s": 137.1367454209976}
{"id": "period2_deferred_walker_pedestrian_0001_deadline", "status": "captured", "decisions": 100, "sources": 30, "elapsed_s": 143.0123438169976}
{"id": "period2_deferred_walker_pedestrian_0001_cone", "status": "captured", "decisions": 100, "sources": 30, "elapsed_s": 148.80252268500044}
{"id": "period2_deferred_walker_pedestrian_0001_function", "status": "captured", "decisions": 100, "sources": 30, "elapsed_s": 154.31435228599003}
{"id": "period2_immediate_vehicle_audi_a2_function", "status": "captured", "decisions": 100, "sources": 30, "elapsed_s": 160.00749742500193}
{"id": "period2_immediate_vehicle_audi_a2_deadline", "status": "captured", "decisions": 100, "sources": 30, "elapsed_s": 165.6646370660019}
{"id": "period2_immediate_vehicle_audi_a2_cone", "status": "captured", "decisions": 100, "sources": 30, "elapsed_s": 171.32388081199315}
{"id": "period2_immediate_vehicle_diamondback_century_deadline", "status": "captured", "decisions": 100, "sources": 30, "elapsed_s": 177.08830638599466}
{"id": "period2_immediate_vehicle_diamondback_century_cone", "status": "captured", "decisions": 100, "sources": 30, "elapsed_s": 182.64718672000163}
{"id": "period2_immediate_vehicle_diamondback_century_function", "status": "captured", "decisions": 100, "sources": 30, "elapsed_s": 188.37354716999107}
{"id": "period2_immediate_walker_pedestrian_0001_cone", "status": "captured", "decisions": 100, "sources": 30, "elapsed_s": 194.28458012499323}
{"id": "period2_immediate_walker_pedestrian_0001_function", "status": "captured", "decisions": 100, "sources": 30, "elapsed_s": 199.9767892779928}
{"id": "period2_immediate_walker_pedestrian_0001_deadline", "status": "captured", "decisions": 100, "sources": 30, "elapsed_s": 205.85733038200124}
