{"id": "vehicle_audi_a2_test00_q0_s16_priority", "lower_us": 0, "upper_us": 0, "examined_nodes": 780, "excluded_leaves": 0, "usable_lower_us": 0}
{"id": "vehicle_audi_a2_test00_q0_s16_fifo", "lower_us": 0, "upper_us": 0, "examined_nodes": 1231, "excluded_leaves": 0, "usable_lower_us": 0}
{"id": "vehicle_audi_a2_test00_q1_s16_priority", "lower_us": 0, "upper_us": 0, "examined_nodes": 709, "excluded_leaves": 0, "usable_lower_us": 0}
{"id": "vehicle_audi_a2_test00_q1_s16_fifo", "lower_us": 0, "upper_us": 0, "examined_nodes": 1280, "excluded_leaves": 0, "usable_lower_us": 0}
{"id": "vehicle_audi_a2_test00_q0_s4_priority", "lower_us": 0, "upper_us": 0, "examined_nodes": 1398, "excluded_leaves": 0, "usable_lower_us": 0}
{"id": "vehicle_audi_a2_test00_q0_s4_fifo", "lower_us": 0, "upper_us": 10325, "examined_nodes": 2000, "excluded_leaves": 0, "usable_lower_us": 0}
{"id": "vehicle_audi_a2_test00_q1_s4_priority", "lower_us": 0, "upper_us": 0, "examined_nodes": 709, "excluded_leaves": 0, "usable_lower_us": 0}
{"id": "vehicle_audi_a2_test00_q1_s4_fifo", "lower_us": 0, "upper_us": 0, "examined_nodes": 1280, "excluded_leaves": 0, "usable_lower_us": 0}
{"id": "vehicle_audi_a2_test00_q0_s1_priority", "lower_us": 0, "upper_us": 0, "examined_nodes": 1400, "excluded_leaves": 0, "usable_lower_us": 0}
{"id": "vehicle_audi_a2_test00_q0_s1_fifo", "lower_us": 0, "upper_us": 10325, "examined_nodes": 2000, "excluded_leaves": 0, "usable_lower_us": 0}
{"id": "vehicle_audi_a2_test00_q1_s1_priority", "lower_us": 0, "upper_us": 500000, "examined_nodes": 2000, "excluded_leaves": 0, "usable_lower_us": 0}
{"id": "vehicle_audi_a2_test00_q1_s1_fifo", "lower_us": 0, "upper_us": 42276, "examined_nodes": 2000, "excluded_leaves": 0, "usable_lower_us": 0}
{"id": "vehicle_audi_a2_test10_q0_s16_priority", "lower_us": 0, "upper_us": 0, "examined_nodes": 780, "excluded_leaves": 0, "usable_lower_us": 0}
{"id": "vehicle_audi_a2_test10_q0_s16_fifo", "lower_us": 0, "upper_us": 0, "examined_nodes": 1411, "excluded_leaves": 0, "usable_lower_us": 0}
{"id": "vehicle_audi_a2_test10_q1_s16_priority", "lower_us": 0, "upper_us": 0, "examined_nodes": 709, "excluded_leaves": 0, "usable_lower_us": 0}
{"id": "vehicle_audi_a2_test10_q1_s16_fifo", "lower_us": 0, "upper_us": 0, "examined_nodes": 1124, "excluded_leaves": 0, "usable_lower_us": 0}
{"id": "vehicle_audi_a2_test10_q0_s4_priority", "lower_us": 0, "upper_us": 500000, "examined_nodes": 2000, "excluded_leaves": 0, "usable_lower_us": 0}
{"id": "vehicle_audi_a2_test10_q0_s4_fifo", "lower_us": 0, "upper_us": 42276, "examined_nodes": 2000, "excluded_leaves": 0, "usable_lower_us": 0}
{"id": "vehicle_audi_a2_test10_q1_s4_priority", "lower_us": 0, "upper_us": 0, "examined_nodes": 709, "excluded_leaves": 0, "usable_lower_us": 0}
{"id": "vehicle_audi_a2_test10_q1_s4_fifo", "lower_us": 0, "upper_us": 0, "examined_nodes": 1124, "excluded_leaves": 0, "usable_lower_us": 0}
{"id": "vehicle_audi_a2_test10_q0_s1_priority", "lower_us": 0, "upper_us": 500000, "examined_nodes": 2000, "excluded_leaves": 0, "usable_lower_us": 0}
{"id": "vehicle_audi_a2_test10_q0_s1_fifo", "lower_us": 0, "upper_us": 42276, "examined_nodes": 2000, "excluded_leaves": 0, "usable_lower_us": 0}
{"id": "vehicle_audi_a2_test10_q1_s1_priority", "lower_us": 0, "upper_us": 0, "examined_nodes": 1273, "excluded_leaves": 0, "usable_lower_us": 0}
{"id": "vehicle_audi_a2_test10_q1_s1_fifo", "lower_us": 0, "upper_us": 0, "examined_nodes": 1926, "excluded_leaves": 0, "usable_lower_us": 0}
{"id": "vehicle_diamondback_century_test00_q0_s16_priority", "lower_us": 0, "upper_us": 0, "examined_nodes": 1, "excluded_leaves": 0, "usable_lower_us": 0}
{"id": "vehicle_diamondback_century_test00_q0_s16_fifo", "lower_us": 0, "upper_us": 0, "examined_nodes": 1, "excluded_leaves": 0, "usable_lower_us": 0}
{"id": "vehicle_diamondback_century_test00_q1_s16_priority", "lower_us": 0, "upper_us": 0, "examined_nodes": 1, "excluded_leaves": 0, "usable_lower_us": 0}
{"id": "vehicle_diamondback_century_test00_q1_s16_fifo", "lower_us": 0, "upper_us": 0, "examined_nodes": 1, "excluded_leaves": 0, "usable_lower_us": 0}
{"id": "vehicle_diamondback_century_test00_q0_s4_priority", "lower_us": 0, "upper_us": 0, "examined_nodes": 1, "excluded_leaves": 0, "usable_lower_us": 0}
{"id": "vehicle_diamondback_century_test00_q0_s4_fifo", "lower_us": 0, "upper_us": 0, "examined_nodes": 1, "excluded_leaves": 0, "usable_lower_us": 0}
{"id": "vehicle_diamondback_century_test00_q1_s4_priority", "lower_us": 0, "upper_us": 0, "examined_nodes": 1, "excluded_leaves": 0, "usable_lower_us": 0}
{"id": "vehicle_diamondback_century_test00_q1_s4_fifo", "lower_us": 0, "upper_us": 0, "examined_nodes": 1, "excluded_leaves": 0, "usable_lower_us": 0}
{"id": "vehicle_diamondback_century_test00_q0_s1_priority", "lower_us": 0, "upper_us": 0, "examined_nodes": 1, "excluded_leaves": 0, "usable_lower_us": 0}
{"id": "vehicle_diamondback_century_test00_q0_s1_fifo", "lower_us": 0, "upper_us": 0, "examined_nodes": 1, "excluded_leaves": 0, "usable_lower_us": 0}
{"id": "vehicle_diamondback_century_test00_q1_s1_priority", "lower_us": 0, "upper_us": 0, "examined_nodes": 1, "excluded_leaves": 0, "usable_lower_us": 0}
{"id": "vehicle_diamondback_century_test00_q1_s1_fifo", "lower_us": 0, "upper_us": 0, "examined_nodes": 1, "excluded_leaves": 0, "usable_lower_us": 0}
{"id": "vehicle_diamondback_century_test10_q0_s16_priority", "lower_us": 0, "upper_us": 0, "examined_nodes": 1, "excluded_leaves": 0, "usable_lower_us": 0}
{"id": "vehicle_diamondback_century_test10_q0_s16_fifo", "lower_us": 0, "upper_us": 0, "examined_nodes": 1, "excluded_leaves": 0, "usable_lower_us": 0}
{"id": "vehicle_diamondback_century_test10_q1_s16_priority", "lower_us": 0, "upper_us": 0, "examined_nodes": 1, "excluded_leaves": 0, "usable_lower_us": 0}
{"id": "vehicle_diamondback_century_test10_q1_s16_fifo", "lower_us": 0, "upper_us": 0, "examined_nodes": 1, "excluded_leaves": 0, "usable_lower_us": 0}
{"id": "vehicle_diamondback_century_test10_q0_s4_priority", "lower_us": 0, "upper_us": 0, "examined_nodes": 1, "excluded_leaves": 0, "usable_lower_us": 0}
{"id": "vehicle_diamondback_century_test10_q0_s4_fifo", "lower_us": 0, "upper_us": 0, "examined_nodes": 1, "excluded_leaves": 0, "usable_lower_us": 0}
{"id": "vehicle_diamondback_century_test10_q1_s4_priority", "lower_us": 0, "upper_us": 0, "examined_nodes": 1, "excluded_leaves": 0, "usable_lower_us": 0}
{"id": "vehicle_diamondback_century_test10_q1_s4_fifo", "lower_us": 0, "upper_us": 0, "examined_nodes": 1, "excluded_leaves": 0, "usable_lower_us": 0}
{"id": "vehicle_diamondback_century_test10_q0_s1_priority", "lower_us": 0, "upper_us": 0, "examined_nodes": 1, "excluded_leaves": 0, "usable_lower_us": 0}
{"id": "vehicle_diamondback_century_test10_q0_s1_fifo", "lower_us": 0, "upper_us": 0, "examined_nodes": 1, "excluded_leaves": 0, "usable_lower_us": 0}
{"id": "vehicle_diamondback_century_test10_q1_s1_priority", "lower_us": 0, "upper_us": 0, "examined_nodes": 1, "excluded_leaves": 0, "usable_lower_us": 0}
{"id": "vehicle_diamondback_century_test10_q1_s1_fifo", "lower_us": 0, "upper_us": 0, "examined_nodes": 1, "excluded_leaves": 0, "usable_lower_us": 0}
{"id": "vehicle_kawasaki_ninja_test00_q0_s16_priority", "lower_us": 0, "upper_us": 0, "examined_nodes": 41, "excluded_leaves": 0, "usable_lower_us": 0}
{"id": "vehicle_kawasaki_ninja_test00_q0_s16_fifo", "lower_us": 0, "upper_us": 0, "examined_nodes": 118, "excluded_leaves": 0, "usable_lower_us": 0}
{"id": "vehicle_kawasaki_ninja_test00_q1_s16_priority", "lower_us": 0, "upper_us": 0, "examined_nodes": 42, "excluded_leaves": 0, "usable_lower_us": 0}
{"id": "vehicle_kawasaki_ninja_test00_q1_s16_fifo", "lower_us": 0, "upper_us": 0, "examined_nodes": 119, "excluded_leaves": 0, "usable_lower_us": 0}
{"id": "vehicle_kawasaki_ninja_test00_q0_s4_priority", "lower_us": 0, "upper_us": 0, "examined_nodes": 41, "excluded_leaves": 0, "usable_lower_us": 0}
{"id": "vehicle_kawasaki_ninja_test00_q0_s4_fifo", "lower_us": 0, "upper_us": 0, "examined_nodes": 118, "excluded_leaves": 0, "usable_lower_us": 0}
{"id": "vehicle_kawasaki_ninja_test00_q1_s4_priority", "lower_us": 0, "upper_us": 0, "examined_nodes": 42, "excluded_leaves": 0, "usable_lower_us": 0}
{"id": "vehicle_kawasaki_ninja_test00_q1_s4_fifo", "lower_us": 0, "upper_us": 0, "examined_nodes": 119, "excluded_leaves": 0, "usable_lower_us": 0}
{"id": "vehicle_kawasaki_ninja_test00_q0_s1_priority", "lower_us": 0, "upper_us": 0, "examined_nodes": 41, "excluded_leaves": 0, "usable_lower_us": 0}
{"id": "vehicle_kawasaki_ninja_test00_q0_s1_fifo", "lower_us": 0, "upper_us": 0, "examined_nodes": 118, "excluded_leaves": 0, "usable_lower_us": 0}
{"id": "vehicle_kawasaki_ninja_test00_q1_s1_priority", "lower_us": 0, "upper_us": 0, "examined_nodes": 42, "excluded_leaves": 0, "usable_lower_us": 0}
{"id": "vehicle_kawasaki_ninja_test00_q1_s1_fifo", "lower_us": 0, "upper_us": 0, "examined_nodes": 119, "excluded_leaves": 0, "usable_lower_us": 0}
{"id": "vehicle_kawasaki_ninja_test10_q0_s16_priority", "lower_us": 0, "upper_us": 0, "examined_nodes": 41, "excluded_leaves": 0, "usable_lower_us": 0}
{"id": "vehicle_kawasaki_ninja_test10_q0_s16_fifo", "lower_us": 0, "upper_us": 0, "examined_nodes": 118, "excluded_leaves": 0, "usable_lower_us": 0}
{"id": "vehicle_kawasaki_ninja_test10_q1_s16_priority", "lower_us": 0, "upper_us": 0, "examined_nodes": 42, "excluded_leaves": 0, "usable_lower_us": 0}
{"id": "vehicle_kawasaki_ninja_test10_q1_s16_fifo", "lower_us": 0, "upper_us": 0, "examined_nodes": 119, "excluded_leaves": 0, "usable_lower_us": 0}
{"id": "vehicle_kawasaki_ninja_test10_q0_s4_priority", "lower_us": 0, "upper_us": 0, "examined_nodes": 41, "excluded_leaves": 0, "usable_lower_us": 0}
{"id": "vehicle_kawasaki_ninja_test10_q0_s4_fifo", "lower_us": 0, "upper_us": 0, "examined_nodes": 118, "excluded_leaves": 0, "usable_lower_us": 0}
{"id": "vehicle_kawasaki_ninja_test10_q1_s4_priority", "lower_us": 0, "upper_us": 0, "examined_nodes": 42, "excluded_leaves": 0, "usable_lower_us": 0}
{"id": "vehicle_kawasaki_ninja_test10_q1_s4_fifo", "lower_us": 0, "upper_us": 0, "examined_nodes": 119, "excluded_leaves": 0, "usable_lower_us": 0}
{"id": "vehicle_kawasaki_ninja_test10_q0_s1_priority", "lower_us": 0, "upper_us": 0, "examined_nodes": 41, "excluded_leaves": 0, "usable_lower_us": 0}
{"id": "vehicle_kawasaki_ninja_test10_q0_s1_fifo", "lower_us": 0, "upper_us": 0, "examined_nodes": 118, "excluded_leaves": 0, "usable_lower_us": 0}
{"id": "vehicle_kawasaki_ninja_test10_q1_s1_priority", "lower_us": 0, "upper_us": 0, "examined_nodes": 42, "excluded_leaves": 0, "usable_lower_us": 0}
{"id": "vehicle_kawasaki_ninja_test10_q1_s1_fifo", "lower_us": 0, "upper_us": 0, "examined_nodes": 119, "excluded_leaves": 0, "usable_lower_us": 0}
{"id": "vehicle_mercedes_sprinter_test00_q0_s16_priority", "lower_us": 0, "upper_us": 340649, "examined_nodes": 2000, "excluded_leaves": 0, "usable_lower_us": 0}
{"id": "vehicle_mercedes_sprinter_test00_q0_s16_fifo", "lower_us": 0, "upper_us": 73826, "examined_nodes": 2000, "excluded_leaves": 0, "usable_lower_us": 0}
{"id": "vehicle_mercedes_sprinter_test00_q1_s16_priority", "lower_us": 0, "upper_us": 0, "examined_nodes": 69, "excluded_leaves": 0, "usable_lower_us": 0}
{"id": "vehicle_mercedes_sprinter_test00_q1_s16_fifo", "lower_us": 0, "upper_us": 0, "examined_nodes": 72, "excluded_leaves": 0, "usable_lower_us": 0}
{"id": "vehicle_mercedes_sprinter_test00_q0_s4_priority", "lower_us": 0, "upper_us": 340649, "examined_nodes": 2000, "excluded_leaves": 0, "usable_lower_us": 0}
{"id": "vehicle_mercedes_sprinter_test00_q0_s4_fifo", "lower_us": 0, "upper_us": 340649, "examined_nodes": 2000, "excluded_leaves": 0, "usable_lower_us": 0}
{"id": "vehicle_mercedes_sprinter_test00_q1_s4_priority", "lower_us": 0, "upper_us": 0, "examined_nodes": 69, "excluded_leaves": 0, "usable_lower_us": 0}
{"id": "vehicle_mercedes_sprinter_test00_q1_s4_fifo", "lower_us": 0, "upper_us": 0, "examined_nodes": 72, "excluded_leaves": 0, "usable_lower_us": 0}
{"id": "vehicle_mercedes_sprinter_test00_q0_s1_priority", "lower_us": 0, "upper_us": 340649, "examined_nodes": 2000, "excluded_leaves": 0, "usable_lower_us": 0}
{"id": "vehicle_mercedes_sprinter_test00_q0_s1_fifo", "lower_us": 0, "upper_us": 340649, "examined_nodes": 2000, "excluded_leaves": 0, "usable_lower_us": 0}
{"id": "vehicle_mercedes_sprinter_test00_q1_s1_priority", "lower_us": 0, "upper_us": 0, "examined_nodes": 69, "excluded_leaves": 0, "usable_lower_us": 0}
{"id": "vehicle_mercedes_sprinter_test00_q1_s1_fifo", "lower_us": 0, "upper_us": 0, "examined_nodes": 72, "excluded_leaves": 0, "usable_lower_us": 0}
{"id": "vehicle_mercedes_sprinter_test10_q0_s16_priority", "lower_us": 0, "upper_us": 0, "examined_nodes": 314, "excluded_leaves": 0, "usable_lower_us": 0}
{"id": "vehicle_mercedes_sprinter_test10_q0_s16_fifo", "lower_us": 0, "upper_us": 0, "examined_nodes": 423, "excluded_leaves": 0, "usable_lower_us": 0}
{"id": "vehicle_mercedes_sprinter_test10_q1_s16_priority", "lower_us": 0, "upper_us": 0, "examined_nodes": 1915, "excluded_leaves": 0, "usable_lower_us": 0}
{"id": "vehicle_mercedes_sprinter_test10_q1_s16_fifo", "lower_us": 0, "upper_us": 73826, "examined_nodes": 2000, "excluded_leaves": 0, "usable_lower_us": 0}
{"id": "vehicle_mercedes_sprinter_test10_q0_s4_priority", "lower_us": 0, "upper_us": 0, "examined_nodes": 314, "excluded_leaves": 0, "usable_lower_us": 0}
{"id": "vehicle_mercedes_sprinter_test10_q0_s4_fifo", "lower_us": 0, "upper_us": 0, "examined_nodes": 423, "excluded_leaves": 0, "usable_lower_us": 0}
{"id": "vehicle_mercedes_sprinter_test10_q1_s4_priority", "lower_us": 0, "upper_us": 0, "examined_nodes": 1915, "excluded_leaves": 0, "usable_lower_us": 0}
{"id": "vehicle_mercedes_sprinter_test10_q1_s4_fifo", "lower_us": 0, "upper_us": 73826, "examined_nodes": 2000, "excluded_leaves": 0, "usable_lower_us": 0}
{"id": "vehicle_mercedes_sprinter_test10_q0_s1_priority", "lower_us": 0, "upper_us": 0, "examined_nodes": 314, "excluded_leaves": 0, "usable_lower_us": 0}
{"id": "vehicle_mercedes_sprinter_test10_q0_s1_fifo", "lower_us": 0, "upper_us": 0, "examined_nodes": 423, "excluded_leaves": 0, "usable_lower_us": 0}
{"id": "vehicle_mercedes_sprinter_test10_q1_s1_priority", "lower_us": 0, "upper_us": 0, "examined_nodes": 1915, "excluded_leaves": 0, "usable_lower_us": 0}
{"id": "vehicle_mercedes_sprinter_test10_q1_s1_fifo", "lower_us": 0, "upper_us": 73826, "examined_nodes": 2000, "excluded_leaves": 0, "usable_lower_us": 0}
{"id": "vehicle_tesla_model3_test00_q0_s16_priority", "lower_us": 0, "upper_us": 0, "examined_nodes": 25, "excluded_leaves": 0, "usable_lower_us": 0}
{"id": "vehicle_tesla_model3_test00_q0_s16_fifo", "lower_us": 0, "upper_us": 0, "examined_nodes": 54, "excluded_leaves": 0, "usable_lower_us": 0}
{"id": "vehicle_tesla_model3_test00_q1_s16_priority", "lower_us": 0, "upper_us": 0, "examined_nodes": 26, "excluded_leaves": 0, "usable_lower_us": 0}
{"id": "vehicle_tesla_model3_test00_q1_s16_fifo", "lower_us": 0, "upper_us": 0, "examined_nodes": 63, "excluded_leaves": 0, "usable_lower_us": 0}
{"id": "vehicle_tesla_model3_test00_q0_s4_priority", "lower_us": 0, "upper_us": 0, "examined_nodes": 25, "excluded_leaves": 0, "usable_lower_us": 0}
{"id": "vehicle_tesla_model3_test00_q0_s4_fifo", "lower_us": 0, "upper_us": 0, "examined_nodes": 54, "excluded_leaves": 0, "usable_lower_us": 0}
{"id": "vehicle_tesla_model3_test00_q1_s4_priority", "lower_us": 0, "upper_us": 0, "examined_nodes": 26, "excluded_leaves": 0, "usable_lower_us": 0}
{"id": "vehicle_tesla_model3_test00_q1_s4_fifo", "lower_us": 0, "upper_us": 0, "examined_nodes": 63, "excluded_leaves": 0, "usable_lower_us": 0}
{"id": "vehicle_tesla_model3_test00_q0_s1_priority", "lower_us": 0, "upper_us": 0, "examined_nodes": 25, "excluded_leaves": 0, "usable_lower_us": 0}
{"id": "vehicle_tesla_model3_test00_q0_s1_fifo", "lower_us": 0, "upper_us": 0, "examined_nodes": 54, "excluded_leaves": 0, "usable_lower_us": 0}
{"id": "vehicle_tesla_model3_test00_q1_s1_priority", "lower_us": 0, "upper_us": 0, "examined_nodes": 26, "excluded_leaves": 0, "usable_lower_us": 0}
{"id": "vehicle_tesla_model3_test00_q1_s1_fifo", "lower_us": 0, "upper_us": 0, "examined_nodes": 63, "excluded_leaves": 0, "usable_lower_us": 0}
{"id": "vehicle_tesla_model3_test10_q0_s16_priority", "lower_us": 0, "upper_us": 0, "examined_nodes": 25, "excluded_leaves": 0, "usable_lower_us": 0}
{"id": "vehicle_tesla_model3_test10_q0_s16_fifo", "lower_us": 0, "upper_us": 0, "examined_nodes": 54, "excluded_leaves": 0, "usable_lower_us": 0}
{"id": "vehicle_tesla_model3_test10_q1_s16_priority", "lower_us": 0, "upper_us": 0, "examined_nodes": 26, "excluded_leaves": 0, "usable_lower_us": 0}
{"id": "vehicle_tesla_model3_test10_q1_s16_fifo", "lower_us": 0, "upper_us": 0, "examined_nodes": 63, "excluded_leaves": 0, "usable_lower_us": 0}
{"id": "vehicle_tesla_model3_test10_q0_s4_priority", "lower_us": 0, "upper_us": 0, "examined_nodes": 25, "excluded_leaves": 0, "usable_lower_us": 0}
{"id": "vehicle_tesla_model3_test10_q0_s4_fifo", "lower_us": 0, "upper_us": 0, "examined_nodes": 54, "excluded_leaves": 0, "usable_lower_us": 0}
{"id": "vehicle_tesla_model3_test10_q1_s4_priority", "lower_us": 0, "upper_us": 0, "examined_nodes": 26, "excluded_leaves": 0, "usable_lower_us": 0}
{"id": "vehicle_tesla_model3_test10_q1_s4_fifo", "lower_us": 0, "upper_us": 0, "examined_nodes": 63, "excluded_leaves": 0, "usable_lower_us": 0}
{"id": "vehicle_tesla_model3_test10_q0_s1_priority", "lower_us": 0, "upper_us": 0, "examined_nodes": 25, "excluded_leaves": 0, "usable_lower_us": 0}
{"id": "vehicle_tesla_model3_test10_q0_s1_fifo", "lower_us": 0, "upper_us": 0, "examined_nodes": 54, "excluded_leaves": 0, "usable_lower_us": 0}
{"id": "vehicle_tesla_model3_test10_q1_s1_priority", "lower_us": 0, "upper_us": 0, "examined_nodes": 26, "excluded_leaves": 0, "usable_lower_us": 0}
{"id": "vehicle_tesla_model3_test10_q1_s1_fifo", "lower_us": 0, "upper_us": 0, "examined_nodes": 63, "excluded_leaves": 0, "usable_lower_us": 0}
{"id": "walker_pedestrian_0001_test00_q0_s16_priority", "lower_us": 0, "upper_us": 0, "examined_nodes": 33, "excluded_leaves": 0, "usable_lower_us": 0}
{"id": "walker_pedestrian_0001_test00_q0_s16_fifo", "lower_us": 0, "upper_us": 0, "examined_nodes": 82, "excluded_leaves": 0, "usable_lower_us": 0}
{"id": "walker_pedestrian_0001_test00_q1_s16_priority", "lower_us": 0, "upper_us": 0, "examined_nodes": 1, "excluded_leaves": 0, "usable_lower_us": 0}
{"id": "walker_pedestrian_0001_test00_q1_s16_fifo", "lower_us": 0, "upper_us": 0, "examined_nodes": 1, "excluded_leaves": 0, "usable_lower_us": 0}
{"id": "walker_pedestrian_0001_test00_q0_s4_priority", "lower_us": 0, "upper_us": 0, "examined_nodes": 562, "excluded_leaves": 0, "usable_lower_us": 0}
{"id": "walker_pedestrian_0001_test00_q0_s4_fifo", "lower_us": 0, "upper_us": 0, "examined_nodes": 1643, "excluded_leaves": 0, "usable_lower_us": 0}
{"id": "walker_pedestrian_0001_test00_q1_s4_priority", "lower_us": 0, "upper_us": 0, "examined_nodes": 546, "excluded_leaves": 0, "usable_lower_us": 0}
{"id": "walker_pedestrian_0001_test00_q1_s4_fifo", "lower_us": 0, "upper_us": 0, "examined_nodes": 1789, "excluded_leaves": 0, "usable_lower_us": 0}
{"id": "walker_pedestrian_0001_test00_q0_s1_priority", "lower_us": 0, "upper_us": 500000, "examined_nodes": 2000, "excluded_leaves": 0, "usable_lower_us": 0}
{"id": "walker_pedestrian_0001_test00_q0_s1_fifo", "lower_us": 0, "upper_us": 81768, "examined_nodes": 2000, "excluded_leaves": 0, "usable_lower_us": 0}
{"id": "walker_pedestrian_0001_test00_q1_s1_priority", "lower_us": 0, "upper_us": 500000, "examined_nodes": 2000, "excluded_leaves": 0, "usable_lower_us": 0}
{"id": "walker_pedestrian_0001_test00_q1_s1_fifo", "lower_us": 0, "upper_us": 81768, "examined_nodes": 2000, "excluded_leaves": 0, "usable_lower_us": 0}
{"id": "walker_pedestrian_0001_test10_q0_s16_priority", "lower_us": 0, "upper_us": 0, "examined_nodes": 33, "excluded_leaves": 0, "usable_lower_us": 0}
{"id": "walker_pedestrian_0001_test10_q0_s16_fifo", "lower_us": 0, "upper_us": 0, "examined_nodes": 82, "excluded_leaves": 0, "usable_lower_us": 0}
{"id": "walker_pedestrian_0001_test10_q1_s16_priority", "lower_us": 0, "upper_us": 0, "examined_nodes": 1, "excluded_leaves": 0, "usable_lower_us": 0}
{"id": "walker_pedestrian_0001_test10_q1_s16_fifo", "lower_us": 0, "upper_us": 0, "examined_nodes": 1, "excluded_leaves": 0, "usable_lower_us": 0}
{"id": "walker_pedestrian_0001_test10_q0_s4_priority", "lower_us": 0, "upper_us": 0, "examined_nodes": 562, "excluded_leaves": 0, "usable_lower_us": 0}
{"id": "walker_pedestrian_0001_test10_q0_s4_fifo", "lower_us": 0, "upper_us": 0, "examined_nodes": 1643, "excluded_leaves": 0, "usable_lower_us": 0}
{"id": "walker_pedestrian_0001_test10_q1_s4_priority", "lower_us": 0, "upper_us": 0, "examined_nodes": 546, "excluded_leaves": 0, "usable_lower_us": 0}
{"id": "walker_pedestrian_0001_test10_q1_s4_fifo", "lower_us": 0, "upper_us": 0, "examined_nodes": 1789, "excluded_leaves": 0, "usable_lower_us": 0}
{"id": "walker_pedestrian_0001_test10_q0_s1_priority", "lower_us": 0, "upper_us": 500000, "examined_nodes": 2000, "excluded_leaves": 0, "usable_lower_us": 0}
{"id": "walker_pedestrian_0001_test10_q0_s1_fifo", "lower_us": 0, "upper_us": 81768, "examined_nodes": 2000, "excluded_leaves": 0, "usable_lower_us": 0}
{"id": "walker_pedestrian_0001_test10_q1_s1_priority", "lower_us": 0, "upper_us": 500000, "examined_nodes": 2000, "excluded_leaves": 0, "usable_lower_us": 0}
{"id": "walker_pedestrian_0001_test10_q1_s1_fifo", "lower_us": 0, "upper_us": 81768, "examined_nodes": 2000, "excluded_leaves": 0, "usable_lower_us": 0}
