{
  "witness_bank": {
    "16": {
      "candidates": 39,
      "surviving": 39,
      "zero_witness_queries": 23,
      "queries": 24,
      "max_upper_us": 73826
    },
    "4": {
      "candidates": 39,
      "surviving": 32,
      "zero_witness_queries": 22,
      "queries": 24,
      "max_upper_us": 340649
    },
    "1": {
      "candidates": 39,
      "surviving": 25,
      "zero_witness_queries": 17,
      "queries": 24,
      "max_upper_us": 340649
    }
  },
  "unique_bank_candidates": 39,
  "bank_point_checks": 4425018,
  "tree_nodes_checked": 317672,
  "packet_checks": 72,
  "declared_pose_domain_violations": 0,
  "truth_pose_excluded_source_cases": 0,
  "true_bbox_clear_queries": 24,
  "oracle_pose_positive_queries": 24,
  "oracle_pose_lower_range_us": [
    142953,
    500000
  ],
  "audit_sha256": "45ac485b5241f2cbe5a4b029613e4ae4d700cc0e513ee2815ba6ba0fe5729b8c",
  "witness_bank_sha256": "6785a1c2ab54fb942fd010a4ebef045d49f4f6098d686304155a476a87738122"
}
