{"id": "vehicle_audi_a2_y000_v0", "points": 86447, "actor_returns": 1646, "frame": 34065}
{"id": "vehicle_audi_a2_y000_v1", "points": 90125, "actor_returns": 708, "frame": 34070}
{"id": "vehicle_audi_a2_y090_v0", "points": 86447, "actor_returns": 1581, "frame": 34106}
{"id": "vehicle_audi_a2_y090_v1", "points": 90125, "actor_returns": 522, "frame": 34111}
{"id": "vehicle_audi_a2_y180_v0", "points": 86447, "actor_returns": 1649, "frame": 34147}
{"id": "vehicle_audi_a2_y180_v1", "points": 90125, "actor_returns": 709, "frame": 34152}
{"id": "vehicle_audi_a2_y270_v0", "points": 86447, "actor_returns": 1560, "frame": 34188}
{"id": "vehicle_audi_a2_y270_v1", "points": 90125, "actor_returns": 486, "frame": 34193}
{"id": "vehicle_tesla_model3_y000_v0", "points": 86447, "actor_returns": 2292, "frame": 34229}
{"id": "vehicle_tesla_model3_y000_v1", "points": 90125, "actor_returns": 933, "frame": 34234}
{"id": "vehicle_tesla_model3_y090_v0", "points": 86447, "actor_returns": 2583, "frame": 34270}
{"id": "vehicle_tesla_model3_y090_v1", "points": 90125, "actor_returns": 783, "frame": 34275}
{"id": "vehicle_tesla_model3_y180_v0", "points": 86447, "actor_returns": 2299, "frame": 34311}
{"id": "vehicle_tesla_model3_y180_v1", "points": 90125, "actor_returns": 928, "frame": 34316}
{"id": "vehicle_tesla_model3_y270_v0", "points": 86447, "actor_returns": 2398, "frame": 34352}
{"id": "vehicle_tesla_model3_y270_v1", "points": 90125, "actor_returns": 699, "frame": 34357}
{"id": "vehicle_mercedes_sprinter_y000_v0", "points": 86447, "actor_returns": 3721, "frame": 34393}
{"id": "vehicle_mercedes_sprinter_y000_v1", "points": 90125, "actor_returns": 1719, "frame": 34398}
{"id": "vehicle_mercedes_sprinter_y090_v0", "points": 86447, "actor_returns": 3913, "frame": 34434}
{"id": "vehicle_mercedes_sprinter_y090_v1", "points": 90125, "actor_returns": 1210, "frame": 34439}
{"id": "vehicle_mercedes_sprinter_y180_v0", "points": 86447, "actor_returns": 3716, "frame": 34475}
{"id": "vehicle_mercedes_sprinter_y180_v1", "points": 90125, "actor_returns": 1719, "frame": 34480}
{"id": "vehicle_mercedes_sprinter_y270_v0", "points": 86447, "actor_returns": 3826, "frame": 34516}
{"id": "vehicle_mercedes_sprinter_y270_v1", "points": 90125, "actor_returns": 1140, "frame": 34521}
{"id": "vehicle_diamondback_century_y000_v0", "points": 86447, "actor_returns": 174, "frame": 34557}
{"id": "vehicle_diamondback_century_y000_v1", "points": 90125, "actor_returns": 92, "frame": 34562}
{"id": "vehicle_diamondback_century_y090_v0", "points": 86447, "actor_returns": 105, "frame": 34598}
{"id": "vehicle_diamondback_century_y090_v1", "points": 90125, "actor_returns": 51, "frame": 34603}
{"id": "vehicle_diamondback_century_y180_v0", "points": 86447, "actor_returns": 163, "frame": 34639}
{"id": "vehicle_diamondback_century_y180_v1", "points": 90125, "actor_returns": 89, "frame": 34644}
{"id": "vehicle_diamondback_century_y270_v0", "points": 86447, "actor_returns": 112, "frame": 34680}
{"id": "vehicle_diamondback_century_y270_v1", "points": 90125, "actor_returns": 65, "frame": 34685}
{"id": "vehicle_kawasaki_ninja_y000_v0", "points": 86447, "actor_returns": 344, "frame": 34721}
{"id": "vehicle_kawasaki_ninja_y000_v1", "points": 90125, "actor_returns": 195, "frame": 34726}
{"id": "vehicle_kawasaki_ninja_y090_v0", "points": 86447, "actor_returns": 247, "frame": 34762}
{"id": "vehicle_kawasaki_ninja_y090_v1", "points": 90125, "actor_returns": 88, "frame": 34767}
{"id": "vehicle_kawasaki_ninja_y180_v0", "points": 86447, "actor_returns": 340, "frame": 34803}
{"id": "vehicle_kawasaki_ninja_y180_v1", "points": 90125, "actor_returns": 197, "frame": 34808}
{"id": "vehicle_kawasaki_ninja_y270_v0", "points": 86447, "actor_returns": 243, "frame": 34844}
{"id": "vehicle_kawasaki_ninja_y270_v1", "points": 90125, "actor_returns": 101, "frame": 34849}
{"id": "walker_pedestrian_0001_y000_v0", "points": 86447, "actor_returns": 74, "frame": 34885}
{"id": "walker_pedestrian_0001_y000_v1", "points": 90125, "actor_returns": 41, "frame": 34890}
{"id": "walker_pedestrian_0001_y090_v0", "points": 86447, "actor_returns": 103, "frame": 34926}
{"id": "walker_pedestrian_0001_y090_v1", "points": 90125, "actor_returns": 69, "frame": 34931}
{"id": "walker_pedestrian_0001_y180_v0", "points": 86447, "actor_returns": 75, "frame": 34967}
{"id": "walker_pedestrian_0001_y180_v1", "points": 90125, "actor_returns": 44, "frame": 34972}
{"id": "walker_pedestrian_0001_y270_v0", "points": 86447, "actor_returns": 95, "frame": 35008}
{"id": "walker_pedestrian_0001_y270_v1", "points": 90125, "actor_returns": 63, "frame": 35013}
