[
  {
    "rate": 20000000,
    "startup": "warm",
    "scheduled_queries": 11520,
    "grants": {
      "hull": 4684,
      "deadline": 4688
    },
    "hull_only": 0,
    "deadline_only": 4
  },
  {
    "rate": 20000000,
    "startup": "cold",
    "scheduled_queries": 11520,
    "grants": {
      "hull": 4684,
      "deadline": 4688
    },
    "hull_only": 0,
    "deadline_only": 4
  },
  {
    "rate": 2000000,
    "startup": "warm",
    "scheduled_queries": 11520,
    "grants": {
      "hull": 4679,
      "deadline": 4687
    },
    "hull_only": 0,
    "deadline_only": 8
  },
  {
    "rate": 2000000,
    "startup": "cold",
    "scheduled_queries": 11520,
    "grants": {
      "hull": 4679,
      "deadline": 4687
    },
    "hull_only": 0,
    "deadline_only": 8
  }
]
