[
  {
    "blueprint": "vehicle.audi.a2",
    "method": "bbox",
    "radius_um": 1611052,
    "planned_test_episodes": 60,
    "captured_test_episodes": 60,
    "excluded_episodes": [],
    "bounded_frames": 360,
    "refused_frames": 0,
    "source_queries": 720,
    "age_overstatements": 0,
    "above_joint": 15,
    "below_joint": 162,
    "age_us_median": 306265.5,
    "age_us_p95": 500000.0,
    "oracle_gap_us_median": 0.0,
    "oracle_gap_us_p95": 281062.75
  },
  {
    "blueprint": "vehicle.audi.a2",
    "method": "ridge",
    "radius_um": 1451690,
    "planned_test_episodes": 60,
    "captured_test_episodes": 60,
    "excluded_episodes": [],
    "bounded_frames": 360,
    "refused_frames": 0,
    "source_queries": 720,
    "age_overstatements": 0,
    "above_joint": 24,
    "below_joint": 155,
    "age_us_median": 340547.5,
    "age_us_p95": 500000.0,
    "oracle_gap_us_median": 0.0,
    "oracle_gap_us_p95": 246491.74999999988
  },
  {
    "blueprint": "vehicle.audi.a2",
    "method": "quadratic",
    "radius_um": 1590189,
    "planned_test_episodes": 60,
    "captured_test_episodes": 60,
    "excluded_episodes": [],
    "bounded_frames": 360,
    "refused_frames": 0,
    "source_queries": 720,
    "age_overstatements": 0,
    "above_joint": 21,
    "below_joint": 158,
    "age_us_median": 317202.0,
    "age_us_p95": 500000.0,
    "oracle_gap_us_median": 0.0,
    "oracle_gap_us_p95": 270344.05
  },
  {
    "blueprint": "vehicle.tesla.model3",
    "method": "bbox",
    "radius_um": 1914289,
    "planned_test_episodes": 60,
    "captured_test_episodes": 59,
    "excluded_episodes": [],
    "bounded_frames": 354,
    "refused_frames": 0,
    "source_queries": 708,
    "age_overstatements": 0,
    "above_joint": 26,
    "below_joint": 158,
    "age_us_median": 209792.5,
    "age_us_p95": 500000.0,
    "oracle_gap_us_median": 0.0,
    "oracle_gap_us_p95": 313468.14999999997
  },
  {
    "blueprint": "vehicle.tesla.model3",
    "method": "ridge",
    "radius_um": 1703981,
    "planned_test_episodes": 60,
    "captured_test_episodes": 59,
    "excluded_episodes": [
      "freshshape_vehicle_tesla_model3_test_013"
    ],
    "bounded_frames": 354,
    "refused_frames": 0,
    "source_queries": 708,
    "age_overstatements": 0,
    "above_joint": 30,
    "below_joint": 154,
    "age_us_median": 271517.5,
    "age_us_p95": 500000.0,
    "oracle_gap_us_median": 0.0,
    "oracle_gap_us_p95": 285058.55
  },
  {
    "blueprint": "vehicle.tesla.model3",
    "method": "quadratic",
    "radius_um": 39983573,
    "planned_test_episodes": 60,
    "captured_test_episodes": 59,
    "excluded_episodes": [
      "freshshape_vehicle_tesla_model3_test_013"
    ],
    "bounded_frames": 354,
    "refused_frames": 0,
    "source_queries": 708,
    "age_overstatements": 1,
    "above_joint": 1,
    "below_joint": 444,
    "age_us_median": 0.0,
    "age_us_p95": 0.0,
    "oracle_gap_us_median": 500000.0,
    "oracle_gap_us_p95": 500000.0
  },
  {
    "blueprint": "vehicle.mercedes.sprinter",
    "method": "bbox",
    "radius_um": 2675803,
    "planned_test_episodes": 60,
    "captured_test_episodes": 56,
    "excluded_episodes": [],
    "bounded_frames": 336,
    "refused_frames": 0,
    "source_queries": 672,
    "age_overstatements": 0,
    "above_joint": 31,
    "below_joint": 152,
    "age_us_median": 0.0,
    "age_us_p95": 500000.0,
    "oracle_gap_us_median": 0.0,
    "oracle_gap_us_p95": 416062.99999999994
  },
  {
    "blueprint": "vehicle.mercedes.sprinter",
    "method": "ridge",
    "radius_um": 1532034,
    "planned_test_episodes": 60,
    "captured_test_episodes": 56,
    "excluded_episodes": [
      "freshshape_vehicle_mercedes_sprinter_test_002",
      "freshshape_vehicle_mercedes_sprinter_test_054"
    ],
    "bounded_frames": 336,
    "refused_frames": 0,
    "source_queries": 672,
    "age_overstatements": 0,
    "above_joint": 53,
    "below_joint": 96,
    "age_us_median": 111751.5,
    "age_us_p95": 500000.0,
    "oracle_gap_us_median": 0.0,
    "oracle_gap_us_p95": 259490.39999999985
  },
  {
    "blueprint": "vehicle.mercedes.sprinter",
    "method": "quadratic",
    "radius_um": 1558082,
    "planned_test_episodes": 60,
    "captured_test_episodes": 56,
    "excluded_episodes": [
      "freshshape_vehicle_mercedes_sprinter_test_002",
      "freshshape_vehicle_mercedes_sprinter_test_054"
    ],
    "bounded_frames": 336,
    "refused_frames": 0,
    "source_queries": 672,
    "age_overstatements": 0,
    "above_joint": 52,
    "below_joint": 97,
    "age_us_median": 122412.5,
    "age_us_p95": 500000.0,
    "oracle_gap_us_median": 0.0,
    "oracle_gap_us_p95": 259171.45
  },
  {
    "blueprint": "vehicle.diamondback.century",
    "method": "bbox",
    "radius_um": 426901,
    "planned_test_episodes": 60,
    "captured_test_episodes": 60,
    "excluded_episodes": [
      "freshshape_vehicle_diamondback_century_test_011",
      "freshshape_vehicle_diamondback_century_test_040",
      "freshshape_vehicle_diamondback_century_test_051"
    ],
    "bounded_frames": 358,
    "refused_frames": 2,
    "source_queries": 716,
    "age_overstatements": 0,
    "above_joint": 171,
    "below_joint": 43,
    "age_us_median": 500000.0,
    "age_us_p95": 500000.0,
    "oracle_gap_us_median": 0.0,
    "oracle_gap_us_p95": 88597.75
  },
  {
    "blueprint": "vehicle.diamondback.century",
    "method": "ridge",
    "radius_um": 437231,
    "planned_test_episodes": 60,
    "captured_test_episodes": 60,
    "excluded_episodes": [
      "freshshape_vehicle_diamondback_century_test_011"
    ],
    "bounded_frames": 358,
    "refused_frames": 2,
    "source_queries": 716,
    "age_overstatements": 0,
    "above_joint": 150,
    "below_joint": 66,
    "age_us_median": 500000.0,
    "age_us_p95": 500000.0,
    "oracle_gap_us_median": 0.0,
    "oracle_gap_us_p95": 86634.5
  },
  {
    "blueprint": "vehicle.diamondback.century",
    "method": "quadratic",
    "radius_um": 3963175,
    "planned_test_episodes": 60,
    "captured_test_episodes": 60,
    "excluded_episodes": [],
    "bounded_frames": 358,
    "refused_frames": 2,
    "source_queries": 716,
    "age_overstatements": 0,
    "above_joint": 0,
    "below_joint": 336,
    "age_us_median": 81914.0,
    "age_us_p95": 500000.0,
    "oracle_gap_us_median": 40541.0,
    "oracle_gap_us_p95": 500000.0
  },
  {
    "blueprint": "vehicle.kawasaki.ninja",
    "method": "bbox",
    "radius_um": 710655,
    "planned_test_episodes": 60,
    "captured_test_episodes": 60,
    "excluded_episodes": [
      "freshshape_vehicle_kawasaki_ninja_test_003",
      "freshshape_vehicle_kawasaki_ninja_test_011",
      "freshshape_vehicle_kawasaki_ninja_test_035",
      "freshshape_vehicle_kawasaki_ninja_test_038"
    ],
    "bounded_frames": 360,
    "refused_frames": 0,
    "source_queries": 720,
    "age_overstatements": 0,
    "above_joint": 43,
    "below_joint": 137,
    "age_us_median": 500000.0,
    "age_us_p95": 500000.0,
    "oracle_gap_us_median": 0.0,
    "oracle_gap_us_p95": 144403.19999999992
  },
  {
    "blueprint": "vehicle.kawasaki.ninja",
    "method": "ridge",
    "radius_um": 459271,
    "planned_test_episodes": 60,
    "captured_test_episodes": 60,
    "excluded_episodes": [
      "freshshape_vehicle_kawasaki_ninja_test_006",
      "freshshape_vehicle_kawasaki_ninja_test_007",
      "freshshape_vehicle_kawasaki_ninja_test_011",
      "freshshape_vehicle_kawasaki_ninja_test_053"
    ],
    "bounded_frames": 360,
    "refused_frames": 0,
    "source_queries": 720,
    "age_overstatements": 0,
    "above_joint": 76,
    "below_joint": 105,
    "age_us_median": 500000.0,
    "age_us_p95": 500000.0,
    "oracle_gap_us_median": 0.0,
    "oracle_gap_us_p95": 91968.4
  },
  {
    "blueprint": "vehicle.kawasaki.ninja",
    "method": "quadratic",
    "radius_um": 632796,
    "planned_test_episodes": 60,
    "captured_test_episodes": 60,
    "excluded_episodes": [
      "freshshape_vehicle_kawasaki_ninja_test_000",
      "freshshape_vehicle_kawasaki_ninja_test_006",
      "freshshape_vehicle_kawasaki_ninja_test_007",
      "freshshape_vehicle_kawasaki_ninja_test_053"
    ],
    "bounded_frames": 360,
    "refused_frames": 0,
    "source_queries": 720,
    "age_overstatements": 1,
    "above_joint": 52,
    "below_joint": 129,
    "age_us_median": 500000.0,
    "age_us_p95": 500000.0,
    "oracle_gap_us_median": 0.0,
    "oracle_gap_us_p95": 122040.34999999996
  },
  {
    "blueprint": "walker.pedestrian.0001",
    "method": "bbox",
    "radius_um": 185018,
    "planned_test_episodes": 60,
    "captured_test_episodes": 46,
    "excluded_episodes": [],
    "bounded_frames": 276,
    "refused_frames": 0,
    "source_queries": 552,
    "age_overstatements": 0,
    "above_joint": 102,
    "below_joint": 35,
    "age_us_median": 500000.0,
    "age_us_p95": 500000.0,
    "oracle_gap_us_median": 0.0,
    "oracle_gap_us_p95": 44200.19999999999
  },
  {
    "blueprint": "walker.pedestrian.0001",
    "method": "ridge",
    "radius_um": 107379,
    "planned_test_episodes": 60,
    "captured_test_episodes": 46,
    "excluded_episodes": [
      "freshshape_walker_pedestrian_0001_test_007",
      "freshshape_walker_pedestrian_0001_test_031"
    ],
    "bounded_frames": 276,
    "refused_frames": 0,
    "source_queries": 552,
    "age_overstatements": 0,
    "above_joint": 139,
    "below_joint": 3,
    "age_us_median": 500000.0,
    "age_us_p95": 500000.0,
    "oracle_gap_us_median": 0.0,
    "oracle_gap_us_p95": 23265.899999999998
  },
  {
    "blueprint": "walker.pedestrian.0001",
    "method": "quadratic",
    "radius_um": 110998,
    "planned_test_episodes": 60,
    "captured_test_episodes": 46,
    "excluded_episodes": [
      "freshshape_walker_pedestrian_0001_test_007"
    ],
    "bounded_frames": 276,
    "refused_frames": 0,
    "source_queries": 552,
    "age_overstatements": 0,
    "above_joint": 138,
    "below_joint": 4,
    "age_us_median": 500000.0,
    "age_us_p95": 500000.0,
    "oracle_gap_us_median": 0.0,
    "oracle_gap_us_p95": 23688.79999999999
  }
]
FINITE_STATE_BASELINES_COMPLETE
