checked vehicle.audi.a2 0 0
checked vehicle.audi.a2 1 0
checked vehicle.audi.a2 0 5000
checked vehicle.audi.a2 1 5000
checked vehicle.audi.a2 0 50000
checked vehicle.audi.a2 1 50000
checked vehicle.diamondback.century 0 0
checked vehicle.diamondback.century 1 0
checked vehicle.diamondback.century 0 5000
checked vehicle.diamondback.century 1 5000
checked vehicle.diamondback.century 0 50000
checked vehicle.diamondback.century 1 50000
checked vehicle.kawasaki.ninja 0 0
checked vehicle.kawasaki.ninja 1 0
checked vehicle.kawasaki.ninja 0 5000
checked vehicle.kawasaki.ninja 1 5000
checked vehicle.kawasaki.ninja 0 50000
checked vehicle.kawasaki.ninja 1 50000
checked vehicle.mercedes.sprinter 0 0
checked vehicle.mercedes.sprinter 1 0
checked vehicle.mercedes.sprinter 0 5000
checked vehicle.mercedes.sprinter 1 5000
checked vehicle.mercedes.sprinter 0 50000
checked vehicle.mercedes.sprinter 1 50000
checked vehicle.tesla.model3 0 0
checked vehicle.tesla.model3 1 0
checked vehicle.tesla.model3 0 5000
checked vehicle.tesla.model3 1 5000
checked vehicle.tesla.model3 0 50000
checked vehicle.tesla.model3 1 50000
checked walker.pedestrian.0001 0 0
checked walker.pedestrian.0001 1 0
checked walker.pedestrian.0001 0 5000
checked walker.pedestrian.0001 1 5000
checked walker.pedestrian.0001 0 50000
checked walker.pedestrian.0001 1 50000
