witness vehicle.audi.a2 0 0 0.0 0 500000
witness vehicle.audi.a2 0 0 0.001 0 500000
witness vehicle.audi.a2 0 0 0.01 0 500000
witness vehicle.audi.a2 0 1 0.0 0 500000
witness vehicle.audi.a2 0 1 0.001 0 500000
witness vehicle.audi.a2 0 1 0.01 0 500000
witness vehicle.audi.a2 5000 0 0.0 0 500000
witness vehicle.audi.a2 5000 0 0.001 0 500000
witness vehicle.audi.a2 5000 0 0.01 0 500000
witness vehicle.audi.a2 5000 1 0.0 0 500000
witness vehicle.audi.a2 5000 1 0.001 0 500000
witness vehicle.audi.a2 5000 1 0.01 0 500000
witness vehicle.audi.a2 50000 0 0.0 0 500000
witness vehicle.audi.a2 50000 0 0.001 0 500000
witness vehicle.audi.a2 50000 0 0.01 0 500000
witness vehicle.audi.a2 50000 1 0.0 0 500000
witness vehicle.audi.a2 50000 1 0.001 0 500000
witness vehicle.audi.a2 50000 1 0.01 0 500000
witness vehicle.diamondback.century 0 0 0.0 0 500000
witness vehicle.diamondback.century 0 0 0.001 0 500000
witness vehicle.diamondback.century 0 0 0.01 0 500000
witness vehicle.diamondback.century 0 1 0.0 0 500000
witness vehicle.diamondback.century 0 1 0.001 0 500000
witness vehicle.diamondback.century 0 1 0.01 0 500000
witness vehicle.diamondback.century 5000 0 0.0 0 500000
witness vehicle.diamondback.century 5000 0 0.001 0 500000
witness vehicle.diamondback.century 5000 0 0.01 0 500000
witness vehicle.diamondback.century 5000 1 0.0 0 500000
witness vehicle.diamondback.century 5000 1 0.001 0 500000
witness vehicle.diamondback.century 5000 1 0.01 0 500000
witness vehicle.diamondback.century 50000 0 0.0 0 500000
witness vehicle.diamondback.century 50000 0 0.001 0 500000
witness vehicle.diamondback.century 50000 0 0.01 0 500000
witness vehicle.diamondback.century 50000 1 0.0 0 500000
witness vehicle.diamondback.century 50000 1 0.001 0 500000
witness vehicle.diamondback.century 50000 1 0.01 0 500000
witness vehicle.kawasaki.ninja 0 0 0.0 0 500000
witness vehicle.kawasaki.ninja 0 0 0.001 0 500000
witness vehicle.kawasaki.ninja 0 0 0.01 0 500000
witness vehicle.kawasaki.ninja 0 1 0.0 0 500000
witness vehicle.kawasaki.ninja 0 1 0.001 0 500000
witness vehicle.kawasaki.ninja 0 1 0.01 0 500000
witness vehicle.kawasaki.ninja 5000 0 0.0 0 500000
witness vehicle.kawasaki.ninja 5000 0 0.001 0 500000
witness vehicle.kawasaki.ninja 5000 0 0.01 0 500000
witness vehicle.kawasaki.ninja 5000 1 0.0 0 500000
witness vehicle.kawasaki.ninja 5000 1 0.001 0 500000
witness vehicle.kawasaki.ninja 5000 1 0.01 0 500000
witness vehicle.kawasaki.ninja 50000 0 0.0 0 500000
witness vehicle.kawasaki.ninja 50000 0 0.001 0 500000
witness vehicle.kawasaki.ninja 50000 0 0.01 0 500000
witness vehicle.kawasaki.ninja 50000 1 0.0 0 500000
witness vehicle.kawasaki.ninja 50000 1 0.001 0 500000
witness vehicle.kawasaki.ninja 50000 1 0.01 0 500000
witness vehicle.mercedes.sprinter 0 0 0.0 0 340649
witness vehicle.mercedes.sprinter 0 0 0.001 0 340649
witness vehicle.mercedes.sprinter 0 0 0.01 0 340649
witness vehicle.mercedes.sprinter 0 1 0.0 0 340649
witness vehicle.mercedes.sprinter 0 1 0.001 0 340649
witness vehicle.mercedes.sprinter 0 1 0.01 0 340649
witness vehicle.mercedes.sprinter 5000 0 0.0 0 340649
witness vehicle.mercedes.sprinter 5000 0 0.001 0 340649
witness vehicle.mercedes.sprinter 5000 0 0.01 0 340649
witness vehicle.mercedes.sprinter 5000 1 0.0 0 340649
witness vehicle.mercedes.sprinter 5000 1 0.001 0 340649
witness vehicle.mercedes.sprinter 5000 1 0.01 0 340649
witness vehicle.mercedes.sprinter 50000 0 0.0 0 340649
witness vehicle.mercedes.sprinter 50000 0 0.001 0 340649
witness vehicle.mercedes.sprinter 50000 0 0.01 0 340649
witness vehicle.mercedes.sprinter 50000 1 0.0 0 340649
witness vehicle.mercedes.sprinter 50000 1 0.001 0 340649
witness vehicle.mercedes.sprinter 50000 1 0.01 0 340649
witness vehicle.tesla.model3 0 0 0.0 0 444367
witness vehicle.tesla.model3 0 0 0.001 0 444367
witness vehicle.tesla.model3 0 0 0.01 0 444367
witness vehicle.tesla.model3 0 1 0.0 0 444367
witness vehicle.tesla.model3 0 1 0.001 0 444367
witness vehicle.tesla.model3 0 1 0.01 0 444367
witness vehicle.tesla.model3 5000 0 0.0 0 444367
witness vehicle.tesla.model3 5000 0 0.001 0 444367
witness vehicle.tesla.model3 5000 0 0.01 0 444367
witness vehicle.tesla.model3 5000 1 0.0 0 444367
witness vehicle.tesla.model3 5000 1 0.001 0 444367
witness vehicle.tesla.model3 5000 1 0.01 0 444367
witness vehicle.tesla.model3 50000 0 0.0 0 444367
witness vehicle.tesla.model3 50000 0 0.001 0 444367
witness vehicle.tesla.model3 50000 0 0.01 0 444367
witness vehicle.tesla.model3 50000 1 0.0 0 444367
witness vehicle.tesla.model3 50000 1 0.001 0 444367
witness vehicle.tesla.model3 50000 1 0.01 0 444367
witness walker.pedestrian.0001 0 0 0.0 0 500000
witness walker.pedestrian.0001 0 0 0.001 0 500000
witness walker.pedestrian.0001 0 0 0.01 0 500000
witness walker.pedestrian.0001 0 1 0.0 0 500000
witness walker.pedestrian.0001 0 1 0.001 0 500000
witness walker.pedestrian.0001 0 1 0.01 0 500000
witness walker.pedestrian.0001 5000 0 0.0 0 500000
witness walker.pedestrian.0001 5000 0 0.001 0 500000
witness walker.pedestrian.0001 5000 0 0.01 0 500000
witness walker.pedestrian.0001 5000 1 0.0 0 500000
witness walker.pedestrian.0001 5000 1 0.001 0 500000
witness walker.pedestrian.0001 5000 1 0.01 0 500000
witness walker.pedestrian.0001 50000 0 0.0 0 500000
witness walker.pedestrian.0001 50000 0 0.001 0 500000
witness walker.pedestrian.0001 50000 0 0.01 0 500000
witness walker.pedestrian.0001 50000 1 0.0 0 500000
witness walker.pedestrian.0001 50000 1 0.001 0 500000
witness walker.pedestrian.0001 50000 1 0.01 0 500000
