timed vehicle_audi_a2_calibration_00_v0 [0, 0]
timed vehicle_audi_a2_calibration_00_v1 [203028, 0]
timed vehicle_audi_a2_calibration_01_v0 [0, 0]
timed vehicle_audi_a2_calibration_01_v1 [222017, 0]
timed vehicle_audi_a2_calibration_02_v0 [0, 0]
timed vehicle_audi_a2_calibration_02_v1 [213938, 0]
timed vehicle_audi_a2_calibration_03_v0 [0, 213592]
timed vehicle_audi_a2_calibration_03_v1 [0, 215297]
timed vehicle_audi_a2_calibration_04_v0 [0, 215826]
timed vehicle_audi_a2_calibration_04_v1 [59225, 213392]
timed vehicle_audi_a2_calibration_05_v0 [0, 0]
timed vehicle_audi_a2_calibration_05_v1 [214340, 0]
timed vehicle_audi_a2_calibration_06_v0 [0, 0]
timed vehicle_audi_a2_calibration_06_v1 [207761, 0]
timed vehicle_audi_a2_calibration_07_v0 [0, 0]
timed vehicle_audi_a2_calibration_07_v1 [210162, 0]
timed vehicle_audi_a2_calibration_08_v0 [0, 220327]
timed vehicle_audi_a2_calibration_08_v1 [0, 214785]
timed vehicle_audi_a2_calibration_09_v0 [0, 220969]
timed vehicle_audi_a2_calibration_09_v1 [0, 215834]
timed vehicle_audi_a2_calibration_10_v0 [0, 216466]
timed vehicle_audi_a2_calibration_10_v1 [0, 207150]
timed vehicle_audi_a2_calibration_11_v0 [0, 0]
timed vehicle_audi_a2_calibration_11_v1 [211716, 0]
timed vehicle_audi_a2_calibration_12_v0 [0, 215132]
timed vehicle_audi_a2_calibration_12_v1 [0, 213596]
timed vehicle_audi_a2_calibration_13_v0 [0, 216442]
timed vehicle_audi_a2_calibration_13_v1 [0, 210487]
timed vehicle_audi_a2_calibration_14_v0 [0, 214342]
timed vehicle_audi_a2_calibration_14_v1 [0, 219799]
timed vehicle_audi_a2_calibration_15_v0 [0, 197259]
timed vehicle_audi_a2_calibration_15_v1 [0, 208215]
timed vehicle_audi_a2_calibration_16_v0 [0, 0]
timed vehicle_audi_a2_calibration_16_v1 [214958, 0]
timed vehicle_audi_a2_calibration_17_v0 [0, 222511]
timed vehicle_audi_a2_calibration_17_v1 [0, 210510]
timed vehicle_audi_a2_calibration_18_v0 [0, 204838]
timed vehicle_audi_a2_calibration_18_v1 [0, 211749]
timed vehicle_audi_a2_calibration_19_v0 [0, 7047]
timed vehicle_audi_a2_calibration_19_v1 [200200, 0]
timed vehicle_audi_a2_calibration_20_v0 [0, 212925]
timed vehicle_audi_a2_calibration_20_v1 [0, 216837]
timed vehicle_audi_a2_calibration_21_v0 [0, 0]
timed vehicle_audi_a2_calibration_21_v1 [211550, 0]
timed vehicle_audi_a2_calibration_22_v0 [0, 136048]
timed vehicle_audi_a2_calibration_22_v1 [221417, 221417]
timed vehicle_audi_a2_calibration_23_v0 [0, 0]
timed vehicle_audi_a2_calibration_23_v1 [217422, 0]
timed vehicle_audi_a2_calibration_24_v0 [0, 215470]
timed vehicle_audi_a2_calibration_24_v1 [0, 215645]
timed vehicle_audi_a2_calibration_25_v0 [0, 210520]
timed vehicle_audi_a2_calibration_25_v1 [91139, 204002]
timed vehicle_audi_a2_calibration_26_v0 [0, 216634]
timed vehicle_audi_a2_calibration_26_v1 [0, 215926]
timed vehicle_audi_a2_calibration_27_v0 [0, 0]
timed vehicle_audi_a2_calibration_27_v1 [221713, 0]
timed vehicle_audi_a2_calibration_28_v0 [0, 0]
timed vehicle_audi_a2_calibration_28_v1 [210831, 0]
timed vehicle_audi_a2_calibration_29_v0 [0, 217896]
timed vehicle_audi_a2_calibration_29_v1 [0, 211701]
timed vehicle_audi_a2_calibration_30_v0 [0, 220395]
timed vehicle_audi_a2_calibration_30_v1 [0, 212804]
timed vehicle_audi_a2_calibration_31_v0 [0, 0]
timed vehicle_audi_a2_calibration_31_v1 [221293, 0]
timed vehicle_audi_a2_calibration_32_v0 [0, 215584]
timed vehicle_audi_a2_calibration_32_v1 [54635, 220349]
timed vehicle_audi_a2_calibration_33_v0 [0, 214013]
timed vehicle_audi_a2_calibration_33_v1 [0, 209053]
timed vehicle_audi_a2_calibration_34_v0 [0, 216669]
timed vehicle_audi_a2_calibration_34_v1 [11986, 211755]
timed vehicle_audi_a2_calibration_35_v0 [0, 0]
timed vehicle_audi_a2_calibration_35_v1 [215078, 0]
timed vehicle_audi_a2_calibration_36_v0 [0, 0]
timed vehicle_audi_a2_calibration_36_v1 [208974, 0]
timed vehicle_audi_a2_calibration_37_v0 [0, 214429]
timed vehicle_audi_a2_calibration_37_v1 [0, 211834]
timed vehicle_audi_a2_calibration_38_v0 [0, 0]
timed vehicle_audi_a2_calibration_38_v1 [213156, 0]
timed vehicle_audi_a2_test_00_v0 [0, 0]
timed vehicle_audi_a2_test_00_v1 [208409, 0]
timed vehicle_audi_a2_test_01_v0 [0, 0]
timed vehicle_audi_a2_test_01_v1 [211714, 0]
timed vehicle_audi_a2_test_02_v0 [0, 0]
timed vehicle_audi_a2_test_02_v1 [204476, 0]
timed vehicle_audi_a2_test_03_v0 [0, 0]
timed vehicle_audi_a2_test_03_v1 [213465, 0]
timed vehicle_audi_a2_test_04_v0 [0, 217290]
timed vehicle_audi_a2_test_04_v1 [0, 213689]
timed vehicle_audi_a2_test_05_v0 [0, 217159]
timed vehicle_audi_a2_test_05_v1 [0, 210637]
timed vehicle_audi_a2_test_06_v0 [0, 220904]
timed vehicle_audi_a2_test_06_v1 [0, 213818]
timed vehicle_audi_a2_test_07_v0 [0, 215395]
timed vehicle_audi_a2_test_07_v1 [0, 214951]
timed vehicle_audi_a2_test_09_v0 [0, 196200]
timed vehicle_audi_a2_test_09_v1 [107562, 199328]
timed vehicle_audi_a2_test_10_v0 [0, 0]
timed vehicle_audi_a2_test_10_v1 [201625, 0]
timed vehicle_audi_a2_test_11_v0 [0, 209543]
timed vehicle_audi_a2_test_11_v1 [0, 210404]
timed vehicle_audi_a2_test_12_v0 [0, 67145]
timed vehicle_audi_a2_test_12_v1 [213450, 0]
timed vehicle_audi_a2_test_13_v0 [0, 213486]
timed vehicle_audi_a2_test_13_v1 [0, 222372]
timed vehicle_audi_a2_test_14_v0 [0, 132176]
timed vehicle_audi_a2_test_14_v1 [128337, 131422]
timed vehicle_audi_a2_test_15_v0 [0, 0]
timed vehicle_audi_a2_test_15_v1 [215113, 0]
timed vehicle_audi_a2_test_16_v0 [0, 0]
timed vehicle_audi_a2_test_16_v1 [209553, 0]
timed vehicle_audi_a2_test_17_v0 [0, 0]
timed vehicle_audi_a2_test_17_v1 [0, 0]
timed vehicle_audi_a2_test_18_v0 [0, 216438]
timed vehicle_audi_a2_test_18_v1 [0, 217743]
timed vehicle_audi_a2_test_19_v0 [0, 0]
timed vehicle_audi_a2_test_19_v1 [212472, 0]
timed vehicle_audi_a2_test_20_v0 [0, 0]
timed vehicle_audi_a2_test_20_v1 [218499, 0]
timed vehicle_audi_a2_test_21_v0 [0, 221179]
timed vehicle_audi_a2_test_21_v1 [0, 222016]
timed vehicle_audi_a2_test_22_v0 [0, 0]
timed vehicle_audi_a2_test_22_v1 [216757, 0]
timed vehicle_audi_a2_test_23_v0 [0, 215074]
timed vehicle_audi_a2_test_23_v1 [0, 210601]
timed vehicle_audi_a2_test_24_v0 [0, 214957]
timed vehicle_audi_a2_test_24_v1 [213489, 213489]
timed vehicle_audi_a2_test_25_v0 [0, 130632]
timed vehicle_audi_a2_test_25_v1 [3280, 128748]
timed vehicle_audi_a2_test_26_v0 [0, 0]
timed vehicle_audi_a2_test_26_v1 [219975, 0]
timed vehicle_audi_a2_test_27_v0 [0, 0]
timed vehicle_audi_a2_test_27_v1 [213696, 0]
timed vehicle_audi_a2_test_28_v0 [0, 0]
timed vehicle_audi_a2_test_28_v1 [217043, 0]
timed vehicle_audi_a2_test_29_v0 [0, 218583]
timed vehicle_audi_a2_test_29_v1 [0, 221385]
timed vehicle_audi_a2_test_31_v0 [0, 216658]
timed vehicle_audi_a2_test_31_v1 [0, 212552]
timed vehicle_audi_a2_test_32_v0 [0, 217074]
timed vehicle_audi_a2_test_32_v1 [0, 221046]
timed vehicle_audi_a2_test_33_v0 [0, 0]
timed vehicle_audi_a2_test_33_v1 [216153, 0]
timed vehicle_audi_a2_test_34_v0 [0, 0]
timed vehicle_audi_a2_test_34_v1 [217237, 0]
timed vehicle_audi_a2_test_35_v0 [0, 32122]
timed vehicle_audi_a2_test_35_v1 [171891, 41248]
timed vehicle_audi_a2_test_36_v0 [0, 0]
timed vehicle_audi_a2_test_36_v1 [220492, 0]
timed vehicle_audi_a2_test_37_v0 [0, 0]
timed vehicle_audi_a2_test_37_v1 [220972, 0]
timed vehicle_audi_a2_test_38_v0 [0, 0]
timed vehicle_audi_a2_test_38_v1 [210962, 0]
timed vehicle_audi_a2_test_39_v0 [0, 0]
timed vehicle_audi_a2_test_39_v1 [204144, 0]
timed vehicle_audi_a2_test_40_v0 [0, 221282]
timed vehicle_audi_a2_test_40_v1 [0, 213723]
timed vehicle_audi_a2_test_41_v0 [0, 217851]
timed vehicle_audi_a2_test_41_v1 [0, 206569]
timed vehicle_audi_a2_test_42_v0 [0, 214020]
timed vehicle_audi_a2_test_42_v1 [0, 218820]
timed vehicle_audi_a2_test_43_v0 [0, 213353]
timed vehicle_audi_a2_test_43_v1 [0, 209036]
timed vehicle_audi_a2_test_44_v0 [0, 218177]
timed vehicle_audi_a2_test_44_v1 [0, 206139]
timed vehicle_audi_a2_test_45_v0 [0, 20421]
timed vehicle_audi_a2_test_45_v1 [207356, 0]
timed vehicle_audi_a2_test_46_v0 [0, 0]
timed vehicle_audi_a2_test_46_v1 [215132, 0]
timed vehicle_audi_a2_test_47_v0 [0, 213876]
timed vehicle_audi_a2_test_47_v1 [0, 208139]
timed vehicle_audi_a2_test_48_v0 [0, 218021]
timed vehicle_audi_a2_test_48_v1 [0, 208816]
timed vehicle_audi_a2_test_49_v0 [0, 0]
timed vehicle_audi_a2_test_49_v1 [212509, 0]
timed vehicle_audi_a2_test_50_v0 [0, 0]
timed vehicle_audi_a2_test_50_v1 [220065, 0]
timed vehicle_audi_a2_test_51_v0 [0, 125320]
timed vehicle_audi_a2_test_51_v1 [75117, 107233]
timed vehicle_audi_a2_test_52_v0 [0, 0]
timed vehicle_audi_a2_test_52_v1 [213130, 0]
timed vehicle_audi_a2_test_54_v0 [0, 0]
timed vehicle_audi_a2_test_54_v1 [212459, 0]
timed vehicle_audi_a2_test_55_v0 [0, 0]
timed vehicle_audi_a2_test_55_v1 [210077, 0]
timed vehicle_audi_a2_test_56_v0 [0, 0]
timed vehicle_audi_a2_test_56_v1 [200950, 0]
timed vehicle_audi_a2_test_57_v0 [0, 210852]
timed vehicle_audi_a2_test_57_v1 [0, 217118]
timed vehicle_audi_a2_test_58_v0 [0, 0]
timed vehicle_audi_a2_test_58_v1 [218379, 0]
timed vehicle_audi_a2_test_59_v0 [0, 0]
timed vehicle_audi_a2_test_59_v1 [204157, 0]
timed vehicle_tesla_model3_calibration_00_v0 [0, 0]
timed vehicle_tesla_model3_calibration_00_v1 [0, 7506]
timed vehicle_tesla_model3_calibration_01_v0 [0, 220275]
timed vehicle_tesla_model3_calibration_01_v1 [0, 209945]
timed vehicle_tesla_model3_calibration_02_v0 [0, 209253]
timed vehicle_tesla_model3_calibration_02_v1 [0, 204661]
timed vehicle_tesla_model3_calibration_03_v0 [0, 0]
timed vehicle_tesla_model3_calibration_03_v1 [220832, 0]
timed vehicle_tesla_model3_calibration_04_v0 [0, 202355]
timed vehicle_tesla_model3_calibration_04_v1 [0, 212345]
timed vehicle_tesla_model3_calibration_05_v0 [0, 26663]
timed vehicle_tesla_model3_calibration_05_v1 [71876, 7630]
timed vehicle_tesla_model3_calibration_06_v0 [0, 59141]
timed vehicle_tesla_model3_calibration_06_v1 [74383, 0]
timed vehicle_tesla_model3_calibration_07_v0 [0, 0]
timed vehicle_tesla_model3_calibration_07_v1 [216811, 0]
timed vehicle_tesla_model3_calibration_08_v0 [0, 213939]
timed vehicle_tesla_model3_calibration_08_v1 [0, 212120]
timed vehicle_tesla_model3_calibration_09_v0 [0, 208878]
timed vehicle_tesla_model3_calibration_09_v1 [0, 215938]
timed vehicle_tesla_model3_calibration_10_v0 [0, 0]
timed vehicle_tesla_model3_calibration_10_v1 [86750, 0]
timed vehicle_tesla_model3_calibration_11_v0 [0, 0]
timed vehicle_tesla_model3_calibration_11_v1 [90515, 0]
timed vehicle_tesla_model3_calibration_12_v0 [0, 215320]
timed vehicle_tesla_model3_calibration_12_v1 [0, 216034]
timed vehicle_tesla_model3_calibration_13_v0 [0, 212585]
timed vehicle_tesla_model3_calibration_13_v1 [0, 214023]
timed vehicle_tesla_model3_calibration_14_v0 [0, 0]
timed vehicle_tesla_model3_calibration_14_v1 [149165, 0]
timed vehicle_tesla_model3_calibration_15_v0 [0, 219104]
timed vehicle_tesla_model3_calibration_15_v1 [0, 211044]
timed vehicle_tesla_model3_calibration_16_v0 [0, 0]
timed vehicle_tesla_model3_calibration_16_v1 [215613, 0]
timed vehicle_tesla_model3_calibration_17_v0 [0, 0]
timed vehicle_tesla_model3_calibration_17_v1 [211489, 0]
timed vehicle_tesla_model3_calibration_18_v0 [0, 0]
timed vehicle_tesla_model3_calibration_18_v1 [214211, 0]
timed vehicle_tesla_model3_calibration_19_v0 [0, 0]
timed vehicle_tesla_model3_calibration_19_v1 [208857, 0]
timed vehicle_tesla_model3_calibration_20_v0 [0, 211870]
timed vehicle_tesla_model3_calibration_20_v1 [0, 211610]
timed vehicle_tesla_model3_calibration_21_v0 [0, 0]
timed vehicle_tesla_model3_calibration_21_v1 [215911, 0]
timed vehicle_tesla_model3_calibration_22_v0 [0, 205914]
timed vehicle_tesla_model3_calibration_22_v1 [0, 214930]
timed vehicle_tesla_model3_calibration_23_v0 [0, 208580]
timed vehicle_tesla_model3_calibration_23_v1 [0, 204917]
timed vehicle_tesla_model3_calibration_24_v0 [0, 0]
timed vehicle_tesla_model3_calibration_24_v1 [215554, 0]
timed vehicle_tesla_model3_calibration_25_v0 [0, 0]
timed vehicle_tesla_model3_calibration_25_v1 [218122, 0]
timed vehicle_tesla_model3_calibration_26_v0 [0, 0]
timed vehicle_tesla_model3_calibration_26_v1 [212521, 0]
timed vehicle_tesla_model3_calibration_27_v0 [0, 0]
timed vehicle_tesla_model3_calibration_27_v1 [216561, 0]
timed vehicle_tesla_model3_calibration_28_v0 [0, 0]
timed vehicle_tesla_model3_calibration_28_v1 [211808, 0]
timed vehicle_tesla_model3_calibration_29_v0 [0, 14720]
timed vehicle_tesla_model3_calibration_29_v1 [0, 7680]
timed vehicle_tesla_model3_calibration_30_v0 [0, 212170]
timed vehicle_tesla_model3_calibration_30_v1 [0, 215195]
timed vehicle_tesla_model3_calibration_31_v0 [0, 213081]
timed vehicle_tesla_model3_calibration_31_v1 [0, 220361]
timed vehicle_tesla_model3_calibration_32_v0 [0, 0]
timed vehicle_tesla_model3_calibration_32_v1 [213472, 0]
timed vehicle_tesla_model3_calibration_33_v0 [0, 0]
timed vehicle_tesla_model3_calibration_33_v1 [216246, 0]
timed vehicle_tesla_model3_calibration_34_v0 [0, 212116]
timed vehicle_tesla_model3_calibration_34_v1 [0, 205691]
timed vehicle_tesla_model3_calibration_35_v0 [0, 213689]
timed vehicle_tesla_model3_calibration_35_v1 [0, 212634]
timed vehicle_tesla_model3_calibration_36_v0 [0, 0]
timed vehicle_tesla_model3_calibration_36_v1 [219268, 0]
timed vehicle_tesla_model3_calibration_37_v0 [0, 0]
timed vehicle_tesla_model3_calibration_37_v1 [210075, 0]
timed vehicle_tesla_model3_calibration_38_v0 [0, 0]
timed vehicle_tesla_model3_calibration_38_v1 [74157, 0]
timed vehicle_tesla_model3_test_00_v0 [0, 220556]
timed vehicle_tesla_model3_test_00_v1 [0, 208941]
timed vehicle_tesla_model3_test_01_v0 [0, 0]
timed vehicle_tesla_model3_test_01_v1 [8440, 0]
timed vehicle_tesla_model3_test_02_v0 [0, 0]
timed vehicle_tesla_model3_test_02_v1 [217648, 0]
timed vehicle_tesla_model3_test_03_v0 [0, 0]
timed vehicle_tesla_model3_test_03_v1 [216352, 0]
timed vehicle_tesla_model3_test_04_v0 [0, 185642]
timed vehicle_tesla_model3_test_04_v1 [86775, 200260]
timed vehicle_tesla_model3_test_05_v0 [0, 215177]
timed vehicle_tesla_model3_test_05_v1 [0, 215479]
timed vehicle_tesla_model3_test_06_v0 [0, 0]
timed vehicle_tesla_model3_test_06_v1 [220703, 0]
timed vehicle_tesla_model3_test_07_v0 [0, 215755]
timed vehicle_tesla_model3_test_07_v1 [0, 219068]
timed vehicle_tesla_model3_test_08_v0 [0, 0]
timed vehicle_tesla_model3_test_08_v1 [215729, 0]
timed vehicle_tesla_model3_test_09_v0 [0, 212227]
timed vehicle_tesla_model3_test_09_v1 [0, 207104]
timed vehicle_tesla_model3_test_10_v0 [0, 0]
timed vehicle_tesla_model3_test_10_v1 [201563, 0]
timed vehicle_tesla_model3_test_11_v0 [0, 0]
timed vehicle_tesla_model3_test_11_v1 [210729, 0]
timed vehicle_tesla_model3_test_12_v0 [0, 0]
timed vehicle_tesla_model3_test_12_v1 [207745, 0]
timed vehicle_tesla_model3_test_13_v0 [0, 216318]
timed vehicle_tesla_model3_test_13_v1 [0, 206001]
timed vehicle_tesla_model3_test_14_v0 [0, 214063]
timed vehicle_tesla_model3_test_14_v1 [0, 206555]
timed vehicle_tesla_model3_test_15_v0 [0, 0]
timed vehicle_tesla_model3_test_15_v1 [214074, 0]
timed vehicle_tesla_model3_test_16_v0 [0, 0]
timed vehicle_tesla_model3_test_16_v1 [211420, 0]
timed vehicle_tesla_model3_test_17_v0 [0, 214995]
timed vehicle_tesla_model3_test_17_v1 [37878, 201676]
timed vehicle_tesla_model3_test_18_v0 [0, 210633]
timed vehicle_tesla_model3_test_18_v1 [0, 220580]
timed vehicle_tesla_model3_test_19_v0 [0, 0]
timed vehicle_tesla_model3_test_19_v1 [212451, 0]
timed vehicle_tesla_model3_test_20_v0 [0, 0]
timed vehicle_tesla_model3_test_20_v1 [207231, 0]
timed vehicle_tesla_model3_test_21_v0 [0, 216354]
timed vehicle_tesla_model3_test_21_v1 [0, 217253]
timed vehicle_tesla_model3_test_22_v0 [0, 173398]
timed vehicle_tesla_model3_test_22_v1 [0, 0]
timed vehicle_tesla_model3_test_23_v0 [0, 219751]
timed vehicle_tesla_model3_test_23_v1 [0, 217842]
timed vehicle_tesla_model3_test_24_v0 [0, 0]
timed vehicle_tesla_model3_test_24_v1 [215049, 0]
timed vehicle_tesla_model3_test_25_v0 [0, 0]
timed vehicle_tesla_model3_test_25_v1 [214033, 0]
timed vehicle_tesla_model3_test_26_v0 [0, 219715]
timed vehicle_tesla_model3_test_26_v1 [0, 210995]
timed vehicle_tesla_model3_test_27_v0 [0, 0]
timed vehicle_tesla_model3_test_27_v1 [147251, 0]
timed vehicle_tesla_model3_test_28_v0 [0, 0]
timed vehicle_tesla_model3_test_28_v1 [214541, 0]
timed vehicle_tesla_model3_test_29_v0 [0, 0]
timed vehicle_tesla_model3_test_29_v1 [197360, 0]
timed vehicle_tesla_model3_test_30_v0 [0, 216472]
timed vehicle_tesla_model3_test_30_v1 [0, 214146]
timed vehicle_tesla_model3_test_31_v0 [0, 0]
timed vehicle_tesla_model3_test_31_v1 [101704, 10245]
timed vehicle_tesla_model3_test_32_v0 [0, 0]
timed vehicle_tesla_model3_test_32_v1 [213617, 0]
timed vehicle_tesla_model3_test_33_v0 [0, 222583]
timed vehicle_tesla_model3_test_33_v1 [0, 215057]
timed vehicle_tesla_model3_test_36_v0 [0, 0]
timed vehicle_tesla_model3_test_36_v1 [214470, 0]
timed vehicle_tesla_model3_test_37_v0 [0, 221587]
timed vehicle_tesla_model3_test_37_v1 [0, 204740]
timed vehicle_tesla_model3_test_39_v0 [0, 0]
timed vehicle_tesla_model3_test_39_v1 [0, 0]
timed vehicle_tesla_model3_test_40_v0 [0, 0]
timed vehicle_tesla_model3_test_40_v1 [222719, 0]
timed vehicle_tesla_model3_test_41_v0 [0, 0]
timed vehicle_tesla_model3_test_41_v1 [217472, 0]
timed vehicle_tesla_model3_test_42_v0 [0, 0]
timed vehicle_tesla_model3_test_42_v1 [214269, 0]
timed vehicle_tesla_model3_test_43_v0 [0, 216291]
timed vehicle_tesla_model3_test_43_v1 [0, 204666]
timed vehicle_tesla_model3_test_44_v0 [0, 164952]
timed vehicle_tesla_model3_test_44_v1 [0, 177105]
timed vehicle_tesla_model3_test_45_v0 [0, 0]
timed vehicle_tesla_model3_test_45_v1 [0, 0]
timed vehicle_tesla_model3_test_46_v0 [0, 211393]
timed vehicle_tesla_model3_test_46_v1 [0, 215214]
timed vehicle_tesla_model3_test_47_v0 [0, 211560]
timed vehicle_tesla_model3_test_47_v1 [0, 216221]
timed vehicle_tesla_model3_test_48_v0 [0, 217525]
timed vehicle_tesla_model3_test_48_v1 [0, 211871]
timed vehicle_tesla_model3_test_49_v0 [0, 218459]
timed vehicle_tesla_model3_test_49_v1 [0, 210866]
timed vehicle_tesla_model3_test_50_v0 [0, 0]
timed vehicle_tesla_model3_test_50_v1 [125199, 0]
timed vehicle_tesla_model3_test_51_v0 [0, 0]
timed vehicle_tesla_model3_test_51_v1 [209725, 0]
timed vehicle_tesla_model3_test_52_v0 [0, 0]
timed vehicle_tesla_model3_test_52_v1 [213027, 0]
timed vehicle_tesla_model3_test_53_v0 [0, 0]
timed vehicle_tesla_model3_test_53_v1 [123136, 0]
timed vehicle_tesla_model3_test_54_v0 [0, 210802]
timed vehicle_tesla_model3_test_54_v1 [0, 218463]
timed vehicle_tesla_model3_test_55_v0 [0, 215660]
timed vehicle_tesla_model3_test_55_v1 [0, 208601]
timed vehicle_tesla_model3_test_56_v0 [0, 221503]
timed vehicle_tesla_model3_test_56_v1 [0, 200448]
timed vehicle_tesla_model3_test_57_v0 [0, 0]
timed vehicle_tesla_model3_test_57_v1 [167376, 0]
timed vehicle_tesla_model3_test_58_v0 [0, 0]
timed vehicle_tesla_model3_test_58_v1 [217734, 0]
timed vehicle_tesla_model3_test_59_v0 [0, 0]
timed vehicle_tesla_model3_test_59_v1 [200124, 0]
timed vehicle_mercedes_sprinter_calibration_00_v0 [0, 217148]
timed vehicle_mercedes_sprinter_calibration_00_v1 [0, 210678]
timed vehicle_mercedes_sprinter_calibration_01_v0 [0, 213148]
timed vehicle_mercedes_sprinter_calibration_01_v1 [0, 216937]
timed vehicle_mercedes_sprinter_calibration_03_v0 [0, 0]
timed vehicle_mercedes_sprinter_calibration_03_v1 [75523, 0]
timed vehicle_mercedes_sprinter_calibration_04_v0 [0, 215139]
timed vehicle_mercedes_sprinter_calibration_04_v1 [0, 220818]
timed vehicle_mercedes_sprinter_calibration_05_v0 [0, 0]
timed vehicle_mercedes_sprinter_calibration_05_v1 [79598, 0]
timed vehicle_mercedes_sprinter_calibration_06_v0 [0, 216604]
timed vehicle_mercedes_sprinter_calibration_06_v1 [0, 216794]
timed vehicle_mercedes_sprinter_calibration_07_v0 [0, 211549]
timed vehicle_mercedes_sprinter_calibration_07_v1 [0, 215008]
timed vehicle_mercedes_sprinter_calibration_08_v0 [0, 0]
timed vehicle_mercedes_sprinter_calibration_08_v1 [77014, 0]
timed vehicle_mercedes_sprinter_calibration_09_v0 [0, 0]
timed vehicle_mercedes_sprinter_calibration_09_v1 [70727, 0]
timed vehicle_mercedes_sprinter_calibration_10_v0 [0, 176244]
timed vehicle_mercedes_sprinter_calibration_10_v1 [0, 161563]
timed vehicle_mercedes_sprinter_calibration_11_v0 [0, 0]
timed vehicle_mercedes_sprinter_calibration_11_v1 [77526, 0]
timed vehicle_mercedes_sprinter_calibration_12_v0 [0, 0]
timed vehicle_mercedes_sprinter_calibration_12_v1 [81320, 0]
timed vehicle_mercedes_sprinter_calibration_13_v0 [0, 0]
timed vehicle_mercedes_sprinter_calibration_13_v1 [78880, 0]
timed vehicle_mercedes_sprinter_calibration_14_v0 [0, 210693]
timed vehicle_mercedes_sprinter_calibration_14_v1 [0, 208010]
timed vehicle_mercedes_sprinter_calibration_16_v0 [0, 7879]
timed vehicle_mercedes_sprinter_calibration_16_v1 [0, 0]
timed vehicle_mercedes_sprinter_calibration_19_v0 [0, 0]
timed vehicle_mercedes_sprinter_calibration_19_v1 [77850, 0]
timed vehicle_mercedes_sprinter_calibration_20_v0 [0, 0]
timed vehicle_mercedes_sprinter_calibration_20_v1 [0, 2807]
timed vehicle_mercedes_sprinter_calibration_21_v0 [0, 0]
timed vehicle_mercedes_sprinter_calibration_21_v1 [78070, 0]
timed vehicle_mercedes_sprinter_calibration_22_v0 [0, 0]
timed vehicle_mercedes_sprinter_calibration_22_v1 [67176, 0]
timed vehicle_mercedes_sprinter_calibration_23_v0 [0, 215888]
timed vehicle_mercedes_sprinter_calibration_23_v1 [0, 198660]
timed vehicle_mercedes_sprinter_calibration_24_v0 [0, 0]
timed vehicle_mercedes_sprinter_calibration_24_v1 [86825, 0]
timed vehicle_mercedes_sprinter_calibration_25_v0 [0, 0]
timed vehicle_mercedes_sprinter_calibration_25_v1 [80286, 0]
timed vehicle_mercedes_sprinter_calibration_26_v0 [0, 0]
timed vehicle_mercedes_sprinter_calibration_26_v1 [83381, 0]
timed vehicle_mercedes_sprinter_calibration_27_v0 [0, 209862]
timed vehicle_mercedes_sprinter_calibration_27_v1 [0, 214883]
timed vehicle_mercedes_sprinter_calibration_28_v0 [0, 0]
timed vehicle_mercedes_sprinter_calibration_28_v1 [84020, 0]
timed vehicle_mercedes_sprinter_calibration_29_v0 [0, 0]
timed vehicle_mercedes_sprinter_calibration_29_v1 [80724, 0]
timed vehicle_mercedes_sprinter_calibration_30_v0 [0, 0]
timed vehicle_mercedes_sprinter_calibration_30_v1 [81122, 0]
timed vehicle_mercedes_sprinter_calibration_31_v0 [0, 0]
timed vehicle_mercedes_sprinter_calibration_31_v1 [81261, 0]
timed vehicle_mercedes_sprinter_calibration_32_v0 [0, 0]
timed vehicle_mercedes_sprinter_calibration_32_v1 [45421, 0]
timed vehicle_mercedes_sprinter_calibration_33_v0 [0, 211221]
timed vehicle_mercedes_sprinter_calibration_33_v1 [0, 218002]
timed vehicle_mercedes_sprinter_calibration_34_v0 [0, 0]
timed vehicle_mercedes_sprinter_calibration_34_v1 [81562, 0]
timed vehicle_mercedes_sprinter_calibration_35_v0 [0, 213697]
timed vehicle_mercedes_sprinter_calibration_35_v1 [0, 213707]
timed vehicle_mercedes_sprinter_calibration_36_v0 [0, 223124]
timed vehicle_mercedes_sprinter_calibration_36_v1 [0, 205248]
timed vehicle_mercedes_sprinter_calibration_37_v0 [0, 0]
timed vehicle_mercedes_sprinter_calibration_37_v1 [0, 0]
timed vehicle_mercedes_sprinter_calibration_38_v0 [0, 90123]
timed vehicle_mercedes_sprinter_calibration_38_v1 [0, 64115]
timed vehicle_mercedes_sprinter_test_00_v0 [0, 213710]
timed vehicle_mercedes_sprinter_test_00_v1 [0, 217342]
timed vehicle_mercedes_sprinter_test_01_v0 [0, 215969]
timed vehicle_mercedes_sprinter_test_01_v1 [0, 214770]
timed vehicle_mercedes_sprinter_test_02_v0 [0, 0]
timed vehicle_mercedes_sprinter_test_02_v1 [67226, 0]
timed vehicle_mercedes_sprinter_test_03_v0 [0, 0]
timed vehicle_mercedes_sprinter_test_03_v1 [70917, 0]
timed vehicle_mercedes_sprinter_test_04_v0 [0, 213619]
timed vehicle_mercedes_sprinter_test_04_v1 [0, 209517]
timed vehicle_mercedes_sprinter_test_05_v0 [0, 208221]
timed vehicle_mercedes_sprinter_test_05_v1 [0, 213001]
timed vehicle_mercedes_sprinter_test_06_v0 [0, 0]
timed vehicle_mercedes_sprinter_test_06_v1 [71332, 0]
timed vehicle_mercedes_sprinter_test_07_v0 [0, 211232]
timed vehicle_mercedes_sprinter_test_07_v1 [0, 219302]
timed vehicle_mercedes_sprinter_test_08_v0 [0, 0]
timed vehicle_mercedes_sprinter_test_08_v1 [81199, 0]
timed vehicle_mercedes_sprinter_test_09_v0 [0, 70932]
timed vehicle_mercedes_sprinter_test_09_v1 [0, 0]
timed vehicle_mercedes_sprinter_test_10_v0 [0, 0]
timed vehicle_mercedes_sprinter_test_10_v1 [75539, 0]
timed vehicle_mercedes_sprinter_test_11_v0 [0, 0]
timed vehicle_mercedes_sprinter_test_11_v1 [78543, 0]
timed vehicle_mercedes_sprinter_test_12_v0 [0, 0]
timed vehicle_mercedes_sprinter_test_12_v1 [82234, 0]
timed vehicle_mercedes_sprinter_test_13_v0 [0, 0]
timed vehicle_mercedes_sprinter_test_13_v1 [82165, 0]
timed vehicle_mercedes_sprinter_test_14_v0 [0, 219871]
timed vehicle_mercedes_sprinter_test_14_v1 [0, 208860]
timed vehicle_mercedes_sprinter_test_15_v0 [0, 142810]
timed vehicle_mercedes_sprinter_test_15_v1 [8032, 202991]
timed vehicle_mercedes_sprinter_test_16_v0 [0, 205909]
timed vehicle_mercedes_sprinter_test_16_v1 [0, 212647]
timed vehicle_mercedes_sprinter_test_17_v0 [0, 215934]
timed vehicle_mercedes_sprinter_test_17_v1 [0, 0]
timed vehicle_mercedes_sprinter_test_18_v0 [0, 0]
timed vehicle_mercedes_sprinter_test_18_v1 [78566, 0]
timed vehicle_mercedes_sprinter_test_19_v0 [0, 220498]
timed vehicle_mercedes_sprinter_test_19_v1 [0, 223045]
timed vehicle_mercedes_sprinter_test_20_v0 [0, 0]
timed vehicle_mercedes_sprinter_test_20_v1 [57832, 0]
timed vehicle_mercedes_sprinter_test_21_v0 [0, 0]
timed vehicle_mercedes_sprinter_test_21_v1 [0, 0]
timed vehicle_mercedes_sprinter_test_22_v0 [0, 0]
timed vehicle_mercedes_sprinter_test_22_v1 [0, 0]
timed vehicle_mercedes_sprinter_test_23_v0 [0, 0]
timed vehicle_mercedes_sprinter_test_23_v1 [77549, 0]
timed vehicle_mercedes_sprinter_test_24_v0 [0, 0]
timed vehicle_mercedes_sprinter_test_24_v1 [84919, 0]
timed vehicle_mercedes_sprinter_test_25_v0 [0, 0]
timed vehicle_mercedes_sprinter_test_25_v1 [76868, 0]
timed vehicle_mercedes_sprinter_test_26_v0 [0, 0]
timed vehicle_mercedes_sprinter_test_26_v1 [83342, 0]
timed vehicle_mercedes_sprinter_test_27_v0 [0, 0]
timed vehicle_mercedes_sprinter_test_27_v1 [69641, 0]
timed vehicle_mercedes_sprinter_test_28_v0 [0, 0]
timed vehicle_mercedes_sprinter_test_28_v1 [0, 0]
timed vehicle_mercedes_sprinter_test_29_v0 [0, 0]
timed vehicle_mercedes_sprinter_test_29_v1 [75788, 0]
timed vehicle_mercedes_sprinter_test_30_v0 [0, 0]
timed vehicle_mercedes_sprinter_test_30_v1 [72545, 0]
timed vehicle_mercedes_sprinter_test_31_v0 [0, 0]
timed vehicle_mercedes_sprinter_test_31_v1 [80704, 0]
timed vehicle_mercedes_sprinter_test_32_v0 [0, 57906]
timed vehicle_mercedes_sprinter_test_32_v1 [0, 0]
timed vehicle_mercedes_sprinter_test_33_v0 [0, 212677]
timed vehicle_mercedes_sprinter_test_33_v1 [0, 214432]
timed vehicle_mercedes_sprinter_test_34_v0 [0, 216874]
timed vehicle_mercedes_sprinter_test_34_v1 [0, 216761]
timed vehicle_mercedes_sprinter_test_35_v0 [0, 0]
timed vehicle_mercedes_sprinter_test_35_v1 [81355, 0]
timed vehicle_mercedes_sprinter_test_36_v0 [0, 212591]
timed vehicle_mercedes_sprinter_test_36_v1 [0, 219269]
timed vehicle_mercedes_sprinter_test_37_v0 [0, 204579]
timed vehicle_mercedes_sprinter_test_37_v1 [0, 214749]
timed vehicle_mercedes_sprinter_test_38_v0 [0, 0]
timed vehicle_mercedes_sprinter_test_38_v1 [82203, 0]
timed vehicle_mercedes_sprinter_test_39_v0 [0, 0]
timed vehicle_mercedes_sprinter_test_39_v1 [74013, 0]
timed vehicle_mercedes_sprinter_test_40_v0 [0, 208883]
timed vehicle_mercedes_sprinter_test_40_v1 [0, 212411]
timed vehicle_mercedes_sprinter_test_41_v0 [0, 217402]
timed vehicle_mercedes_sprinter_test_41_v1 [0, 212168]
timed vehicle_mercedes_sprinter_test_42_v0 [0, 53250]
timed vehicle_mercedes_sprinter_test_42_v1 [0, 16697]
timed vehicle_mercedes_sprinter_test_43_v0 [0, 0]
timed vehicle_mercedes_sprinter_test_43_v1 [74404, 0]
timed vehicle_mercedes_sprinter_test_44_v0 [0, 0]
timed vehicle_mercedes_sprinter_test_44_v1 [0, 0]
timed vehicle_mercedes_sprinter_test_45_v0 [0, 0]
timed vehicle_mercedes_sprinter_test_45_v1 [76466, 0]
timed vehicle_mercedes_sprinter_test_46_v0 [0, 0]
timed vehicle_mercedes_sprinter_test_46_v1 [50415, 0]
timed vehicle_mercedes_sprinter_test_47_v0 [0, 0]
timed vehicle_mercedes_sprinter_test_47_v1 [70455, 0]
timed vehicle_mercedes_sprinter_test_48_v0 [0, 0]
timed vehicle_mercedes_sprinter_test_48_v1 [69547, 0]
timed vehicle_mercedes_sprinter_test_49_v0 [0, 0]
timed vehicle_mercedes_sprinter_test_49_v1 [0, 0]
timed vehicle_mercedes_sprinter_test_50_v0 [0, 216250]
timed vehicle_mercedes_sprinter_test_50_v1 [0, 207881]
timed vehicle_mercedes_sprinter_test_51_v0 [0, 211193]
timed vehicle_mercedes_sprinter_test_51_v1 [0, 173431]
timed vehicle_mercedes_sprinter_test_52_v0 [0, 0]
timed vehicle_mercedes_sprinter_test_52_v1 [0, 0]
timed vehicle_mercedes_sprinter_test_53_v0 [0, 0]
timed vehicle_mercedes_sprinter_test_53_v1 [88774, 0]
timed vehicle_mercedes_sprinter_test_54_v0 [0, 214918]
timed vehicle_mercedes_sprinter_test_54_v1 [0, 213866]
timed vehicle_mercedes_sprinter_test_55_v0 [0, 209198]
timed vehicle_mercedes_sprinter_test_55_v1 [0, 201881]
timed vehicle_mercedes_sprinter_test_56_v0 [0, 0]
timed vehicle_mercedes_sprinter_test_56_v1 [68817, 0]
timed vehicle_mercedes_sprinter_test_57_v0 [0, 182879]
timed vehicle_mercedes_sprinter_test_57_v1 [0, 180398]
timed vehicle_mercedes_sprinter_test_58_v0 [0, 99762]
timed vehicle_mercedes_sprinter_test_58_v1 [0, 44588]
timed vehicle_mercedes_sprinter_test_59_v0 [0, 0]
timed vehicle_mercedes_sprinter_test_59_v1 [76836, 0]
timed vehicle_diamondback_century_calibration_00_v0 [115678, 210559]
timed vehicle_diamondback_century_calibration_00_v1 [138825, 220042]
timed vehicle_diamondback_century_calibration_01_v0 [202637, 0]
timed vehicle_diamondback_century_calibration_01_v1 [210156, 0]
timed vehicle_diamondback_century_calibration_02_v0 [0, 212136]
timed vehicle_diamondback_century_calibration_02_v1 [0, 213118]
timed vehicle_diamondback_century_calibration_03_v0 [215248, 12519]
timed vehicle_diamondback_century_calibration_03_v1 [221582, 33572]
timed vehicle_diamondback_century_calibration_04_v0 [213546, 0]
timed vehicle_diamondback_century_calibration_04_v1 [211412, 0]
timed vehicle_diamondback_century_calibration_05_v0 [0, 216417]
timed vehicle_diamondback_century_calibration_05_v1 [0, 209739]
timed vehicle_diamondback_century_calibration_06_v0 [0, 214282]
timed vehicle_diamondback_century_calibration_06_v1 [0, 221404]
timed vehicle_diamondback_century_calibration_07_v0 [207665, 175483]
timed vehicle_diamondback_century_calibration_07_v1 [217395, 192634]
timed vehicle_diamondback_century_calibration_08_v0 [203553, 203553]
timed vehicle_diamondback_century_calibration_08_v1 [213655, 213655]
timed vehicle_diamondback_century_calibration_09_v0 [48365, 216039]
timed vehicle_diamondback_century_calibration_09_v1 [55852, 218445]
timed vehicle_diamondback_century_calibration_10_v0 [0, 218348]
timed vehicle_diamondback_century_calibration_10_v1 [0, 215413]
timed vehicle_diamondback_century_calibration_11_v0 [214856, 0]
timed vehicle_diamondback_century_calibration_11_v1 [205347, 0]
timed vehicle_diamondback_century_calibration_12_v0 [0, 217465]
timed vehicle_diamondback_century_calibration_12_v1 [0, 219608]
timed vehicle_diamondback_century_calibration_13_v0 [204108, 204108]
timed vehicle_diamondback_century_calibration_13_v1 [215109, 215109]
timed vehicle_diamondback_century_calibration_14_v0 [217197, 217197]
timed vehicle_diamondback_century_calibration_14_v1 [216086, 216086]
timed vehicle_diamondback_century_calibration_15_v0 [209233, 209233]
timed vehicle_diamondback_century_calibration_15_v1 [222220, 222220]
timed vehicle_diamondback_century_calibration_16_v0 [0, 224841]
timed vehicle_diamondback_century_calibration_16_v1 [0, 222220]
timed vehicle_diamondback_century_calibration_17_v0 [207549, 0]
timed vehicle_diamondback_century_calibration_17_v1 [215269, 0]
timed vehicle_diamondback_century_calibration_18_v0 [222612, 56798]
timed vehicle_diamondback_century_calibration_18_v1 [216234, 12559]
timed vehicle_diamondback_century_calibration_19_v0 [223917, 223917]
timed vehicle_diamondback_century_calibration_19_v1 [223198, 223198]
timed vehicle_diamondback_century_calibration_20_v0 [0, 217158]
timed vehicle_diamondback_century_calibration_20_v1 [0, 205082]
timed vehicle_diamondback_century_calibration_21_v0 [218019, 218019]
timed vehicle_diamondback_century_calibration_21_v1 [211528, 211528]
timed vehicle_diamondback_century_calibration_22_v0 [211440, 0]
timed vehicle_diamondback_century_calibration_22_v1 [212859, 0]
timed vehicle_diamondback_century_calibration_23_v0 [118817, 217011]
timed vehicle_diamondback_century_calibration_23_v1 [102729, 210327]
timed vehicle_diamondback_century_calibration_24_v0 [0, 223153]
timed vehicle_diamondback_century_calibration_24_v1 [0, 211467]
timed vehicle_diamondback_century_calibration_25_v0 [220524, 220524]
timed vehicle_diamondback_century_calibration_25_v1 [221702, 221047]
timed vehicle_diamondback_century_calibration_26_v0 [215675, 215675]
timed vehicle_diamondback_century_calibration_26_v1 [208531, 208531]
timed vehicle_diamondback_century_calibration_27_v0 [0, 219046]
timed vehicle_diamondback_century_calibration_27_v1 [0, 212063]
timed vehicle_diamondback_century_calibration_28_v0 [0, 222815]
timed vehicle_diamondback_century_calibration_28_v1 [0, 216326]
timed vehicle_diamondback_century_calibration_29_v0 [0, 217141]
timed vehicle_diamondback_century_calibration_29_v1 [0, 218959]
timed vehicle_diamondback_century_calibration_30_v0 [211626, 0]
timed vehicle_diamondback_century_calibration_30_v1 [218684, 0]
timed vehicle_diamondback_century_calibration_31_v0 [215986, 11979]
timed vehicle_diamondback_century_calibration_31_v1 [209201, 0]
timed vehicle_diamondback_century_calibration_32_v0 [0, 217743]
timed vehicle_diamondback_century_calibration_32_v1 [0, 207512]
timed vehicle_diamondback_century_calibration_33_v0 [218969, 218969]
timed vehicle_diamondback_century_calibration_33_v1 [215582, 215582]
timed vehicle_diamondback_century_calibration_34_v0 [219001, 0]
timed vehicle_diamondback_century_calibration_34_v1 [212687, 0]
timed vehicle_diamondback_century_calibration_35_v0 [209743, 209743]
timed vehicle_diamondback_century_calibration_35_v1 [200915, 200915]
timed vehicle_diamondback_century_calibration_36_v0 [209436, 0]
timed vehicle_diamondback_century_calibration_36_v1 [220269, 0]
timed vehicle_diamondback_century_calibration_37_v0 [213991, 213991]
timed vehicle_diamondback_century_calibration_37_v1 [217349, 217349]
timed vehicle_diamondback_century_calibration_38_v0 [210819, 0]
timed vehicle_diamondback_century_calibration_38_v1 [215917, 0]
timed vehicle_diamondback_century_test_00_v0 [0, 211159]
timed vehicle_diamondback_century_test_00_v1 [0, 214474]
timed vehicle_diamondback_century_test_01_v0 [0, 214726]
timed vehicle_diamondback_century_test_01_v1 [0, 206705]
timed vehicle_diamondback_century_test_02_v0 [0, 208886]
timed vehicle_diamondback_century_test_02_v1 [0, 220452]
timed vehicle_diamondback_century_test_03_v0 [205051, 0]
timed vehicle_diamondback_century_test_03_v1 [217259, 0]
timed vehicle_diamondback_century_test_04_v0 [217160, 0]
timed vehicle_diamondback_century_test_04_v1 [208918, 0]
timed vehicle_diamondback_century_test_05_v0 [211044, 0]
timed vehicle_diamondback_century_test_05_v1 [212893, 0]
timed vehicle_diamondback_century_test_06_v0 [205657, 197763]
timed vehicle_diamondback_century_test_06_v1 [213628, 209022]
timed vehicle_diamondback_century_test_07_v0 [212033, 0]
timed vehicle_diamondback_century_test_07_v1 [215137, 0]
timed vehicle_diamondback_century_test_08_v0 [0, 221267]
timed vehicle_diamondback_century_test_08_v1 [0, 215217]
timed vehicle_diamondback_century_test_09_v0 [0, 214264]
timed vehicle_diamondback_century_test_09_v1 [0, 208650]
timed vehicle_diamondback_century_test_10_v0 [221258, 207516]
timed vehicle_diamondback_century_test_10_v1 [210885, 204768]
timed vehicle_diamondback_century_test_11_v0 [0, 215111]
timed vehicle_diamondback_century_test_11_v1 [0, 217038]
timed vehicle_diamondback_century_test_12_v0 [0, 218678]
timed vehicle_diamondback_century_test_12_v1 [0, 214184]
timed vehicle_diamondback_century_test_13_v0 [216642, 0]
timed vehicle_diamondback_century_test_13_v1 [214294, 0]
timed vehicle_diamondback_century_test_14_v0 [216056, 216056]
timed vehicle_diamondback_century_test_14_v1 [209475, 209475]
timed vehicle_diamondback_century_test_15_v0 [212660, 0]
timed vehicle_diamondback_century_test_15_v1 [215556, 0]
timed vehicle_diamondback_century_test_16_v0 [216198, 216198]
timed vehicle_diamondback_century_test_16_v1 [218786, 218786]
timed vehicle_diamondback_century_test_17_v0 [210864, 179961]
timed vehicle_diamondback_century_test_17_v1 [210365, 200231]
timed vehicle_diamondback_century_test_18_v0 [213142, 0]
timed vehicle_diamondback_century_test_18_v1 [215293, 0]
timed vehicle_diamondback_century_test_19_v0 [203423, 187259]
timed vehicle_diamondback_century_test_19_v1 [206268, 168228]
timed vehicle_diamondback_century_test_20_v0 [0, 209461]
timed vehicle_diamondback_century_test_20_v1 [0, 215799]
timed vehicle_diamondback_century_test_21_v0 [202687, 202687]
timed vehicle_diamondback_century_test_21_v1 [210122, 210122]
timed vehicle_diamondback_century_test_22_v0 [211679, 211679]
timed vehicle_diamondback_century_test_22_v1 [217128, 217128]
timed vehicle_diamondback_century_test_23_v0 [218693, 0]
timed vehicle_diamondback_century_test_23_v1 [215565, 0]
timed vehicle_diamondback_century_test_24_v0 [215023, 0]
timed vehicle_diamondback_century_test_24_v1 [212914, 0]
timed vehicle_diamondback_century_test_25_v0 [0, 206024]
timed vehicle_diamondback_century_test_25_v1 [0, 216711]
timed vehicle_diamondback_century_test_26_v0 [211068, 0]
timed vehicle_diamondback_century_test_26_v1 [205330, 0]
timed vehicle_diamondback_century_test_27_v0 [210764, 0]
timed vehicle_diamondback_century_test_27_v1 [208913, 0]
timed vehicle_diamondback_century_test_28_v0 [220374, 220374]
timed vehicle_diamondback_century_test_28_v1 [214363, 214363]
timed vehicle_diamondback_century_test_29_v0 [214435, 214435]
timed vehicle_diamondback_century_test_29_v1 [204285, 204285]
timed vehicle_diamondback_century_test_30_v0 [221597, 0]
timed vehicle_diamondback_century_test_30_v1 [208480, 0]
timed vehicle_diamondback_century_test_31_v0 [201112, 201112]
timed vehicle_diamondback_century_test_31_v1 [204702, 204702]
timed vehicle_diamondback_century_test_32_v0 [209921, 167158]
timed vehicle_diamondback_century_test_32_v1 [204798, 174361]
timed vehicle_diamondback_century_test_33_v0 [0, 208761]
timed vehicle_diamondback_century_test_33_v1 [0, 221621]
timed vehicle_diamondback_century_test_34_v0 [210691, 150197]
timed vehicle_diamondback_century_test_34_v1 [224307, 154841]
timed vehicle_diamondback_century_test_35_v0 [0, 216529]
timed vehicle_diamondback_century_test_35_v1 [0, 215235]
timed vehicle_diamondback_century_test_36_v0 [156242, 203938]
timed vehicle_diamondback_century_test_36_v1 [190745, 215924]
timed vehicle_diamondback_century_test_37_v0 [213673, 213673]
timed vehicle_diamondback_century_test_37_v1 [209123, 209123]
timed vehicle_diamondback_century_test_38_v0 [0, 212343]
timed vehicle_diamondback_century_test_38_v1 [0, 202233]
timed vehicle_diamondback_century_test_39_v0 [0, 206636]
timed vehicle_diamondback_century_test_39_v1 [0, 203966]
timed vehicle_diamondback_century_test_40_v0 [0, 217147]
timed vehicle_diamondback_century_test_40_v1 [0, 211903]
timed vehicle_diamondback_century_test_41_v0 [148416, 213693]
timed vehicle_diamondback_century_test_41_v1 [157316, 206500]
timed vehicle_diamondback_century_test_42_v0 [209193, 0]
timed vehicle_diamondback_century_test_42_v1 [214222, 0]
timed vehicle_diamondback_century_test_43_v0 [0, 211119]
timed vehicle_diamondback_century_test_43_v1 [0, 212070]
timed vehicle_diamondback_century_test_44_v0 [216461, 0]
timed vehicle_diamondback_century_test_44_v1 [200350, 0]
timed vehicle_diamondback_century_test_45_v0 [212598, 0]
timed vehicle_diamondback_century_test_45_v1 [208457, 0]
timed vehicle_diamondback_century_test_46_v0 [12946, 209860]
timed vehicle_diamondback_century_test_46_v1 [13391, 216687]
timed vehicle_diamondback_century_test_47_v0 [209931, 0]
timed vehicle_diamondback_century_test_47_v1 [211460, 0]
timed vehicle_diamondback_century_test_48_v0 [20379, 210058]
timed vehicle_diamondback_century_test_48_v1 [2251, 208997]
timed vehicle_diamondback_century_test_49_v0 [218055, 218055]
timed vehicle_diamondback_century_test_49_v1 [208276, 208276]
timed vehicle_diamondback_century_test_50_v0 [216278, 216278]
timed vehicle_diamondback_century_test_50_v1 [212215, 212215]
timed vehicle_diamondback_century_test_51_v0 [212571, 0]
timed vehicle_diamondback_century_test_51_v1 [219336, 0]
timed vehicle_diamondback_century_test_52_v0 [216830, 79061]
timed vehicle_diamondback_century_test_52_v1 [217701, 65420]
timed vehicle_diamondback_century_test_53_v0 [201589, 208326]
timed vehicle_diamondback_century_test_53_v1 [212329, 212329]
timed vehicle_diamondback_century_test_54_v0 [223054, 0]
timed vehicle_diamondback_century_test_54_v1 [208635, 0]
timed vehicle_diamondback_century_test_55_v0 [212646, 0]
timed vehicle_diamondback_century_test_55_v1 [217110, 0]
timed vehicle_diamondback_century_test_56_v0 [212721, 212721]
timed vehicle_diamondback_century_test_56_v1 [203581, 203581]
timed vehicle_diamondback_century_test_57_v0 [216073, 0]
timed vehicle_diamondback_century_test_57_v1 [222912, 0]
timed vehicle_diamondback_century_test_58_v0 [0, 209154]
timed vehicle_diamondback_century_test_58_v1 [0, 217088]
timed vehicle_diamondback_century_test_59_v0 [0, 222284]
timed vehicle_diamondback_century_test_59_v1 [0, 210485]
timed vehicle_kawasaki_ninja_calibration_00_v0 [163150, 88837]
timed vehicle_kawasaki_ninja_calibration_00_v1 [212917, 95361]
timed vehicle_kawasaki_ninja_calibration_01_v0 [170159, 0]
timed vehicle_kawasaki_ninja_calibration_01_v1 [222246, 0]
timed vehicle_kawasaki_ninja_calibration_02_v0 [171375, 214210]
timed vehicle_kawasaki_ninja_calibration_02_v1 [214403, 214403]
timed vehicle_kawasaki_ninja_calibration_03_v0 [173966, 40803]
timed vehicle_kawasaki_ninja_calibration_03_v1 [216590, 30595]
timed vehicle_kawasaki_ninja_calibration_04_v0 [164210, 0]
timed vehicle_kawasaki_ninja_calibration_04_v1 [209652, 0]
timed vehicle_kawasaki_ninja_calibration_05_v0 [0, 221489]
timed vehicle_kawasaki_ninja_calibration_05_v1 [0, 210522]
timed vehicle_kawasaki_ninja_calibration_06_v0 [170545, 0]
timed vehicle_kawasaki_ninja_calibration_06_v1 [206697, 0]
timed vehicle_kawasaki_ninja_calibration_07_v0 [0, 223126]
timed vehicle_kawasaki_ninja_calibration_07_v1 [0, 213363]
timed vehicle_kawasaki_ninja_calibration_08_v0 [0, 220610]
timed vehicle_kawasaki_ninja_calibration_08_v1 [0, 212595]
timed vehicle_kawasaki_ninja_calibration_09_v0 [170046, 212881]
timed vehicle_kawasaki_ninja_calibration_09_v1 [213777, 213777]
timed vehicle_kawasaki_ninja_calibration_10_v0 [175620, 7304]
timed vehicle_kawasaki_ninja_calibration_10_v1 [214523, 2422]
timed vehicle_kawasaki_ninja_calibration_11_v0 [0, 217670]
timed vehicle_kawasaki_ninja_calibration_11_v1 [0, 216319]
timed vehicle_kawasaki_ninja_calibration_12_v0 [0, 219614]
timed vehicle_kawasaki_ninja_calibration_12_v1 [0, 221417]
timed vehicle_kawasaki_ninja_calibration_13_v0 [173356, 216191]
timed vehicle_kawasaki_ninja_calibration_13_v1 [212785, 212785]
timed vehicle_kawasaki_ninja_calibration_14_v0 [164806, 0]
timed vehicle_kawasaki_ninja_calibration_14_v1 [221657, 0]
timed vehicle_kawasaki_ninja_calibration_15_v0 [0, 215372]
timed vehicle_kawasaki_ninja_calibration_15_v1 [0, 216049]
timed vehicle_kawasaki_ninja_calibration_16_v0 [169584, 0]
timed vehicle_kawasaki_ninja_calibration_16_v1 [204132, 0]
timed vehicle_kawasaki_ninja_calibration_17_v0 [0, 216234]
timed vehicle_kawasaki_ninja_calibration_17_v1 [0, 205446]
timed vehicle_kawasaki_ninja_calibration_18_v0 [171815, 0]
timed vehicle_kawasaki_ninja_calibration_18_v1 [214693, 0]
timed vehicle_kawasaki_ninja_calibration_19_v0 [171859, 0]
timed vehicle_kawasaki_ninja_calibration_19_v1 [217741, 0]
timed vehicle_kawasaki_ninja_calibration_20_v0 [170156, 212991]
timed vehicle_kawasaki_ninja_calibration_20_v1 [218419, 218419]
timed vehicle_kawasaki_ninja_calibration_21_v0 [149041, 218280]
timed vehicle_kawasaki_ninja_calibration_21_v1 [134353, 204417]
timed vehicle_kawasaki_ninja_calibration_22_v0 [0, 223413]
timed vehicle_kawasaki_ninja_calibration_22_v1 [0, 216844]
timed vehicle_kawasaki_ninja_calibration_23_v0 [168051, 0]
timed vehicle_kawasaki_ninja_calibration_23_v1 [210721, 0]
timed vehicle_kawasaki_ninja_calibration_24_v0 [0, 215962]
timed vehicle_kawasaki_ninja_calibration_24_v1 [0, 216970]
timed vehicle_kawasaki_ninja_calibration_25_v0 [0, 213356]
timed vehicle_kawasaki_ninja_calibration_25_v1 [0, 207393]
timed vehicle_kawasaki_ninja_calibration_26_v0 [161119, 203954]
timed vehicle_kawasaki_ninja_calibration_26_v1 [215123, 215123]
timed vehicle_kawasaki_ninja_calibration_27_v0 [0, 209434]
timed vehicle_kawasaki_ninja_calibration_27_v1 [0, 212218]
timed vehicle_kawasaki_ninja_calibration_28_v0 [0, 211846]
timed vehicle_kawasaki_ninja_calibration_28_v1 [0, 206027]
timed vehicle_kawasaki_ninja_calibration_29_v0 [181137, 223972]
timed vehicle_kawasaki_ninja_calibration_29_v1 [211466, 211466]
timed vehicle_kawasaki_ninja_calibration_30_v0 [170288, 0]
timed vehicle_kawasaki_ninja_calibration_30_v1 [218720, 0]
timed vehicle_kawasaki_ninja_calibration_31_v0 [175370, 211432]
timed vehicle_kawasaki_ninja_calibration_31_v1 [213868, 200583]
timed vehicle_kawasaki_ninja_calibration_32_v0 [0, 219101]
timed vehicle_kawasaki_ninja_calibration_32_v1 [0, 220947]
timed vehicle_kawasaki_ninja_calibration_33_v0 [0, 213300]
timed vehicle_kawasaki_ninja_calibration_33_v1 [0, 220469]
timed vehicle_kawasaki_ninja_calibration_34_v0 [0, 216860]
timed vehicle_kawasaki_ninja_calibration_34_v1 [0, 219834]
timed vehicle_kawasaki_ninja_calibration_35_v0 [179088, 221923]
timed vehicle_kawasaki_ninja_calibration_35_v1 [213711, 213711]
timed vehicle_kawasaki_ninja_calibration_36_v0 [174704, 0]
timed vehicle_kawasaki_ninja_calibration_36_v1 [206199, 0]
timed vehicle_kawasaki_ninja_calibration_37_v0 [0, 202929]
timed vehicle_kawasaki_ninja_calibration_37_v1 [0, 213183]
timed vehicle_kawasaki_ninja_calibration_38_v0 [0, 218477]
timed vehicle_kawasaki_ninja_calibration_38_v1 [0, 211082]
timed vehicle_kawasaki_ninja_test_00_v0 [167900, 0]
timed vehicle_kawasaki_ninja_test_00_v1 [220550, 0]
timed vehicle_kawasaki_ninja_test_01_v0 [0, 213467]
timed vehicle_kawasaki_ninja_test_01_v1 [0, 211680]
timed vehicle_kawasaki_ninja_test_02_v0 [0, 212772]
timed vehicle_kawasaki_ninja_test_02_v1 [0, 212077]
timed vehicle_kawasaki_ninja_test_03_v0 [0, 213570]
timed vehicle_kawasaki_ninja_test_03_v1 [0, 221785]
timed vehicle_kawasaki_ninja_test_04_v0 [161706, 0]
timed vehicle_kawasaki_ninja_test_04_v1 [208647, 0]
timed vehicle_kawasaki_ninja_test_05_v0 [172545, 0]
timed vehicle_kawasaki_ninja_test_05_v1 [203941, 0]
timed vehicle_kawasaki_ninja_test_06_v0 [0, 216580]
timed vehicle_kawasaki_ninja_test_06_v1 [0, 217863]
timed vehicle_kawasaki_ninja_test_07_v0 [0, 212109]
timed vehicle_kawasaki_ninja_test_07_v1 [0, 212211]
timed vehicle_kawasaki_ninja_test_08_v0 [18413, 215409]
timed vehicle_kawasaki_ninja_test_08_v1 [0, 206115]
timed vehicle_kawasaki_ninja_test_09_v0 [0, 214661]
timed vehicle_kawasaki_ninja_test_09_v1 [0, 220775]
timed vehicle_kawasaki_ninja_test_10_v0 [173276, 216111]
timed vehicle_kawasaki_ninja_test_10_v1 [212708, 212708]
timed vehicle_kawasaki_ninja_test_11_v0 [0, 215632]
timed vehicle_kawasaki_ninja_test_11_v1 [0, 216155]
timed vehicle_kawasaki_ninja_test_12_v0 [0, 217207]
timed vehicle_kawasaki_ninja_test_12_v1 [0, 220240]
timed vehicle_kawasaki_ninja_test_13_v0 [174401, 0]
timed vehicle_kawasaki_ninja_test_13_v1 [212086, 0]
timed vehicle_kawasaki_ninja_test_14_v0 [0, 211280]
timed vehicle_kawasaki_ninja_test_14_v1 [1534, 215081]
timed vehicle_kawasaki_ninja_test_15_v0 [169696, 196607]
timed vehicle_kawasaki_ninja_test_15_v1 [210723, 197767]
timed vehicle_kawasaki_ninja_test_16_v0 [166256, 0]
timed vehicle_kawasaki_ninja_test_16_v1 [209577, 0]
timed vehicle_kawasaki_ninja_test_17_v0 [167037, 209872]
timed vehicle_kawasaki_ninja_test_17_v1 [217006, 217006]
timed vehicle_kawasaki_ninja_test_18_v0 [167382, 92911]
timed vehicle_kawasaki_ninja_test_18_v1 [219434, 111645]
timed vehicle_kawasaki_ninja_test_19_v0 [0, 212051]
timed vehicle_kawasaki_ninja_test_19_v1 [0, 208616]
timed vehicle_kawasaki_ninja_test_20_v0 [97858, 222854]
timed vehicle_kawasaki_ninja_test_20_v1 [99432, 210004]
timed vehicle_kawasaki_ninja_test_21_v0 [59168, 213296]
timed vehicle_kawasaki_ninja_test_21_v1 [71125, 218136]
timed vehicle_kawasaki_ninja_test_22_v0 [0, 207313]
timed vehicle_kawasaki_ninja_test_22_v1 [0, 214951]
timed vehicle_kawasaki_ninja_test_23_v0 [176331, 219166]
timed vehicle_kawasaki_ninja_test_23_v1 [211917, 211917]
timed vehicle_kawasaki_ninja_test_24_v0 [169644, 0]
timed vehicle_kawasaki_ninja_test_24_v1 [205218, 0]
timed vehicle_kawasaki_ninja_test_25_v0 [57130, 207457]
timed vehicle_kawasaki_ninja_test_25_v1 [29681, 221370]
timed vehicle_kawasaki_ninja_test_26_v0 [163252, 19850]
timed vehicle_kawasaki_ninja_test_26_v1 [203504, 35380]
timed vehicle_kawasaki_ninja_test_27_v0 [0, 219037]
timed vehicle_kawasaki_ninja_test_27_v1 [0, 213171]
timed vehicle_kawasaki_ninja_test_28_v0 [178372, 0]
timed vehicle_kawasaki_ninja_test_28_v1 [219093, 0]
timed vehicle_kawasaki_ninja_test_29_v0 [0, 201394]
timed vehicle_kawasaki_ninja_test_29_v1 [0, 207435]
timed vehicle_kawasaki_ninja_test_30_v0 [0, 216212]
timed vehicle_kawasaki_ninja_test_30_v1 [0, 213518]
timed vehicle_kawasaki_ninja_test_31_v0 [168195, 107451]
timed vehicle_kawasaki_ninja_test_31_v1 [211052, 109184]
timed vehicle_kawasaki_ninja_test_32_v0 [0, 216721]
timed vehicle_kawasaki_ninja_test_32_v1 [0, 211605]
timed vehicle_kawasaki_ninja_test_33_v0 [0, 208358]
timed vehicle_kawasaki_ninja_test_33_v1 [0, 221692]
timed vehicle_kawasaki_ninja_test_34_v0 [36921, 214278]
timed vehicle_kawasaki_ninja_test_34_v1 [42736, 216762]
timed vehicle_kawasaki_ninja_test_35_v0 [0, 211697]
timed vehicle_kawasaki_ninja_test_35_v1 [0, 218046]
timed vehicle_kawasaki_ninja_test_36_v0 [174223, 0]
timed vehicle_kawasaki_ninja_test_36_v1 [214765, 0]
timed vehicle_kawasaki_ninja_test_37_v0 [176149, 218984]
timed vehicle_kawasaki_ninja_test_37_v1 [211064, 211064]
timed vehicle_kawasaki_ninja_test_38_v0 [172221, 215056]
timed vehicle_kawasaki_ninja_test_38_v1 [216901, 216901]
timed vehicle_kawasaki_ninja_test_39_v0 [0, 219708]
timed vehicle_kawasaki_ninja_test_39_v1 [0, 208341]
timed vehicle_kawasaki_ninja_test_40_v0 [175464, 0]
timed vehicle_kawasaki_ninja_test_40_v1 [208938, 0]
timed vehicle_kawasaki_ninja_test_41_v0 [0, 214620]
timed vehicle_kawasaki_ninja_test_41_v1 [0, 210318]
timed vehicle_kawasaki_ninja_test_42_v0 [172705, 0]
timed vehicle_kawasaki_ninja_test_42_v1 [218176, 0]
timed vehicle_kawasaki_ninja_test_43_v0 [171911, 214746]
timed vehicle_kawasaki_ninja_test_43_v1 [173128, 209205]
timed vehicle_kawasaki_ninja_test_44_v0 [172686, 219054]
timed vehicle_kawasaki_ninja_test_44_v1 [137024, 205185]
timed vehicle_kawasaki_ninja_test_45_v0 [164383, 0]
timed vehicle_kawasaki_ninja_test_45_v1 [211857, 0]
timed vehicle_kawasaki_ninja_test_46_v0 [7039, 212327]
timed vehicle_kawasaki_ninja_test_46_v1 [26978, 219393]
timed vehicle_kawasaki_ninja_test_47_v0 [173004, 0]
timed vehicle_kawasaki_ninja_test_47_v1 [207155, 0]
timed vehicle_kawasaki_ninja_test_48_v0 [0, 220924]
timed vehicle_kawasaki_ninja_test_48_v1 [0, 204216]
timed vehicle_kawasaki_ninja_test_49_v0 [176456, 219291]
timed vehicle_kawasaki_ninja_test_49_v1 [213573, 213573]
timed vehicle_kawasaki_ninja_test_50_v0 [0, 216275]
timed vehicle_kawasaki_ninja_test_50_v1 [0, 214627]
timed vehicle_kawasaki_ninja_test_51_v0 [173423, 216258]
timed vehicle_kawasaki_ninja_test_51_v1 [212952, 212952]
timed vehicle_kawasaki_ninja_test_52_v0 [114233, 209802]
timed vehicle_kawasaki_ninja_test_52_v1 [109346, 215244]
timed vehicle_kawasaki_ninja_test_53_v0 [165001, 0]
timed vehicle_kawasaki_ninja_test_53_v1 [215708, 0]
timed vehicle_kawasaki_ninja_test_54_v0 [0, 215268]
timed vehicle_kawasaki_ninja_test_54_v1 [0, 210267]
timed vehicle_kawasaki_ninja_test_55_v0 [0, 221815]
timed vehicle_kawasaki_ninja_test_55_v1 [0, 216697]
timed vehicle_kawasaki_ninja_test_56_v0 [0, 223935]
timed vehicle_kawasaki_ninja_test_56_v1 [0, 214232]
timed vehicle_kawasaki_ninja_test_57_v0 [43812, 219835]
timed vehicle_kawasaki_ninja_test_57_v1 [44839, 216582]
timed vehicle_kawasaki_ninja_test_58_v0 [169230, 0]
timed vehicle_kawasaki_ninja_test_58_v1 [206180, 0]
timed vehicle_kawasaki_ninja_test_59_v0 [165500, 0]
timed vehicle_kawasaki_ninja_test_59_v1 [208243, 0]
timed walker_pedestrian_0001_calibration_01_v0 [0, 220717]
timed walker_pedestrian_0001_calibration_01_v1 [0, 214880]
timed walker_pedestrian_0001_calibration_02_v0 [206426, 0]
timed walker_pedestrian_0001_calibration_02_v1 [213861, 0]
timed walker_pedestrian_0001_calibration_04_v0 [208768, 0]
timed walker_pedestrian_0001_calibration_04_v1 [209120, 0]
timed walker_pedestrian_0001_calibration_06_v0 [216078, 0]
timed walker_pedestrian_0001_calibration_06_v1 [214039, 0]
timed walker_pedestrian_0001_calibration_07_v0 [222670, 0]
timed walker_pedestrian_0001_calibration_07_v1 [224751, 0]
timed walker_pedestrian_0001_calibration_09_v0 [213334, 213334]
timed walker_pedestrian_0001_calibration_09_v1 [213903, 213903]
timed walker_pedestrian_0001_calibration_10_v0 [0, 209776]
timed walker_pedestrian_0001_calibration_10_v1 [0, 212086]
timed walker_pedestrian_0001_calibration_12_v0 [89736, 220317]
timed walker_pedestrian_0001_calibration_12_v1 [80844, 208636]
timed walker_pedestrian_0001_calibration_16_v0 [212838, 0]
timed walker_pedestrian_0001_calibration_16_v1 [208593, 0]
timed walker_pedestrian_0001_calibration_17_v0 [0, 210029]
timed walker_pedestrian_0001_calibration_17_v1 [0, 215484]
timed walker_pedestrian_0001_calibration_18_v0 [214022, 169008]
timed walker_pedestrian_0001_calibration_18_v1 [220197, 172915]
timed walker_pedestrian_0001_calibration_19_v0 [207178, 207178]
timed walker_pedestrian_0001_calibration_19_v1 [210652, 210652]
timed walker_pedestrian_0001_calibration_21_v0 [0, 223165]
timed walker_pedestrian_0001_calibration_21_v1 [0, 221575]
timed walker_pedestrian_0001_calibration_22_v0 [217802, 0]
timed walker_pedestrian_0001_calibration_22_v1 [217194, 0]
timed walker_pedestrian_0001_calibration_24_v0 [221248, 221248]
timed walker_pedestrian_0001_calibration_24_v1 [208201, 208201]
timed walker_pedestrian_0001_calibration_25_v0 [0, 212317]
timed walker_pedestrian_0001_calibration_25_v1 [0, 203812]
timed walker_pedestrian_0001_calibration_26_v0 [212298, 212298]
timed walker_pedestrian_0001_calibration_26_v1 [213518, 213518]
timed walker_pedestrian_0001_calibration_27_v0 [216022, 39165]
timed walker_pedestrian_0001_calibration_27_v1 [211451, 33846]
timed walker_pedestrian_0001_calibration_28_v0 [215806, 215806]
timed walker_pedestrian_0001_calibration_28_v1 [204742, 204742]
timed walker_pedestrian_0001_calibration_29_v0 [0, 213851]
timed walker_pedestrian_0001_calibration_29_v1 [0, 217893]
timed walker_pedestrian_0001_calibration_30_v0 [216529, 216529]
timed walker_pedestrian_0001_calibration_30_v1 [214472, 214472]
timed walker_pedestrian_0001_calibration_31_v0 [0, 221532]
timed walker_pedestrian_0001_calibration_31_v1 [0, 208743]
timed walker_pedestrian_0001_calibration_32_v0 [130545, 211907]
timed walker_pedestrian_0001_calibration_32_v1 [133749, 220773]
timed walker_pedestrian_0001_calibration_33_v0 [0, 214409]
timed walker_pedestrian_0001_calibration_33_v1 [0, 215860]
timed walker_pedestrian_0001_calibration_36_v0 [0, 217689]
timed walker_pedestrian_0001_calibration_36_v1 [0, 203767]
timed walker_pedestrian_0001_calibration_37_v0 [0, 222286]
timed walker_pedestrian_0001_calibration_37_v1 [0, 207376]
timed walker_pedestrian_0001_test_00_v0 [225145, 23257]
timed walker_pedestrian_0001_test_00_v1 [215595, 11]
timed walker_pedestrian_0001_test_01_v0 [210591, 154885]
timed walker_pedestrian_0001_test_01_v1 [216510, 156321]
timed walker_pedestrian_0001_test_02_v0 [214703, 214703]
timed walker_pedestrian_0001_test_02_v1 [213186, 213186]
timed walker_pedestrian_0001_test_03_v0 [0, 214075]
timed walker_pedestrian_0001_test_03_v1 [0, 217228]
timed walker_pedestrian_0001_test_07_v0 [209086, 209086]
timed walker_pedestrian_0001_test_07_v1 [215247, 215247]
timed walker_pedestrian_0001_test_09_v0 [0, 209299]
timed walker_pedestrian_0001_test_09_v1 [0, 214126]
timed walker_pedestrian_0001_test_11_v0 [0, 218981]
timed walker_pedestrian_0001_test_11_v1 [0, 214506]
timed walker_pedestrian_0001_test_13_v0 [211865, 0]
timed walker_pedestrian_0001_test_13_v1 [210641, 0]
timed walker_pedestrian_0001_test_15_v0 [212280, 36976]
timed walker_pedestrian_0001_test_15_v1 [215764, 29822]
timed walker_pedestrian_0001_test_17_v0 [213587, 213587]
timed walker_pedestrian_0001_test_17_v1 [206136, 206136]
timed walker_pedestrian_0001_test_19_v0 [210667, 210667]
timed walker_pedestrian_0001_test_19_v1 [219358, 219358]
timed walker_pedestrian_0001_test_20_v0 [218233, 0]
timed walker_pedestrian_0001_test_20_v1 [212377, 0]
timed walker_pedestrian_0001_test_22_v0 [0, 215921]
timed walker_pedestrian_0001_test_22_v1 [0, 202366]
timed walker_pedestrian_0001_test_23_v0 [215167, 93825]
timed walker_pedestrian_0001_test_23_v1 [218369, 89182]
timed walker_pedestrian_0001_test_24_v0 [204719, 0]
timed walker_pedestrian_0001_test_24_v1 [215066, 0]
timed walker_pedestrian_0001_test_25_v0 [0, 221530]
timed walker_pedestrian_0001_test_25_v1 [0, 216234]
timed walker_pedestrian_0001_test_26_v0 [219913, 219913]
timed walker_pedestrian_0001_test_26_v1 [221935, 221935]
timed walker_pedestrian_0001_test_27_v0 [221725, 221725]
timed walker_pedestrian_0001_test_27_v1 [209967, 209967]
timed walker_pedestrian_0001_test_28_v0 [215645, 215645]
timed walker_pedestrian_0001_test_28_v1 [215836, 215836]
timed walker_pedestrian_0001_test_29_v0 [212051, 0]
timed walker_pedestrian_0001_test_29_v1 [209175, 0]
timed walker_pedestrian_0001_test_34_v0 [210483, 15066]
timed walker_pedestrian_0001_test_34_v1 [209185, 24317]
timed walker_pedestrian_0001_test_35_v0 [219215, 0]
timed walker_pedestrian_0001_test_35_v1 [219205, 0]
timed walker_pedestrian_0001_test_36_v0 [223646, 223646]
timed walker_pedestrian_0001_test_36_v1 [206599, 206599]
timed walker_pedestrian_0001_test_37_v0 [0, 210158]
timed walker_pedestrian_0001_test_37_v1 [0, 212012]
timed walker_pedestrian_0001_test_38_v0 [208957, 0]
timed walker_pedestrian_0001_test_38_v1 [215785, 0]
timed walker_pedestrian_0001_test_39_v0 [211899, 211899]
timed walker_pedestrian_0001_test_39_v1 [218708, 218708]
timed walker_pedestrian_0001_test_41_v0 [220572, 193399]
timed walker_pedestrian_0001_test_41_v1 [211553, 179601]
timed walker_pedestrian_0001_test_42_v0 [220280, 220280]
timed walker_pedestrian_0001_test_42_v1 [213720, 213720]
timed walker_pedestrian_0001_test_43_v0 [0, 219012]
timed walker_pedestrian_0001_test_43_v1 [0, 210992]
timed walker_pedestrian_0001_test_44_v0 [225104, 225104]
timed walker_pedestrian_0001_test_44_v1 [213901, 213901]
timed walker_pedestrian_0001_test_45_v0 [217387, 184017]
timed walker_pedestrian_0001_test_45_v1 [212353, 170715]
timed walker_pedestrian_0001_test_46_v0 [218261, 123689]
timed walker_pedestrian_0001_test_46_v1 [221916, 115917]
timed walker_pedestrian_0001_test_47_v0 [210284, 0]
timed walker_pedestrian_0001_test_47_v1 [215420, 0]
timed walker_pedestrian_0001_test_48_v0 [217356, 146956]
timed walker_pedestrian_0001_test_48_v1 [212021, 148931]
timed walker_pedestrian_0001_test_50_v0 [221276, 221276]
timed walker_pedestrian_0001_test_50_v1 [201400, 201400]
timed walker_pedestrian_0001_test_51_v0 [223543, 0]
timed walker_pedestrian_0001_test_51_v1 [215755, 0]
timed walker_pedestrian_0001_test_52_v0 [207836, 0]
timed walker_pedestrian_0001_test_52_v1 [219522, 0]
timed walker_pedestrian_0001_test_53_v0 [220632, 0]
timed walker_pedestrian_0001_test_53_v1 [207453, 0]
timed walker_pedestrian_0001_test_55_v0 [0, 208363]
timed walker_pedestrian_0001_test_55_v1 [0, 210997]
timed walker_pedestrian_0001_test_58_v0 [21878, 219655]
timed walker_pedestrian_0001_test_58_v1 [13995, 219823]
timed walker_pedestrian_0001_test_59_v0 [210549, 210549]
timed walker_pedestrian_0001_test_59_v1 [218211, 218211]
