{"run": "c0_view0_reference_rate20", "step": 9, "issued": 9, "breach": null}
{"run": "c0_view0_reference_rate20", "step": 19, "issued": 19, "breach": null}
{"run": "c0_view0_reference_rate20", "step": 29, "issued": 20, "breach": null}
{"run": "c0_view0_reference_rate20", "step": 39, "issued": 20, "breach": null}
{"run": "c0_view0_reference_rate20", "corridor": 0, "layout": 0, "method": "reference", "link_mbps": 20.0, "horizon": 0.475, "history": true, "initialized": true, "progress_m": -4.780940568125619e-07, "issued": 20, "breach": null, "collisions": []}
{"run": "c0_view0_reuse_rate20", "step": 9, "issued": 10, "breach": null}
{"run": "c0_view0_reuse_rate20", "step": 19, "issued": 20, "breach": null}
{"run": "c0_view0_reuse_rate20", "step": 29, "issued": 21, "breach": null}
{"run": "c0_view0_reuse_rate20", "step": 39, "issued": 21, "breach": null}
{"run": "c0_view0_reuse_rate20", "corridor": 0, "layout": 0, "method": "reuse", "link_mbps": 20.0, "horizon": 0.475, "history": true, "initialized": true, "progress_m": -4.780940568125619e-07, "issued": 21, "breach": null, "collisions": []}
{"run": "c1_view0_reuse_rate20", "corridor": 1, "layout": 0, "method": "reuse", "link_mbps": 20.0, "horizon": 0.475, "history": true, "initialized": false, "progress_m": 0.0, "issued": 0, "breach": null, "collisions": []}
{"run": "c1_view0_reference_rate20", "corridor": 1, "layout": 0, "method": "reference", "link_mbps": 20.0, "horizon": 0.475, "history": true, "initialized": false, "progress_m": 0.0, "issued": 0, "breach": null, "collisions": []}
{"run": "c2_view0_reference_rate20", "step": 9, "issued": 9, "breach": null}
{"run": "c2_view0_reference_rate20", "step": 19, "issued": 19, "breach": null}
{"run": "c2_view0_reference_rate20", "step": 29, "issued": 20, "breach": null}
{"run": "c2_view0_reference_rate20", "step": 39, "issued": 20, "breach": null}
{"run": "c2_view0_reference_rate20", "corridor": 2, "layout": 0, "method": "reference", "link_mbps": 20.0, "horizon": 0.475, "history": true, "initialized": true, "progress_m": 0.0, "issued": 20, "breach": null, "collisions": []}
{"run": "c2_view0_reuse_rate20", "step": 9, "issued": 10, "breach": null}
{"run": "c2_view0_reuse_rate20", "step": 19, "issued": 20, "breach": null}
{"run": "c2_view0_reuse_rate20", "step": 29, "issued": 21, "breach": null}
{"run": "c2_view0_reuse_rate20", "step": 39, "issued": 21, "breach": null}
{"run": "c2_view0_reuse_rate20", "corridor": 2, "layout": 0, "method": "reuse", "link_mbps": 20.0, "horizon": 0.475, "history": true, "initialized": true, "progress_m": 0.0, "issued": 21, "breach": null, "collisions": []}
{"run": "c0_view0_reference_fixed", "step": 9, "issued": 18, "breach": null}
{"run": "c0_view0_reference_fixed", "step": 19, "issued": 37, "breach": null}
{"run": "c0_view0_reference_fixed", "step": 29, "issued": 39, "breach": null}
{"run": "c0_view0_reference_fixed", "step": 39, "issued": 39, "breach": null}
{"run": "c0_view0_reference_fixed", "corridor": 0, "layout": 0, "method": "reference", "link_mbps": 0.0, "horizon": 0.475, "history": true, "initialized": true, "progress_m": -4.780940568125619e-07, "issued": 39, "breach": null, "collisions": []}
{"run": "c0_view0_reuse_fixed", "step": 9, "issued": 20, "breach": null}
{"run": "c0_view0_reuse_fixed", "step": 19, "issued": 40, "breach": null}
{"run": "c0_view0_reuse_fixed", "step": 29, "issued": 42, "breach": null}
{"run": "c0_view0_reuse_fixed", "step": 39, "issued": 42, "breach": null}
{"run": "c0_view0_reuse_fixed", "corridor": 0, "layout": 0, "method": "reuse", "link_mbps": 0.0, "horizon": 0.475, "history": true, "initialized": true, "progress_m": -4.780940568125619e-07, "issued": 42, "breach": null, "collisions": []}
{"run": "c0_view1_reference_rate20", "corridor": 0, "layout": 1, "method": "reference", "link_mbps": 20.0, "horizon": 0.475, "history": true, "initialized": false, "progress_m": 0.0, "issued": 0, "breach": null, "collisions": []}
{"run": "c0_view1_reuse_rate20", "corridor": 0, "layout": 1, "method": "reuse", "link_mbps": 20.0, "horizon": 0.475, "history": true, "initialized": false, "progress_m": 0.0, "issued": 0, "breach": null, "collisions": []}
