[
  {
    "rate": 20000000,
    "startup": "warm",
    "grants": {
      "sphere_hull": 4563,
      "pose_hull": 4727,
      "joint_hull": 4728,
      "joint_raw": 2279
    },
    "scheduled_queries": 11520,
    "pairwise": {
      "sphere_hull": {
        "joint_only": 167,
        "baseline_only": 2,
        "same": 11351
      },
      "pose_hull": {
        "joint_only": 5,
        "baseline_only": 4,
        "same": 11511
      },
      "joint_raw": {
        "joint_only": 2449,
        "baseline_only": 0,
        "same": 9071
      }
    }
  },
  {
    "rate": 20000000,
    "startup": "cold",
    "grants": {
      "sphere_hull": 4563,
      "pose_hull": 4727,
      "joint_hull": 4728,
      "joint_raw": 2279
    },
    "scheduled_queries": 11520,
    "pairwise": {
      "sphere_hull": {
        "joint_only": 167,
        "baseline_only": 2,
        "same": 11351
      },
      "pose_hull": {
        "joint_only": 5,
        "baseline_only": 4,
        "same": 11511
      },
      "joint_raw": {
        "joint_only": 2449,
        "baseline_only": 0,
        "same": 9071
      }
    }
  },
  {
    "rate": 2000000,
    "startup": "warm",
    "grants": {
      "sphere_hull": 4562,
      "pose_hull": 4726,
      "joint_hull": 4727,
      "joint_raw": 0
    },
    "scheduled_queries": 11520,
    "pairwise": {
      "sphere_hull": {
        "joint_only": 167,
        "baseline_only": 2,
        "same": 11351
      },
      "pose_hull": {
        "joint_only": 5,
        "baseline_only": 4,
        "same": 11511
      },
      "joint_raw": {
        "joint_only": 4727,
        "baseline_only": 0,
        "same": 6793
      }
    }
  },
  {
    "rate": 2000000,
    "startup": "cold",
    "grants": {
      "sphere_hull": 3043,
      "pose_hull": 3159,
      "joint_hull": 3157,
      "joint_raw": 0
    },
    "scheduled_queries": 11520,
    "pairwise": {
      "sphere_hull": {
        "joint_only": 116,
        "baseline_only": 2,
        "same": 11402
      },
      "pose_hull": {
        "joint_only": 2,
        "baseline_only": 4,
        "same": 11514
      },
      "joint_raw": {
        "joint_only": 3157,
        "baseline_only": 0,
        "same": 8363
      }
    }
  }
]
