{"case": "vehicle_audi_a2_test00", "query_index": 0, "lower_us": 0, "upper_us": 500000, "excluded_cells": 208, "elapsed_s": 0.7350047119998635}
{"case": "vehicle_audi_a2_test00", "query_index": 1, "lower_us": 0, "upper_us": 500000, "excluded_cells": 220, "elapsed_s": 0.7427595239996663}
{"case": "vehicle_audi_a2_test10", "query_index": 0, "lower_us": 0, "upper_us": 500000, "excluded_cells": 220, "elapsed_s": 0.7281951640002262}
{"case": "vehicle_audi_a2_test10", "query_index": 1, "lower_us": 0, "upper_us": 500000, "excluded_cells": 194, "elapsed_s": 0.732266127999992}
{"case": "vehicle_diamondback_century_test00", "query_index": 0, "lower_us": 0, "upper_us": 500000, "excluded_cells": 0, "elapsed_s": 0.8219149480000851}
{"case": "vehicle_diamondback_century_test00", "query_index": 1, "lower_us": 0, "upper_us": 500000, "excluded_cells": 0, "elapsed_s": 0.8268013259998952}
{"case": "vehicle_diamondback_century_test10", "query_index": 0, "lower_us": 0, "upper_us": 500000, "excluded_cells": 0, "elapsed_s": 0.8511478649998026}
{"case": "vehicle_diamondback_century_test10", "query_index": 1, "lower_us": 0, "upper_us": 500000, "excluded_cells": 0, "elapsed_s": 0.7897850660001495}
{"case": "vehicle_kawasaki_ninja_test00", "query_index": 0, "lower_us": 0, "upper_us": 500000, "excluded_cells": 0, "elapsed_s": 0.759361386999899}
{"case": "vehicle_kawasaki_ninja_test00", "query_index": 1, "lower_us": 0, "upper_us": 500000, "excluded_cells": 0, "elapsed_s": 0.7767597540000679}
{"case": "vehicle_kawasaki_ninja_test10", "query_index": 0, "lower_us": 0, "upper_us": 500000, "excluded_cells": 0, "elapsed_s": 0.7608237230001578}
{"case": "vehicle_kawasaki_ninja_test10", "query_index": 1, "lower_us": 0, "upper_us": 500000, "excluded_cells": 0, "elapsed_s": 0.7492516820002493}
{"case": "vehicle_mercedes_sprinter_test00", "query_index": 0, "lower_us": 0, "upper_us": 340649, "excluded_cells": 0, "elapsed_s": 0.762360316000013}
{"case": "vehicle_mercedes_sprinter_test00", "query_index": 1, "lower_us": 0, "upper_us": 340649, "excluded_cells": 0, "elapsed_s": 0.750628095999673}
{"case": "vehicle_mercedes_sprinter_test10", "query_index": 0, "lower_us": 0, "upper_us": 340649, "excluded_cells": 0, "elapsed_s": 0.7520363909998196}
{"case": "vehicle_mercedes_sprinter_test10", "query_index": 1, "lower_us": 0, "upper_us": 340649, "excluded_cells": 0, "elapsed_s": 0.75510539600009}
{"case": "vehicle_tesla_model3_test00", "query_index": 0, "lower_us": 0, "upper_us": 444367, "excluded_cells": 70, "elapsed_s": 0.7526110889998563}
{"case": "vehicle_tesla_model3_test00", "query_index": 1, "lower_us": 0, "upper_us": 444367, "excluded_cells": 46, "elapsed_s": 0.7747991569999613}
{"case": "vehicle_tesla_model3_test10", "query_index": 0, "lower_us": 0, "upper_us": 444367, "excluded_cells": 74, "elapsed_s": 0.7540795039999466}
{"case": "vehicle_tesla_model3_test10", "query_index": 1, "lower_us": 0, "upper_us": 444367, "excluded_cells": 44, "elapsed_s": 0.7729758890000085}
{"case": "walker_pedestrian_0001_test00", "query_index": 0, "lower_us": 0, "upper_us": 500000, "excluded_cells": 0, "elapsed_s": 1.2924394359997677}
{"case": "walker_pedestrian_0001_test00", "query_index": 1, "lower_us": 0, "upper_us": 500000, "excluded_cells": 0, "elapsed_s": 1.277780041999904}
{"case": "walker_pedestrian_0001_test10", "query_index": 0, "lower_us": 0, "upper_us": 500000, "excluded_cells": 0, "elapsed_s": 1.287757934000183}
{"case": "walker_pedestrian_0001_test10", "query_index": 1, "lower_us": 0, "upper_us": 500000, "excluded_cells": 0, "elapsed_s": 1.2867913459999727}
