{"case": "vehicle_audi_a2_test00", "query_index": 0, "lower_us": 18528, "upper_us": 500000, "excluded_cells": 7232, "elapsed_s": 9.815615839999737}
{"case": "vehicle_audi_a2_test00", "query_index": 1, "lower_us": 205465, "upper_us": 500000, "excluded_cells": 7294, "elapsed_s": 9.127495204999832}
{"case": "vehicle_audi_a2_test10", "query_index": 0, "lower_us": 210947, "upper_us": 500000, "excluded_cells": 7392, "elapsed_s": 8.981763579000017}
{"case": "vehicle_audi_a2_test10", "query_index": 1, "lower_us": 72599, "upper_us": 500000, "excluded_cells": 7547, "elapsed_s": 9.500853239999742}
{"case": "vehicle_diamondback_century_test00", "query_index": 0, "lower_us": 0, "upper_us": 500000, "excluded_cells": 6272, "elapsed_s": 6.265294770999844}
{"case": "vehicle_diamondback_century_test00", "query_index": 1, "lower_us": 0, "upper_us": 500000, "excluded_cells": 6360, "elapsed_s": 6.128593531000206}
{"case": "vehicle_diamondback_century_test10", "query_index": 0, "lower_us": 0, "upper_us": 500000, "excluded_cells": 6272, "elapsed_s": 6.20443102299987}
{"case": "vehicle_diamondback_century_test10", "query_index": 1, "lower_us": 0, "upper_us": 500000, "excluded_cells": 6360, "elapsed_s": 6.160408616000041}
{"case": "vehicle_kawasaki_ninja_test00", "query_index": 0, "lower_us": 104658, "upper_us": 500000, "excluded_cells": 7483, "elapsed_s": 6.726344229999995}
{"case": "vehicle_kawasaki_ninja_test00", "query_index": 1, "lower_us": 104658, "upper_us": 500000, "excluded_cells": 7494, "elapsed_s": 6.8135799540000335}
{"case": "vehicle_kawasaki_ninja_test10", "query_index": 0, "lower_us": 104658, "upper_us": 500000, "excluded_cells": 7483, "elapsed_s": 6.792055942000388}
{"case": "vehicle_kawasaki_ninja_test10", "query_index": 1, "lower_us": 104658, "upper_us": 500000, "excluded_cells": 7494, "elapsed_s": 6.75918665800009}
{"case": "vehicle_mercedes_sprinter_test00", "query_index": 0, "lower_us": 0, "upper_us": 340649, "excluded_cells": 7095, "elapsed_s": 8.836381308}
{"case": "vehicle_mercedes_sprinter_test00", "query_index": 1, "lower_us": 0, "upper_us": 340649, "excluded_cells": 4598, "elapsed_s": 11.019874081000125}
{"case": "vehicle_mercedes_sprinter_test10", "query_index": 0, "lower_us": 0, "upper_us": 340649, "excluded_cells": 4973, "elapsed_s": 10.950260504000198}
{"case": "vehicle_mercedes_sprinter_test10", "query_index": 1, "lower_us": 0, "upper_us": 340649, "excluded_cells": 6096, "elapsed_s": 9.789421737999874}
{"case": "vehicle_tesla_model3_test00", "query_index": 0, "lower_us": 76833, "upper_us": 444367, "excluded_cells": 7250, "elapsed_s": 9.793463665999752}
{"case": "vehicle_tesla_model3_test00", "query_index": 1, "lower_us": 0, "upper_us": 444367, "excluded_cells": 5361, "elapsed_s": 9.818552043000182}
{"case": "vehicle_tesla_model3_test10", "query_index": 0, "lower_us": 84580, "upper_us": 444367, "excluded_cells": 7408, "elapsed_s": 9.701900287999706}
{"case": "vehicle_tesla_model3_test10", "query_index": 1, "lower_us": 0, "upper_us": 444367, "excluded_cells": 4841, "elapsed_s": 10.058580229999734}
{"case": "walker_pedestrian_0001_test00", "query_index": 0, "lower_us": 0, "upper_us": 500000, "excluded_cells": 20, "elapsed_s": 11.269358377000117}
{"case": "walker_pedestrian_0001_test00", "query_index": 1, "lower_us": 0, "upper_us": 500000, "excluded_cells": 48, "elapsed_s": 11.434530672000164}
{"case": "walker_pedestrian_0001_test10", "query_index": 0, "lower_us": 0, "upper_us": 500000, "excluded_cells": 20, "elapsed_s": 11.304582812999797}
{"case": "walker_pedestrian_0001_test10", "query_index": 1, "lower_us": 0, "upper_us": 500000, "excluded_cells": 48, "elapsed_s": 11.38810675500008}
