{"run": "c0_view0_reference_fixed", "method": "backward", "preset": "standard", "repeat": 0, "geometry": 20, "fresh": 20, "repairs": 0, "coverage": 0.24329508379888268}
{"run": "c0_view0_reference_fixed", "method": "backfill", "preset": "standard", "repeat": 0, "geometry": 20, "fresh": 20, "repairs": 0, "coverage": 0.2443559776536313}
{"run": "c0_view0_reference_fixed", "method": "fine", "preset": "standard", "repeat": 0, "geometry": 20, "fresh": 19, "repairs": 0, "coverage": 0.20785597765363129}
{"run": "c0_view0_reference_fixed", "method": "fixed", "preset": "standard", "repeat": 0, "geometry": 20, "fresh": 20, "repairs": 0, "coverage": 0.2447331843575419}
{"run": "c0_view0_reference_fixed", "method": "backward_fine", "preset": "standard", "repeat": 0, "geometry": 20, "fresh": 20, "repairs": 0, "coverage": 0.20868067039106145}
{"run": "c0_view0_reference_fixed", "method": "backward", "preset": "slow", "repeat": 0, "geometry": 20, "fresh": 14, "repairs": 0, "coverage": 0.16985877094972068}
{"run": "c0_view0_reference_fixed", "method": "backfill", "preset": "slow", "repeat": 0, "geometry": 20, "fresh": 14, "repairs": 0, "coverage": 0.17056905027932961}
{"run": "c0_view0_reference_fixed", "method": "fine", "preset": "slow", "repeat": 0, "geometry": 20, "fresh": 14, "repairs": 0, "coverage": 0.14733932960893856}
{"run": "c0_view0_reference_fixed", "method": "backward_fine", "preset": "slow", "repeat": 0, "geometry": 20, "fresh": 14, "repairs": 0, "coverage": 0.14593351955307263}
{"run": "c0_view0_reference_fixed", "method": "fixed", "preset": "slow", "repeat": 0, "geometry": 20, "fresh": 14, "repairs": 0, "coverage": 0.16793430167597764}
{"run": "c0_view0_reference_fixed", "method": "backfill", "preset": "blackout", "repeat": 0, "geometry": 16, "fresh": 16, "repairs": 1, "coverage": 0.19247351955307263}
{"run": "c0_view0_reference_fixed", "method": "backward", "preset": "blackout", "repeat": 0, "geometry": 16, "fresh": 16, "repairs": 1, "coverage": 0.19043307262569834}
{"run": "c0_view0_reference_fixed", "method": "backward_fine", "preset": "blackout", "repeat": 0, "geometry": 16, "fresh": 16, "repairs": 1, "coverage": 0.16605843575418994}
{"run": "c0_view0_reference_fixed", "method": "fixed", "preset": "blackout", "repeat": 0, "geometry": 7, "fresh": 7, "repairs": 0, "coverage": 0.08030324022346369}
{"run": "c0_view0_reference_fixed", "method": "fine", "preset": "blackout", "repeat": 0, "geometry": 7, "fresh": 7, "repairs": 0, "coverage": 0.06426178770949721}
{"run": "c0_view0_reference_fixed", "method": "backward", "preset": "standard", "repeat": 1, "geometry": 20, "fresh": 20, "repairs": 0, "coverage": 0.24745430167597765}
{"run": "c0_view0_reference_fixed", "method": "fine", "preset": "standard", "repeat": 1, "geometry": 20, "fresh": 20, "repairs": 0, "coverage": 0.2118232402234637}
{"run": "c0_view0_reference_fixed", "method": "fixed", "preset": "standard", "repeat": 1, "geometry": 20, "fresh": 20, "repairs": 0, "coverage": 0.24876111731843575}
{"run": "c0_view0_reference_fixed", "method": "backward_fine", "preset": "standard", "repeat": 1, "geometry": 20, "fresh": 20, "repairs": 0, "coverage": 0.21271977653631285}
{"run": "c0_view0_reference_fixed", "method": "backfill", "preset": "standard", "repeat": 1, "geometry": 20, "fresh": 20, "repairs": 0, "coverage": 0.24707743016759776}
{"run": "c0_view0_reference_fixed", "method": "backward", "preset": "slow", "repeat": 1, "geometry": 20, "fresh": 14, "repairs": 0, "coverage": 0.1705454748603352}
{"run": "c0_view0_reference_fixed", "method": "fixed", "preset": "slow", "repeat": 1, "geometry": 20, "fresh": 14, "repairs": 0, "coverage": 0.17122536312849163}
{"run": "c0_view0_reference_fixed", "method": "backfill", "preset": "slow", "repeat": 1, "geometry": 20, "fresh": 14, "repairs": 0, "coverage": 0.17055340782122905}
{"run": "c0_view0_reference_fixed", "method": "backward_fine", "preset": "slow", "repeat": 1, "geometry": 20, "fresh": 14, "repairs": 0, "coverage": 0.14685977653631285}
{"run": "c0_view0_reference_fixed", "method": "fine", "preset": "slow", "repeat": 1, "geometry": 20, "fresh": 14, "repairs": 0, "coverage": 0.14870648044692739}
{"run": "c0_view0_reference_fixed", "method": "fixed", "preset": "blackout", "repeat": 1, "geometry": 7, "fresh": 7, "repairs": 0, "coverage": 0.08296893854748603}
{"run": "c0_view0_reference_fixed", "method": "fine", "preset": "blackout", "repeat": 1, "geometry": 7, "fresh": 7, "repairs": 0, "coverage": 0.06899608938547486}
{"run": "c0_view0_reference_fixed", "method": "backward_fine", "preset": "blackout", "repeat": 1, "geometry": 16, "fresh": 16, "repairs": 1, "coverage": 0.16931720670391062}
{"run": "c0_view0_reference_fixed", "method": "backward", "preset": "blackout", "repeat": 1, "geometry": 16, "fresh": 16, "repairs": 1, "coverage": 0.19696067039106147}
{"run": "c0_view0_reference_fixed", "method": "backfill", "preset": "blackout", "repeat": 1, "geometry": 16, "fresh": 16, "repairs": 1, "coverage": 0.2003537430167598}
{"run": "c0_view0_reference_fixed", "method": "fixed", "preset": "standard", "repeat": 2, "geometry": 20, "fresh": 20, "repairs": 0, "coverage": 0.2492308379888268}
{"run": "c0_view0_reference_fixed", "method": "backward_fine", "preset": "standard", "repeat": 2, "geometry": 20, "fresh": 20, "repairs": 0, "coverage": 0.2133950837988827}
{"run": "c0_view0_reference_fixed", "method": "fine", "preset": "standard", "repeat": 2, "geometry": 20, "fresh": 20, "repairs": 0, "coverage": 0.2114694972067039}
{"run": "c0_view0_reference_fixed", "method": "backward", "preset": "standard", "repeat": 2, "geometry": 20, "fresh": 20, "repairs": 0, "coverage": 0.24870424581005587}
{"run": "c0_view0_reference_fixed", "method": "backfill", "preset": "standard", "repeat": 2, "geometry": 20, "fresh": 20, "repairs": 0, "coverage": 0.24769921787709498}
{"run": "c0_view0_reference_fixed", "method": "backward", "preset": "slow", "repeat": 2, "geometry": 20, "fresh": 14, "repairs": 0, "coverage": 0.16829620111731844}
{"run": "c0_view0_reference_fixed", "method": "backfill", "preset": "slow", "repeat": 2, "geometry": 20, "fresh": 14, "repairs": 0, "coverage": 0.1706986592178771}
{"run": "c0_view0_reference_fixed", "method": "fine", "preset": "slow", "repeat": 2, "geometry": 20, "fresh": 14, "repairs": 0, "coverage": 0.1490618994413408}
{"run": "c0_view0_reference_fixed", "method": "fixed", "preset": "slow", "repeat": 2, "geometry": 20, "fresh": 14, "repairs": 0, "coverage": 0.17331631284916202}
{"run": "c0_view0_reference_fixed", "method": "backward_fine", "preset": "slow", "repeat": 2, "geometry": 20, "fresh": 14, "repairs": 0, "coverage": 0.1505376536312849}
{"run": "c0_view0_reference_fixed", "method": "fine", "preset": "blackout", "repeat": 2, "geometry": 7, "fresh": 7, "repairs": 0, "coverage": 0.06932469273743017}
{"run": "c0_view0_reference_fixed", "method": "backward", "preset": "blackout", "repeat": 2, "geometry": 16, "fresh": 16, "repairs": 1, "coverage": 0.1984862569832402}
{"run": "c0_view0_reference_fixed", "method": "backfill", "preset": "blackout", "repeat": 2, "geometry": 16, "fresh": 16, "repairs": 1, "coverage": 0.19885787709497207}
{"run": "c0_view0_reference_fixed", "method": "fixed", "preset": "blackout", "repeat": 2, "geometry": 7, "fresh": 7, "repairs": 0, "coverage": 0.08356614525139665}
{"run": "c0_view0_reference_fixed", "method": "backward_fine", "preset": "blackout", "repeat": 2, "geometry": 16, "fresh": 16, "repairs": 1, "coverage": 0.16923441340782122}
{"run": "c0_view0_reference_rate20", "method": "fixed", "preset": "standard", "repeat": 0, "geometry": 2, "fresh": 2, "repairs": 0, "coverage": 0.020749021739130433}
{"run": "c0_view0_reference_rate20", "method": "fine", "preset": "standard", "repeat": 0, "geometry": 2, "fresh": 2, "repairs": 0, "coverage": 0.01759858695652174}
{"run": "c0_view0_reference_rate20", "method": "backfill", "preset": "standard", "repeat": 0, "geometry": 2, "fresh": 2, "repairs": 1, "coverage": 0.022165760869565218}
{"run": "c0_view0_reference_rate20", "method": "backward", "preset": "standard", "repeat": 0, "geometry": 19, "fresh": 19, "repairs": 1, "coverage": 0.21679891304347826}
{"run": "c0_view0_reference_rate20", "method": "backward_fine", "preset": "standard", "repeat": 0, "geometry": 19, "fresh": 19, "repairs": 1, "coverage": 0.18534739130434782}
{"run": "c0_view0_reference_rate20", "method": "backward_fine", "preset": "slow", "repeat": 0, "geometry": 19, "fresh": 14, "repairs": 1, "coverage": 0.1354758695652174}
{"run": "c0_view0_reference_rate20", "method": "backfill", "preset": "slow", "repeat": 0, "geometry": 2, "fresh": 0, "repairs": 1, "coverage": 0.0}
{"run": "c0_view0_reference_rate20", "method": "fine", "preset": "slow", "repeat": 0, "geometry": 2, "fresh": 0, "repairs": 0, "coverage": 0.0}
{"run": "c0_view0_reference_rate20", "method": "backward", "preset": "slow", "repeat": 0, "geometry": 19, "fresh": 14, "repairs": 1, "coverage": 0.1596895652173913}
{"run": "c0_view0_reference_rate20", "method": "fixed", "preset": "slow", "repeat": 0, "geometry": 2, "fresh": 0, "repairs": 0, "coverage": 0.0}
{"run": "c0_view0_reference_rate20", "method": "fixed", "preset": "blackout", "repeat": 0, "geometry": 2, "fresh": 2, "repairs": 0, "coverage": 0.022227065217391304}
{"run": "c0_view0_reference_rate20", "method": "backfill", "preset": "blackout", "repeat": 0, "geometry": 2, "fresh": 2, "repairs": 1, "coverage": 0.020467826086956523}
{"run": "c0_view0_reference_rate20", "method": "fine", "preset": "blackout", "repeat": 0, "geometry": 2, "fresh": 2, "repairs": 0, "coverage": 0.01771358695652174}
{"run": "c0_view0_reference_rate20", "method": "backward", "preset": "blackout", "repeat": 0, "geometry": 15, "fresh": 15, "repairs": 2, "coverage": 0.17031521739130434}
{"run": "c0_view0_reference_rate20", "method": "backward_fine", "preset": "blackout", "repeat": 0, "geometry": 15, "fresh": 15, "repairs": 2, "coverage": 0.1490075}
{"run": "c0_view0_reference_rate20", "method": "fixed", "preset": "standard", "repeat": 1, "geometry": 2, "fresh": 2, "repairs": 0, "coverage": 0.02093130434782609}
{"run": "c0_view0_reference_rate20", "method": "backward", "preset": "standard", "repeat": 1, "geometry": 19, "fresh": 19, "repairs": 1, "coverage": 0.22167260869565217}
{"run": "c0_view0_reference_rate20", "method": "backward_fine", "preset": "standard", "repeat": 1, "geometry": 19, "fresh": 19, "repairs": 1, "coverage": 0.19047489130434783}
{"run": "c0_view0_reference_rate20", "method": "backfill", "preset": "standard", "repeat": 1, "geometry": 2, "fresh": 2, "repairs": 1, "coverage": 0.020674456521739132}
{"run": "c0_view0_reference_rate20", "method": "fine", "preset": "standard", "repeat": 1, "geometry": 2, "fresh": 2, "repairs": 0, "coverage": 0.017485434782608694}
{"run": "c0_view0_reference_rate20", "method": "fine", "preset": "slow", "repeat": 1, "geometry": 2, "fresh": 0, "repairs": 0, "coverage": 0.0}
{"run": "c0_view0_reference_rate20", "method": "fixed", "preset": "slow", "repeat": 1, "geometry": 2, "fresh": 0, "repairs": 0, "coverage": 0.0}
{"run": "c0_view0_reference_rate20", "method": "backward_fine", "preset": "slow", "repeat": 1, "geometry": 19, "fresh": 14, "repairs": 1, "coverage": 0.1358242391304348}
{"run": "c0_view0_reference_rate20", "method": "backfill", "preset": "slow", "repeat": 1, "geometry": 2, "fresh": 0, "repairs": 1, "coverage": 0.0}
{"run": "c0_view0_reference_rate20", "method": "backward", "preset": "slow", "repeat": 1, "geometry": 19, "fresh": 14, "repairs": 1, "coverage": 0.16227097826086956}
{"run": "c0_view0_reference_rate20", "method": "backfill", "preset": "blackout", "repeat": 1, "geometry": 2, "fresh": 2, "repairs": 1, "coverage": 0.020403152173913044}
{"run": "c0_view0_reference_rate20", "method": "fixed", "preset": "blackout", "repeat": 1, "geometry": 2, "fresh": 2, "repairs": 0, "coverage": 0.021503152173913045}
{"run": "c0_view0_reference_rate20", "method": "fine", "preset": "blackout", "repeat": 1, "geometry": 2, "fresh": 2, "repairs": 0, "coverage": 0.01763945652173913}
{"run": "c0_view0_reference_rate20", "method": "backward", "preset": "blackout", "repeat": 1, "geometry": 15, "fresh": 15, "repairs": 2, "coverage": 0.17420423913043478}
{"run": "c0_view0_reference_rate20", "method": "backward_fine", "preset": "blackout", "repeat": 1, "geometry": 15, "fresh": 15, "repairs": 2, "coverage": 0.15083043478260869}
{"run": "c0_view0_reference_rate20", "method": "fine", "preset": "standard", "repeat": 2, "geometry": 2, "fresh": 2, "repairs": 0, "coverage": 0.016398260869565216}
{"run": "c0_view0_reference_rate20", "method": "backward_fine", "preset": "standard", "repeat": 2, "geometry": 19, "fresh": 19, "repairs": 1, "coverage": 0.18913478260869565}
{"run": "c0_view0_reference_rate20", "method": "backward", "preset": "standard", "repeat": 2, "geometry": 19, "fresh": 19, "repairs": 1, "coverage": 0.2211803260869565}
{"run": "c0_view0_reference_rate20", "method": "fixed", "preset": "standard", "repeat": 2, "geometry": 2, "fresh": 2, "repairs": 0, "coverage": 0.020652717391304348}
{"run": "c0_view0_reference_rate20", "method": "backfill", "preset": "standard", "repeat": 2, "geometry": 2, "fresh": 2, "repairs": 1, "coverage": 0.020690434782608697}
{"run": "c0_view0_reference_rate20", "method": "fixed", "preset": "slow", "repeat": 2, "geometry": 2, "fresh": 0, "repairs": 0, "coverage": 0.0}
{"run": "c0_view0_reference_rate20", "method": "fine", "preset": "slow", "repeat": 2, "geometry": 2, "fresh": 0, "repairs": 0, "coverage": 0.0}
{"run": "c0_view0_reference_rate20", "method": "backfill", "preset": "slow", "repeat": 2, "geometry": 2, "fresh": 0, "repairs": 1, "coverage": 0.0}
{"run": "c0_view0_reference_rate20", "method": "backward_fine", "preset": "slow", "repeat": 2, "geometry": 19, "fresh": 14, "repairs": 1, "coverage": 0.13732108695652173}
{"run": "c0_view0_reference_rate20", "method": "backward", "preset": "slow", "repeat": 2, "geometry": 19, "fresh": 14, "repairs": 1, "coverage": 0.16038489130434783}
{"run": "c0_view0_reference_rate20", "method": "backward_fine", "preset": "blackout", "repeat": 2, "geometry": 15, "fresh": 15, "repairs": 2, "coverage": 0.14840130434782609}
{"run": "c0_view0_reference_rate20", "method": "backfill", "preset": "blackout", "repeat": 2, "geometry": 2, "fresh": 2, "repairs": 1, "coverage": 0.022061195652173914}
{"run": "c0_view0_reference_rate20", "method": "fixed", "preset": "blackout", "repeat": 2, "geometry": 2, "fresh": 2, "repairs": 0, "coverage": 0.02078391304347826}
{"run": "c0_view0_reference_rate20", "method": "backward", "preset": "blackout", "repeat": 2, "geometry": 15, "fresh": 15, "repairs": 2, "coverage": 0.17590858695652173}
{"run": "c0_view0_reference_rate20", "method": "fine", "preset": "blackout", "repeat": 2, "geometry": 2, "fresh": 2, "repairs": 0, "coverage": 0.016575760869565217}
{"run": "c0_view0_reuse_fixed", "method": "fine", "preset": "standard", "repeat": 0, "geometry": 20, "fresh": 20, "repairs": 0, "coverage": 0.24514890322580646}
{"run": "c0_view0_reuse_fixed", "method": "backward", "preset": "standard", "repeat": 0, "geometry": 20, "fresh": 20, "repairs": 0, "coverage": 0.2837490322580645}
{"run": "c0_view0_reuse_fixed", "method": "fixed", "preset": "standard", "repeat": 0, "geometry": 20, "fresh": 20, "repairs": 0, "coverage": 0.2851076129032258}
{"run": "c0_view0_reuse_fixed", "method": "backfill", "preset": "standard", "repeat": 0, "geometry": 20, "fresh": 20, "repairs": 0, "coverage": 0.28392064516129034}
{"run": "c0_view0_reuse_fixed", "method": "backward_fine", "preset": "standard", "repeat": 0, "geometry": 20, "fresh": 20, "repairs": 0, "coverage": 0.24516232258064516}
{"run": "c0_view0_reuse_fixed", "method": "backfill", "preset": "slow", "repeat": 0, "geometry": 20, "fresh": 14, "repairs": 0, "coverage": 0.19544825806451613}
{"run": "c0_view0_reuse_fixed", "method": "backward_fine", "preset": "slow", "repeat": 0, "geometry": 20, "fresh": 14, "repairs": 0, "coverage": 0.1678894193548387}
{"run": "c0_view0_reuse_fixed", "method": "fine", "preset": "slow", "repeat": 0, "geometry": 20, "fresh": 14, "repairs": 0, "coverage": 0.16654051612903226}
{"run": "c0_view0_reuse_fixed", "method": "backward", "preset": "slow", "repeat": 0, "geometry": 20, "fresh": 14, "repairs": 0, "coverage": 0.1953731612903226}
{"run": "c0_view0_reuse_fixed", "method": "fixed", "preset": "slow", "repeat": 0, "geometry": 20, "fresh": 14, "repairs": 0, "coverage": 0.19746335483870966}
{"run": "c0_view0_reuse_fixed", "method": "backward_fine", "preset": "blackout", "repeat": 0, "geometry": 16, "fresh": 16, "repairs": 1, "coverage": 0.19917922580645162}
{"run": "c0_view0_reuse_fixed", "method": "backfill", "preset": "blackout", "repeat": 0, "geometry": 16, "fresh": 16, "repairs": 1, "coverage": 0.23091716129032258}
{"run": "c0_view0_reuse_fixed", "method": "fixed", "preset": "blackout", "repeat": 0, "geometry": 7, "fresh": 7, "repairs": 0, "coverage": 0.10024529032258064}
{"run": "c0_view0_reuse_fixed", "method": "fine", "preset": "blackout", "repeat": 0, "geometry": 7, "fresh": 7, "repairs": 0, "coverage": 0.0849505806451613}
{"run": "c0_view0_reuse_fixed", "method": "backward", "preset": "blackout", "repeat": 0, "geometry": 16, "fresh": 16, "repairs": 1, "coverage": 0.22452761290322581}
{"run": "c0_view0_reuse_fixed", "method": "backward", "preset": "standard", "repeat": 1, "geometry": 20, "fresh": 20, "repairs": 0, "coverage": 0.28271612903225807}
{"run": "c0_view0_reuse_fixed", "method": "backward_fine", "preset": "standard", "repeat": 1, "geometry": 20, "fresh": 20, "repairs": 0, "coverage": 0.24121509677419356}
{"run": "c0_view0_reuse_fixed", "method": "fixed", "preset": "standard", "repeat": 1, "geometry": 20, "fresh": 20, "repairs": 0, "coverage": 0.2791069677419355}
{"run": "c0_view0_reuse_fixed", "method": "fine", "preset": "standard", "repeat": 1, "geometry": 20, "fresh": 20, "repairs": 0, "coverage": 0.24056606451612902}
{"run": "c0_view0_reuse_fixed", "method": "backfill", "preset": "standard", "repeat": 1, "geometry": 20, "fresh": 20, "repairs": 0, "coverage": 0.2830658064516129}
{"run": "c0_view0_reuse_fixed", "method": "backward", "preset": "slow", "repeat": 1, "geometry": 20, "fresh": 14, "repairs": 0, "coverage": 0.19255987096774194}
{"run": "c0_view0_reuse_fixed", "method": "backward_fine", "preset": "slow", "repeat": 1, "geometry": 20, "fresh": 14, "repairs": 0, "coverage": 0.16568722580645162}
{"run": "c0_view0_reuse_fixed", "method": "fixed", "preset": "slow", "repeat": 1, "geometry": 20, "fresh": 14, "repairs": 0, "coverage": 0.19548232258064516}
{"run": "c0_view0_reuse_fixed", "method": "fine", "preset": "slow", "repeat": 1, "geometry": 20, "fresh": 14, "repairs": 0, "coverage": 0.1675788387096774}
{"run": "c0_view0_reuse_fixed", "method": "backfill", "preset": "slow", "repeat": 1, "geometry": 20, "fresh": 14, "repairs": 0, "coverage": 0.1923443870967742}
{"run": "c0_view0_reuse_fixed", "method": "backward_fine", "preset": "blackout", "repeat": 1, "geometry": 16, "fresh": 16, "repairs": 1, "coverage": 0.19771961290322582}
{"run": "c0_view0_reuse_fixed", "method": "backward", "preset": "blackout", "repeat": 1, "geometry": 16, "fresh": 16, "repairs": 1, "coverage": 0.22607354838709678}
{"run": "c0_view0_reuse_fixed", "method": "fine", "preset": "blackout", "repeat": 1, "geometry": 7, "fresh": 7, "repairs": 0, "coverage": 0.08484232258064515}
{"run": "c0_view0_reuse_fixed", "method": "fixed", "preset": "blackout", "repeat": 1, "geometry": 7, "fresh": 7, "repairs": 0, "coverage": 0.09966025806451613}
{"run": "c0_view0_reuse_fixed", "method": "backfill", "preset": "blackout", "repeat": 1, "geometry": 16, "fresh": 16, "repairs": 1, "coverage": 0.22837987096774193}
{"run": "c0_view0_reuse_fixed", "method": "backfill", "preset": "standard", "repeat": 2, "geometry": 20, "fresh": 20, "repairs": 0, "coverage": 0.2824905806451613}
{"run": "c0_view0_reuse_fixed", "method": "fixed", "preset": "standard", "repeat": 2, "geometry": 20, "fresh": 20, "repairs": 0, "coverage": 0.2840028387096774}
{"run": "c0_view0_reuse_fixed", "method": "backward_fine", "preset": "standard", "repeat": 2, "geometry": 20, "fresh": 20, "repairs": 0, "coverage": 0.24524877419354837}
{"run": "c0_view0_reuse_fixed", "method": "fine", "preset": "standard", "repeat": 2, "geometry": 20, "fresh": 20, "repairs": 0, "coverage": 0.24487935483870968}
{"run": "c0_view0_reuse_fixed", "method": "backward", "preset": "standard", "repeat": 2, "geometry": 20, "fresh": 20, "repairs": 0, "coverage": 0.28489625806451613}
{"run": "c0_view0_reuse_fixed", "method": "backward", "preset": "slow", "repeat": 2, "geometry": 20, "fresh": 14, "repairs": 0, "coverage": 0.19719587096774194}
{"run": "c0_view0_reuse_fixed", "method": "fine", "preset": "slow", "repeat": 2, "geometry": 20, "fresh": 14, "repairs": 0, "coverage": 0.1678632258064516}
{"run": "c0_view0_reuse_fixed", "method": "backward_fine", "preset": "slow", "repeat": 2, "geometry": 20, "fresh": 14, "repairs": 0, "coverage": 0.16806116129032259}
{"run": "c0_view0_reuse_fixed", "method": "backfill", "preset": "slow", "repeat": 2, "geometry": 20, "fresh": 14, "repairs": 0, "coverage": 0.19297251612903227}
{"run": "c0_view0_reuse_fixed", "method": "fixed", "preset": "slow", "repeat": 2, "geometry": 20, "fresh": 14, "repairs": 0, "coverage": 0.19588322580645162}
{"run": "c0_view0_reuse_fixed", "method": "fine", "preset": "blackout", "repeat": 2, "geometry": 7, "fresh": 7, "repairs": 0, "coverage": 0.08484593548387097}
{"run": "c0_view0_reuse_fixed", "method": "backward_fine", "preset": "blackout", "repeat": 2, "geometry": 16, "fresh": 16, "repairs": 1, "coverage": 0.19707109677419354}
{"run": "c0_view0_reuse_fixed", "method": "backward", "preset": "blackout", "repeat": 2, "geometry": 16, "fresh": 16, "repairs": 1, "coverage": 0.22702993548387096}
{"run": "c0_view0_reuse_fixed", "method": "backfill", "preset": "blackout", "repeat": 2, "geometry": 16, "fresh": 16, "repairs": 1, "coverage": 0.2295338064516129}
{"run": "c0_view0_reuse_fixed", "method": "fixed", "preset": "blackout", "repeat": 2, "geometry": 7, "fresh": 7, "repairs": 0, "coverage": 0.09951470967741935}
{"run": "c0_view0_reuse_rate20", "method": "backward", "preset": "standard", "repeat": 0, "geometry": 20, "fresh": 20, "repairs": 0, "coverage": 0.26054185401989255}
{"run": "c0_view0_reuse_rate20", "method": "fixed", "preset": "standard", "repeat": 0, "geometry": 20, "fresh": 20, "repairs": 0, "coverage": 0.26005732577895274}
{"run": "c0_view0_reuse_rate20", "method": "backward_fine", "preset": "standard", "repeat": 0, "geometry": 20, "fresh": 20, "repairs": 0, "coverage": 0.2233158209665634}
{"run": "c0_view0_reuse_rate20", "method": "fine", "preset": "standard", "repeat": 0, "geometry": 20, "fresh": 20, "repairs": 0, "coverage": 0.22491758177137336}
{"run": "c0_view0_reuse_rate20", "method": "backfill", "preset": "standard", "repeat": 0, "geometry": 20, "fresh": 20, "repairs": 0, "coverage": 0.2617076400367748}
{"run": "c0_view0_reuse_rate20", "method": "fixed", "preset": "slow", "repeat": 0, "geometry": 20, "fresh": 15, "repairs": 0, "coverage": 0.1954178370543601}
{"run": "c0_view0_reuse_rate20", "method": "backward_fine", "preset": "slow", "repeat": 0, "geometry": 20, "fresh": 15, "repairs": 0, "coverage": 0.1645959541388737}
{"run": "c0_view0_reuse_rate20", "method": "backward", "preset": "slow", "repeat": 0, "geometry": 20, "fresh": 15, "repairs": 0, "coverage": 0.19626664197903876}
{"run": "c0_view0_reuse_rate20", "method": "fine", "preset": "slow", "repeat": 0, "geometry": 20, "fresh": 15, "repairs": 0, "coverage": 0.168609412753533}
{"run": "c0_view0_reuse_rate20", "method": "backfill", "preset": "slow", "repeat": 0, "geometry": 20, "fresh": 15, "repairs": 0, "coverage": 0.19633205077584268}
{"run": "c0_view0_reuse_rate20", "method": "backward", "preset": "blackout", "repeat": 0, "geometry": 16, "fresh": 16, "repairs": 1, "coverage": 0.21210701734502926}
{"run": "c0_view0_reuse_rate20", "method": "fixed", "preset": "blackout", "repeat": 0, "geometry": 7, "fresh": 7, "repairs": 0, "coverage": 0.09235671794255121}
{"run": "c0_view0_reuse_rate20", "method": "backfill", "preset": "blackout", "repeat": 0, "geometry": 16, "fresh": 16, "repairs": 1, "coverage": 0.2095458855917125}
{"run": "c0_view0_reuse_rate20", "method": "backward_fine", "preset": "blackout", "repeat": 0, "geometry": 16, "fresh": 16, "repairs": 1, "coverage": 0.17561985212328904}
{"run": "c0_view0_reuse_rate20", "method": "fine", "preset": "blackout", "repeat": 0, "geometry": 7, "fresh": 7, "repairs": 0, "coverage": 0.07419722337141844}
{"run": "c0_view0_reuse_rate20", "method": "backward", "preset": "standard", "repeat": 1, "geometry": 20, "fresh": 20, "repairs": 0, "coverage": 0.2621745582170367}
{"run": "c0_view0_reuse_rate20", "method": "backward_fine", "preset": "standard", "repeat": 1, "geometry": 20, "fresh": 20, "repairs": 0, "coverage": 0.2234231165505514}
{"run": "c0_view0_reuse_rate20", "method": "backfill", "preset": "standard", "repeat": 1, "geometry": 20, "fresh": 20, "repairs": 0, "coverage": 0.26083971561764585}
{"run": "c0_view0_reuse_rate20", "method": "fine", "preset": "standard", "repeat": 1, "geometry": 20, "fresh": 20, "repairs": 0, "coverage": 0.22320802223798464}
{"run": "c0_view0_reuse_rate20", "method": "fixed", "preset": "standard", "repeat": 1, "geometry": 20, "fresh": 20, "repairs": 0, "coverage": 0.25915820639519416}
{"run": "c0_view0_reuse_rate20", "method": "fine", "preset": "slow", "repeat": 1, "geometry": 20, "fresh": 15, "repairs": 0, "coverage": 0.16521658299162478}
{"run": "c0_view0_reuse_rate20", "method": "backward_fine", "preset": "slow", "repeat": 1, "geometry": 20, "fresh": 15, "repairs": 0, "coverage": 0.16845821780399775}
{"run": "c0_view0_reuse_rate20", "method": "backfill", "preset": "slow", "repeat": 1, "geometry": 20, "fresh": 15, "repairs": 0, "coverage": 0.1936885290957825}
{"run": "c0_view0_reuse_rate20", "method": "backward", "preset": "slow", "repeat": 1, "geometry": 20, "fresh": 15, "repairs": 0, "coverage": 0.19547808861910834}
{"run": "c0_view0_reuse_rate20", "method": "fixed", "preset": "slow", "repeat": 1, "geometry": 20, "fresh": 15, "repairs": 0, "coverage": 0.195244377956682}
{"run": "c0_view0_reuse_rate20", "method": "backward", "preset": "blackout", "repeat": 1, "geometry": 16, "fresh": 16, "repairs": 1, "coverage": 0.21021846412346362}
{"run": "c0_view0_reuse_rate20", "method": "backward_fine", "preset": "blackout", "repeat": 1, "geometry": 16, "fresh": 16, "repairs": 1, "coverage": 0.178445763717514}
{"run": "c0_view0_reuse_rate20", "method": "backfill", "preset": "blackout", "repeat": 1, "geometry": 16, "fresh": 16, "repairs": 1, "coverage": 0.2088663888218379}
{"run": "c0_view0_reuse_rate20", "method": "fixed", "preset": "blackout", "repeat": 1, "geometry": 7, "fresh": 7, "repairs": 0, "coverage": 0.08893621522814903}
{"run": "c0_view0_reuse_rate20", "method": "fine", "preset": "blackout", "repeat": 1, "geometry": 7, "fresh": 7, "repairs": 0, "coverage": 0.07626602814263797}
{"run": "c0_view0_reuse_rate20", "method": "backward_fine", "preset": "standard", "repeat": 2, "geometry": 20, "fresh": 20, "repairs": 0, "coverage": 0.22320500337043983}
{"run": "c0_view0_reuse_rate20", "method": "backfill", "preset": "standard", "repeat": 2, "geometry": 20, "fresh": 20, "repairs": 0, "coverage": 0.2661314130652311}
{"run": "c0_view0_reuse_rate20", "method": "fixed", "preset": "standard", "repeat": 2, "geometry": 20, "fresh": 20, "repairs": 0, "coverage": 0.2638491492013649}
{"run": "c0_view0_reuse_rate20", "method": "backward", "preset": "standard", "repeat": 2, "geometry": 20, "fresh": 20, "repairs": 0, "coverage": 0.26446298560214015}
{"run": "c0_view0_reuse_rate20", "method": "fine", "preset": "standard", "repeat": 2, "geometry": 20, "fresh": 20, "repairs": 0, "coverage": 0.22529355656684824}
{"run": "c0_view0_reuse_rate20", "method": "fixed", "preset": "slow", "repeat": 2, "geometry": 20, "fresh": 15, "repairs": 0, "coverage": 0.19727456638055768}
{"run": "c0_view0_reuse_rate20", "method": "backward", "preset": "slow", "repeat": 2, "geometry": 20, "fresh": 15, "repairs": 0, "coverage": 0.19479569876783664}
{"run": "c0_view0_reuse_rate20", "method": "backward_fine", "preset": "slow", "repeat": 2, "geometry": 20, "fresh": 15, "repairs": 0, "coverage": 0.1691294126881242}
{"run": "c0_view0_reuse_rate20", "method": "fine", "preset": "slow", "repeat": 2, "geometry": 20, "fresh": 15, "repairs": 0, "coverage": 0.17001557609866969}
{"run": "c0_view0_reuse_rate20", "method": "backfill", "preset": "slow", "repeat": 2, "geometry": 20, "fresh": 15, "repairs": 0, "coverage": 0.19645607591747472}
{"run": "c0_view0_reuse_rate20", "method": "backward", "preset": "blackout", "repeat": 2, "geometry": 16, "fresh": 16, "repairs": 1, "coverage": 0.2124374575550368}
{"run": "c0_view0_reuse_rate20", "method": "fine", "preset": "blackout", "repeat": 2, "geometry": 7, "fresh": 7, "repairs": 0, "coverage": 0.0772848959390068}
{"run": "c0_view0_reuse_rate20", "method": "backward_fine", "preset": "blackout", "repeat": 2, "geometry": 16, "fresh": 16, "repairs": 1, "coverage": 0.1807162036834964}
{"run": "c0_view0_reuse_rate20", "method": "fixed", "preset": "blackout", "repeat": 2, "geometry": 7, "fresh": 7, "repairs": 0, "coverage": 0.09135986272202985}
{"run": "c0_view0_reuse_rate20", "method": "backfill", "preset": "blackout", "repeat": 2, "geometry": 16, "fresh": 16, "repairs": 1, "coverage": 0.21145028786788833}
{"run": "c2_view0_reference_rate20", "method": "backward", "preset": "standard", "repeat": 0, "geometry": 20, "fresh": 20, "repairs": 0, "coverage": 0.22167536842105262}
{"run": "c2_view0_reference_rate20", "method": "backfill", "preset": "standard", "repeat": 0, "geometry": 20, "fresh": 20, "repairs": 0, "coverage": 0.22020726315789474}
{"run": "c2_view0_reference_rate20", "method": "fixed", "preset": "standard", "repeat": 0, "geometry": 20, "fresh": 20, "repairs": 0, "coverage": 0.22236957894736842}
{"run": "c2_view0_reference_rate20", "method": "backward_fine", "preset": "standard", "repeat": 0, "geometry": 20, "fresh": 20, "repairs": 0, "coverage": 0.18718347368421054}
{"run": "c2_view0_reference_rate20", "method": "fine", "preset": "standard", "repeat": 0, "geometry": 20, "fresh": 20, "repairs": 0, "coverage": 0.18865378947368422}
{"run": "c2_view0_reference_rate20", "method": "backfill", "preset": "slow", "repeat": 0, "geometry": 20, "fresh": 15, "repairs": 0, "coverage": 0.16452368421052632}
{"run": "c2_view0_reference_rate20", "method": "backward_fine", "preset": "slow", "repeat": 0, "geometry": 20, "fresh": 15, "repairs": 0, "coverage": 0.14273231578947368}
{"run": "c2_view0_reference_rate20", "method": "fine", "preset": "slow", "repeat": 0, "geometry": 20, "fresh": 15, "repairs": 0, "coverage": 0.14209284210526316}
{"run": "c2_view0_reference_rate20", "method": "fixed", "preset": "slow", "repeat": 0, "geometry": 20, "fresh": 15, "repairs": 0, "coverage": 0.16473021052631578}
{"run": "c2_view0_reference_rate20", "method": "backward", "preset": "slow", "repeat": 0, "geometry": 20, "fresh": 15, "repairs": 0, "coverage": 0.1697042105263158}
{"run": "c2_view0_reference_rate20", "method": "fine", "preset": "blackout", "repeat": 0, "geometry": 7, "fresh": 7, "repairs": 0, "coverage": 0.06291189473684211}
{"run": "c2_view0_reference_rate20", "method": "backward", "preset": "blackout", "repeat": 0, "geometry": 16, "fresh": 16, "repairs": 1, "coverage": 0.1773475789473684}
{"run": "c2_view0_reference_rate20", "method": "backfill", "preset": "blackout", "repeat": 0, "geometry": 16, "fresh": 16, "repairs": 1, "coverage": 0.17836863157894736}
{"run": "c2_view0_reference_rate20", "method": "backward_fine", "preset": "blackout", "repeat": 0, "geometry": 16, "fresh": 16, "repairs": 1, "coverage": 0.1501121052631579}
{"run": "c2_view0_reference_rate20", "method": "fixed", "preset": "blackout", "repeat": 0, "geometry": 7, "fresh": 7, "repairs": 0, "coverage": 0.07345073684210526}
{"run": "c2_view0_reference_rate20", "method": "fine", "preset": "standard", "repeat": 1, "geometry": 20, "fresh": 20, "repairs": 0, "coverage": 0.18783252631578948}
{"run": "c2_view0_reference_rate20", "method": "backward_fine", "preset": "standard", "repeat": 1, "geometry": 20, "fresh": 20, "repairs": 0, "coverage": 0.18378315789473684}
{"run": "c2_view0_reference_rate20", "method": "fixed", "preset": "standard", "repeat": 1, "geometry": 20, "fresh": 20, "repairs": 0, "coverage": 0.2169856842105263}
{"run": "c2_view0_reference_rate20", "method": "backfill", "preset": "standard", "repeat": 1, "geometry": 20, "fresh": 20, "repairs": 0, "coverage": 0.21779421052631578}
{"run": "c2_view0_reference_rate20", "method": "backward", "preset": "standard", "repeat": 1, "geometry": 20, "fresh": 20, "repairs": 0, "coverage": 0.22033242105263157}
{"run": "c2_view0_reference_rate20", "method": "fine", "preset": "slow", "repeat": 1, "geometry": 20, "fresh": 15, "repairs": 0, "coverage": 0.14347663157894736}
{"run": "c2_view0_reference_rate20", "method": "fixed", "preset": "slow", "repeat": 1, "geometry": 20, "fresh": 15, "repairs": 0, "coverage": 0.16330968421052633}
{"run": "c2_view0_reference_rate20", "method": "backward", "preset": "slow", "repeat": 1, "geometry": 20, "fresh": 15, "repairs": 0, "coverage": 0.16407357894736843}
{"run": "c2_view0_reference_rate20", "method": "backward_fine", "preset": "slow", "repeat": 1, "geometry": 20, "fresh": 15, "repairs": 0, "coverage": 0.14207905263157894}
{"run": "c2_view0_reference_rate20", "method": "backfill", "preset": "slow", "repeat": 1, "geometry": 20, "fresh": 15, "repairs": 0, "coverage": 0.162684}
{"run": "c2_view0_reference_rate20", "method": "fixed", "preset": "blackout", "repeat": 1, "geometry": 7, "fresh": 7, "repairs": 0, "coverage": 0.07469252631578947}
{"run": "c2_view0_reference_rate20", "method": "fine", "preset": "blackout", "repeat": 1, "geometry": 7, "fresh": 7, "repairs": 0, "coverage": 0.061428947368421055}
{"run": "c2_view0_reference_rate20", "method": "backfill", "preset": "blackout", "repeat": 1, "geometry": 16, "fresh": 16, "repairs": 1, "coverage": 0.17539536842105263}
{"run": "c2_view0_reference_rate20", "method": "backward_fine", "preset": "blackout", "repeat": 1, "geometry": 16, "fresh": 16, "repairs": 1, "coverage": 0.14859663157894737}
{"run": "c2_view0_reference_rate20", "method": "backward", "preset": "blackout", "repeat": 1, "geometry": 16, "fresh": 16, "repairs": 1, "coverage": 0.17668778947368421}
{"run": "c2_view0_reference_rate20", "method": "fine", "preset": "standard", "repeat": 2, "geometry": 20, "fresh": 20, "repairs": 0, "coverage": 0.189622}
{"run": "c2_view0_reference_rate20", "method": "fixed", "preset": "standard", "repeat": 2, "geometry": 20, "fresh": 20, "repairs": 0, "coverage": 0.22129263157894738}
{"run": "c2_view0_reference_rate20", "method": "backfill", "preset": "standard", "repeat": 2, "geometry": 20, "fresh": 20, "repairs": 0, "coverage": 0.22070452631578946}
{"run": "c2_view0_reference_rate20", "method": "backward_fine", "preset": "standard", "repeat": 2, "geometry": 20, "fresh": 20, "repairs": 0, "coverage": 0.1875017894736842}
{"run": "c2_view0_reference_rate20", "method": "backward", "preset": "standard", "repeat": 2, "geometry": 20, "fresh": 20, "repairs": 0, "coverage": 0.21989094736842105}
{"run": "c2_view0_reference_rate20", "method": "fixed", "preset": "slow", "repeat": 2, "geometry": 20, "fresh": 15, "repairs": 0, "coverage": 0.16334484210526315}
{"run": "c2_view0_reference_rate20", "method": "backfill", "preset": "slow", "repeat": 2, "geometry": 20, "fresh": 15, "repairs": 0, "coverage": 0.16942515789473683}
{"run": "c2_view0_reference_rate20", "method": "backward", "preset": "slow", "repeat": 2, "geometry": 20, "fresh": 15, "repairs": 0, "coverage": 0.1643178947368421}
{"run": "c2_view0_reference_rate20", "method": "backward_fine", "preset": "slow", "repeat": 2, "geometry": 20, "fresh": 15, "repairs": 0, "coverage": 0.14442}
{"run": "c2_view0_reference_rate20", "method": "fine", "preset": "slow", "repeat": 2, "geometry": 20, "fresh": 15, "repairs": 0, "coverage": 0.1410697894736842}
{"run": "c2_view0_reference_rate20", "method": "backward", "preset": "blackout", "repeat": 2, "geometry": 16, "fresh": 16, "repairs": 1, "coverage": 0.17777831578947367}
{"run": "c2_view0_reference_rate20", "method": "backfill", "preset": "blackout", "repeat": 2, "geometry": 16, "fresh": 16, "repairs": 1, "coverage": 0.17797957894736843}
{"run": "c2_view0_reference_rate20", "method": "fine", "preset": "blackout", "repeat": 2, "geometry": 7, "fresh": 7, "repairs": 0, "coverage": 0.06196421052631579}
{"run": "c2_view0_reference_rate20", "method": "backward_fine", "preset": "blackout", "repeat": 2, "geometry": 16, "fresh": 16, "repairs": 1, "coverage": 0.149808}
{"run": "c2_view0_reference_rate20", "method": "fixed", "preset": "blackout", "repeat": 2, "geometry": 7, "fresh": 7, "repairs": 0, "coverage": 0.07426315789473684}
{"run": "c2_view0_reuse_rate20", "method": "backfill", "preset": "standard", "repeat": 0, "geometry": 20, "fresh": 20, "repairs": 0, "coverage": 0.2693662111801242}
{"run": "c2_view0_reuse_rate20", "method": "backward", "preset": "standard", "repeat": 0, "geometry": 20, "fresh": 20, "repairs": 0, "coverage": 0.2672627329192547}
{"run": "c2_view0_reuse_rate20", "method": "backward_fine", "preset": "standard", "repeat": 0, "geometry": 20, "fresh": 20, "repairs": 0, "coverage": 0.2288472049689441}
{"run": "c2_view0_reuse_rate20", "method": "fixed", "preset": "standard", "repeat": 0, "geometry": 20, "fresh": 20, "repairs": 0, "coverage": 0.265307950310559}
{"run": "c2_view0_reuse_rate20", "method": "fine", "preset": "standard", "repeat": 0, "geometry": 20, "fresh": 20, "repairs": 0, "coverage": 0.22607900621118013}
{"run": "c2_view0_reuse_rate20", "method": "fixed", "preset": "slow", "repeat": 0, "geometry": 20, "fresh": 15, "repairs": 0, "coverage": 0.19695167701863353}
{"run": "c2_view0_reuse_rate20", "method": "fine", "preset": "slow", "repeat": 0, "geometry": 20, "fresh": 15, "repairs": 0, "coverage": 0.17206186335403725}
{"run": "c2_view0_reuse_rate20", "method": "backfill", "preset": "slow", "repeat": 0, "geometry": 20, "fresh": 15, "repairs": 0, "coverage": 0.19539726708074534}
{"run": "c2_view0_reuse_rate20", "method": "backward", "preset": "slow", "repeat": 0, "geometry": 20, "fresh": 15, "repairs": 0, "coverage": 0.1984129192546584}
{"run": "c2_view0_reuse_rate20", "method": "backward_fine", "preset": "slow", "repeat": 0, "geometry": 20, "fresh": 15, "repairs": 0, "coverage": 0.17174968944099378}
{"run": "c2_view0_reuse_rate20", "method": "backward_fine", "preset": "blackout", "repeat": 0, "geometry": 16, "fresh": 16, "repairs": 1, "coverage": 0.1808175155279503}
{"run": "c2_view0_reuse_rate20", "method": "fixed", "preset": "blackout", "repeat": 0, "geometry": 7, "fresh": 7, "repairs": 0, "coverage": 0.09174819875776398}
{"run": "c2_view0_reuse_rate20", "method": "backward", "preset": "blackout", "repeat": 0, "geometry": 16, "fresh": 16, "repairs": 1, "coverage": 0.21241391304347826}
{"run": "c2_view0_reuse_rate20", "method": "fine", "preset": "blackout", "repeat": 0, "geometry": 7, "fresh": 7, "repairs": 0, "coverage": 0.07598993788819876}
{"run": "c2_view0_reuse_rate20", "method": "backfill", "preset": "blackout", "repeat": 0, "geometry": 16, "fresh": 16, "repairs": 1, "coverage": 0.21232509316770187}
{"run": "c2_view0_reuse_rate20", "method": "backward_fine", "preset": "standard", "repeat": 1, "geometry": 20, "fresh": 20, "repairs": 0, "coverage": 0.22651776397515527}
{"run": "c2_view0_reuse_rate20", "method": "fixed", "preset": "standard", "repeat": 1, "geometry": 20, "fresh": 20, "repairs": 0, "coverage": 0.26765304347826085}
{"run": "c2_view0_reuse_rate20", "method": "backward", "preset": "standard", "repeat": 1, "geometry": 20, "fresh": 20, "repairs": 0, "coverage": 0.2661072049689441}
{"run": "c2_view0_reuse_rate20", "method": "fine", "preset": "standard", "repeat": 1, "geometry": 20, "fresh": 20, "repairs": 0, "coverage": 0.2312223602484472}
{"run": "c2_view0_reuse_rate20", "method": "backfill", "preset": "standard", "repeat": 1, "geometry": 20, "fresh": 20, "repairs": 0, "coverage": 0.26688906832298137}
{"run": "c2_view0_reuse_rate20", "method": "fine", "preset": "slow", "repeat": 1, "geometry": 20, "fresh": 15, "repairs": 0, "coverage": 0.1696960248447205}
{"run": "c2_view0_reuse_rate20", "method": "backward", "preset": "slow", "repeat": 1, "geometry": 20, "fresh": 15, "repairs": 0, "coverage": 0.1962383850931677}
{"run": "c2_view0_reuse_rate20", "method": "backfill", "preset": "slow", "repeat": 1, "geometry": 20, "fresh": 15, "repairs": 0, "coverage": 0.20185378881987578}
{"run": "c2_view0_reuse_rate20", "method": "fixed", "preset": "slow", "repeat": 1, "geometry": 20, "fresh": 15, "repairs": 0, "coverage": 0.1958}
{"run": "c2_view0_reuse_rate20", "method": "backward_fine", "preset": "slow", "repeat": 1, "geometry": 20, "fresh": 15, "repairs": 0, "coverage": 0.17384347826086957}
{"run": "c2_view0_reuse_rate20", "method": "backward_fine", "preset": "blackout", "repeat": 1, "geometry": 16, "fresh": 16, "repairs": 1, "coverage": 0.18506906832298137}
{"run": "c2_view0_reuse_rate20", "method": "backfill", "preset": "blackout", "repeat": 1, "geometry": 16, "fresh": 16, "repairs": 1, "coverage": 0.2138552795031056}
{"run": "c2_view0_reuse_rate20", "method": "backward", "preset": "blackout", "repeat": 1, "geometry": 16, "fresh": 16, "repairs": 1, "coverage": 0.215064099378882}
{"run": "c2_view0_reuse_rate20", "method": "fine", "preset": "blackout", "repeat": 1, "geometry": 7, "fresh": 7, "repairs": 0, "coverage": 0.0798527950310559}
{"run": "c2_view0_reuse_rate20", "method": "fixed", "preset": "blackout", "repeat": 1, "geometry": 7, "fresh": 7, "repairs": 0, "coverage": 0.0948095652173913}
{"run": "c2_view0_reuse_rate20", "method": "fine", "preset": "standard", "repeat": 2, "geometry": 20, "fresh": 20, "repairs": 0, "coverage": 0.22520770186335404}
{"run": "c2_view0_reuse_rate20", "method": "backfill", "preset": "standard", "repeat": 2, "geometry": 20, "fresh": 20, "repairs": 0, "coverage": 0.2619586335403727}
{"run": "c2_view0_reuse_rate20", "method": "backward_fine", "preset": "standard", "repeat": 2, "geometry": 20, "fresh": 20, "repairs": 0, "coverage": 0.22712832298136645}
{"run": "c2_view0_reuse_rate20", "method": "backward", "preset": "standard", "repeat": 2, "geometry": 20, "fresh": 20, "repairs": 0, "coverage": 0.26203130434782607}
{"run": "c2_view0_reuse_rate20", "method": "fixed", "preset": "standard", "repeat": 2, "geometry": 20, "fresh": 20, "repairs": 0, "coverage": 0.2656473291925466}
{"run": "c2_view0_reuse_rate20", "method": "backward_fine", "preset": "slow", "repeat": 2, "geometry": 20, "fresh": 15, "repairs": 0, "coverage": 0.16609577639751552}
{"run": "c2_view0_reuse_rate20", "method": "backfill", "preset": "slow", "repeat": 2, "geometry": 20, "fresh": 15, "repairs": 0, "coverage": 0.19494173913043478}
{"run": "c2_view0_reuse_rate20", "method": "backward", "preset": "slow", "repeat": 2, "geometry": 20, "fresh": 15, "repairs": 0, "coverage": 0.1941368944099379}
{"run": "c2_view0_reuse_rate20", "method": "fine", "preset": "slow", "repeat": 2, "geometry": 20, "fresh": 15, "repairs": 0, "coverage": 0.1708144099378882}
{"run": "c2_view0_reuse_rate20", "method": "fixed", "preset": "slow", "repeat": 2, "geometry": 20, "fresh": 15, "repairs": 0, "coverage": 0.1938344099378882}
{"run": "c2_view0_reuse_rate20", "method": "backward", "preset": "blackout", "repeat": 2, "geometry": 16, "fresh": 16, "repairs": 1, "coverage": 0.20966260869565218}
{"run": "c2_view0_reuse_rate20", "method": "backward_fine", "preset": "blackout", "repeat": 2, "geometry": 16, "fresh": 16, "repairs": 1, "coverage": 0.17848198757763975}
{"run": "c2_view0_reuse_rate20", "method": "backfill", "preset": "blackout", "repeat": 2, "geometry": 16, "fresh": 16, "repairs": 1, "coverage": 0.2103976397515528}
{"run": "c2_view0_reuse_rate20", "method": "fixed", "preset": "blackout", "repeat": 2, "geometry": 7, "fresh": 7, "repairs": 0, "coverage": 0.09027788819875776}
{"run": "c2_view0_reuse_rate20", "method": "fine", "preset": "blackout", "repeat": 2, "geometry": 7, "fresh": 7, "repairs": 0, "coverage": 0.0752967701863354}
