pairs 100
pairs 200
pairs 300
pairs 400
pairs 500
pairs 600
pairs 700
pairs 800
pairs 900
pairs 1000
Traceback (most recent call last):
  File "experiments/view_intersection_20261004/evaluate.py", line 76, in <module>
    if __name__=='__main__':main()
  File "experiments/view_intersection_20261004/evaluate.py", line 52, in main
    start=time.perf_counter();g=cache_job(cache,current);end=time.perf_counter();samples.append(end-start)
  File "/home/sheng/mobicom2027_visibility_20261001/experiments/view_intersection_20261004/receiver.py", line 17, in cache_job
    return geometry(a['centers_cm'],b['centers_cm'],a['radius_um'],a['body_um'])
  File "/home/sheng/mobicom2027_visibility_20261001/experiments/view_intersection_20261004/kernel.py", line 134, in geometry
    d = intersection_distance(left,right,q,radius)
  File "/home/sheng/mobicom2027_visibility_20261001/experiments/view_intersection_20261004/kernel.py", line 100, in intersection_distance
    c = lens(a,b,q,radius)
  File "/home/sheng/mobicom2027_visibility_20261001/experiments/view_intersection_20261004/kernel.py", line 78, in lens
    assert candidates
AssertionError
