checked vehicle_audi_a2_test00 0
checked vehicle_audi_a2_test10 0
checked vehicle_audi_a2_test00 1
checked vehicle_audi_a2_test10 1
checked vehicle_diamondback_century_test00 0
checked vehicle_diamondback_century_test10 0
checked vehicle_diamondback_century_test00 1
checked vehicle_diamondback_century_test10 1
checked vehicle_kawasaki_ninja_test00 0
checked vehicle_kawasaki_ninja_test10 0
checked vehicle_kawasaki_ninja_test00 1
checked vehicle_kawasaki_ninja_test10 1
checked vehicle_mercedes_sprinter_test00 0
checked vehicle_mercedes_sprinter_test10 0
checked vehicle_mercedes_sprinter_test00 1
checked vehicle_mercedes_sprinter_test10 1
checked vehicle_tesla_model3_test00 0
checked vehicle_tesla_model3_test10 0
checked vehicle_tesla_model3_test00 1
checked vehicle_tesla_model3_test10 1
checked walker_pedestrian_0001_test00 0
checked walker_pedestrian_0001_test10 0
checked walker_pedestrian_0001_test00 1
checked walker_pedestrian_0001_test10 1
