{"blueprint": "vehicle.audi.a2", "query_index": 0, "radius_um": 0, "budget": 0, "baseline_lower_us": 69431, "lower_us": 69431, "upper_us": 500000, "visits": 0, "has_witness": false}
{"blueprint": "vehicle.audi.a2", "query_index": 0, "radius_um": 0, "budget": 256, "baseline_lower_us": 69431, "lower_us": 69970, "upper_us": 500000, "visits": 256, "has_witness": false}
{"blueprint": "vehicle.audi.a2", "query_index": 0, "radius_um": 0, "budget": 4096, "baseline_lower_us": 69431, "lower_us": 77123, "upper_us": 500000, "visits": 4096, "has_witness": false}
{"blueprint": "vehicle.audi.a2", "query_index": 1, "radius_um": 0, "budget": 0, "baseline_lower_us": 0, "lower_us": 0, "upper_us": 500000, "visits": 0, "has_witness": false}
{"blueprint": "vehicle.audi.a2", "query_index": 1, "radius_um": 0, "budget": 256, "baseline_lower_us": 0, "lower_us": 0, "upper_us": 500000, "visits": 256, "has_witness": false}
{"blueprint": "vehicle.audi.a2", "query_index": 1, "radius_um": 0, "budget": 4096, "baseline_lower_us": 0, "lower_us": 47664, "upper_us": 500000, "visits": 4096, "has_witness": false}
{"blueprint": "vehicle.audi.a2", "query_index": 0, "radius_um": 5000, "budget": 0, "baseline_lower_us": 65439, "lower_us": 65439, "upper_us": 500000, "visits": 0, "has_witness": false}
{"blueprint": "vehicle.audi.a2", "query_index": 0, "radius_um": 5000, "budget": 256, "baseline_lower_us": 65439, "lower_us": 65439, "upper_us": 500000, "visits": 256, "has_witness": false}
{"blueprint": "vehicle.audi.a2", "query_index": 0, "radius_um": 5000, "budget": 4096, "baseline_lower_us": 65439, "lower_us": 83275, "upper_us": 500000, "visits": 4096, "has_witness": false}
{"blueprint": "vehicle.audi.a2", "query_index": 1, "radius_um": 5000, "budget": 0, "baseline_lower_us": 0, "lower_us": 0, "upper_us": 500000, "visits": 0, "has_witness": false}
{"blueprint": "vehicle.audi.a2", "query_index": 1, "radius_um": 5000, "budget": 256, "baseline_lower_us": 0, "lower_us": 0, "upper_us": 500000, "visits": 256, "has_witness": false}
{"blueprint": "vehicle.audi.a2", "query_index": 1, "radius_um": 5000, "budget": 4096, "baseline_lower_us": 0, "lower_us": 47187, "upper_us": 500000, "visits": 4096, "has_witness": false}
{"blueprint": "vehicle.audi.a2", "query_index": 0, "radius_um": 50000, "budget": 0, "baseline_lower_us": 10323, "lower_us": 10323, "upper_us": 500000, "visits": 0, "has_witness": false}
{"blueprint": "vehicle.audi.a2", "query_index": 0, "radius_um": 50000, "budget": 256, "baseline_lower_us": 10323, "lower_us": 10323, "upper_us": 500000, "visits": 256, "has_witness": false}
{"blueprint": "vehicle.audi.a2", "query_index": 0, "radius_um": 50000, "budget": 4096, "baseline_lower_us": 10323, "lower_us": 19615, "upper_us": 500000, "visits": 4096, "has_witness": false}
{"blueprint": "vehicle.audi.a2", "query_index": 1, "radius_um": 50000, "budget": 0, "baseline_lower_us": 0, "lower_us": 0, "upper_us": 500000, "visits": 0, "has_witness": false}
{"blueprint": "vehicle.audi.a2", "query_index": 1, "radius_um": 50000, "budget": 256, "baseline_lower_us": 0, "lower_us": 0, "upper_us": 500000, "visits": 256, "has_witness": false}
{"blueprint": "vehicle.audi.a2", "query_index": 1, "radius_um": 50000, "budget": 4096, "baseline_lower_us": 0, "lower_us": 28576, "upper_us": 500000, "visits": 4096, "has_witness": false}
{"blueprint": "vehicle.diamondback.century", "query_index": 0, "radius_um": 0, "budget": 0, "baseline_lower_us": 265051, "lower_us": 265051, "upper_us": 500000, "visits": 0, "has_witness": false}
{"blueprint": "vehicle.diamondback.century", "query_index": 0, "radius_um": 0, "budget": 256, "baseline_lower_us": 265051, "lower_us": 300015, "upper_us": 500000, "visits": 256, "has_witness": false}
{"blueprint": "vehicle.diamondback.century", "query_index": 0, "radius_um": 0, "budget": 4096, "baseline_lower_us": 265051, "lower_us": 307719, "upper_us": 500000, "visits": 4096, "has_witness": false}
{"blueprint": "vehicle.diamondback.century", "query_index": 1, "radius_um": 0, "budget": 0, "baseline_lower_us": 297139, "lower_us": 297139, "upper_us": 500000, "visits": 0, "has_witness": false}
{"blueprint": "vehicle.diamondback.century", "query_index": 1, "radius_um": 0, "budget": 256, "baseline_lower_us": 297139, "lower_us": 297139, "upper_us": 500000, "visits": 256, "has_witness": false}
{"blueprint": "vehicle.diamondback.century", "query_index": 1, "radius_um": 0, "budget": 4096, "baseline_lower_us": 297139, "lower_us": 299697, "upper_us": 500000, "visits": 4096, "has_witness": false}
{"blueprint": "vehicle.diamondback.century", "query_index": 0, "radius_um": 5000, "budget": 0, "baseline_lower_us": 265051, "lower_us": 265051, "upper_us": 500000, "visits": 0, "has_witness": false}
{"blueprint": "vehicle.diamondback.century", "query_index": 0, "radius_um": 5000, "budget": 256, "baseline_lower_us": 265051, "lower_us": 292932, "upper_us": 500000, "visits": 256, "has_witness": false}
{"blueprint": "vehicle.diamondback.century", "query_index": 0, "radius_um": 5000, "budget": 4096, "baseline_lower_us": 265051, "lower_us": 300015, "upper_us": 500000, "visits": 4096, "has_witness": false}
{"blueprint": "vehicle.diamondback.century", "query_index": 1, "radius_um": 5000, "budget": 0, "baseline_lower_us": 289917, "lower_us": 289917, "upper_us": 500000, "visits": 0, "has_witness": false}
{"blueprint": "vehicle.diamondback.century", "query_index": 1, "radius_um": 5000, "budget": 256, "baseline_lower_us": 289917, "lower_us": 289917, "upper_us": 500000, "visits": 256, "has_witness": false}
{"blueprint": "vehicle.diamondback.century", "query_index": 1, "radius_um": 5000, "budget": 4096, "baseline_lower_us": 289917, "lower_us": 297139, "upper_us": 500000, "visits": 4096, "has_witness": false}
{"blueprint": "vehicle.diamondback.century", "query_index": 0, "radius_um": 50000, "budget": 0, "baseline_lower_us": 133181, "lower_us": 133181, "upper_us": 500000, "visits": 0, "has_witness": false}
{"blueprint": "vehicle.diamondback.century", "query_index": 0, "radius_um": 50000, "budget": 256, "baseline_lower_us": 133181, "lower_us": 135914, "upper_us": 500000, "visits": 256, "has_witness": false}
{"blueprint": "vehicle.diamondback.century", "query_index": 0, "radius_um": 50000, "budget": 4096, "baseline_lower_us": 133181, "lower_us": 152447, "upper_us": 500000, "visits": 4096, "has_witness": false}
{"blueprint": "vehicle.diamondback.century", "query_index": 1, "radius_um": 50000, "budget": 0, "baseline_lower_us": 133181, "lower_us": 133181, "upper_us": 500000, "visits": 0, "has_witness": false}
{"blueprint": "vehicle.diamondback.century", "query_index": 1, "radius_um": 50000, "budget": 256, "baseline_lower_us": 133181, "lower_us": 133181, "upper_us": 500000, "visits": 256, "has_witness": false}
{"blueprint": "vehicle.diamondback.century", "query_index": 1, "radius_um": 50000, "budget": 4096, "baseline_lower_us": 133181, "lower_us": 150353, "upper_us": 500000, "visits": 4096, "has_witness": false}
{"blueprint": "vehicle.kawasaki.ninja", "query_index": 0, "radius_um": 0, "budget": 0, "baseline_lower_us": 341182, "lower_us": 341182, "upper_us": 500000, "visits": 0, "has_witness": false}
{"blueprint": "vehicle.kawasaki.ninja", "query_index": 0, "radius_um": 0, "budget": 256, "baseline_lower_us": 341182, "lower_us": 341979, "upper_us": 500000, "visits": 256, "has_witness": false}
{"blueprint": "vehicle.kawasaki.ninja", "query_index": 0, "radius_um": 0, "budget": 4096, "baseline_lower_us": 341182, "lower_us": 344665, "upper_us": 500000, "visits": 4096, "has_witness": false}
{"blueprint": "vehicle.kawasaki.ninja", "query_index": 1, "radius_um": 0, "budget": 0, "baseline_lower_us": 282245, "lower_us": 282245, "upper_us": 500000, "visits": 0, "has_witness": false}
{"blueprint": "vehicle.kawasaki.ninja", "query_index": 1, "radius_um": 0, "budget": 256, "baseline_lower_us": 282245, "lower_us": 282245, "upper_us": 500000, "visits": 256, "has_witness": false}
{"blueprint": "vehicle.kawasaki.ninja", "query_index": 1, "radius_um": 0, "budget": 4096, "baseline_lower_us": 282245, "lower_us": 285628, "upper_us": 500000, "visits": 4096, "has_witness": false}
{"blueprint": "vehicle.kawasaki.ninja", "query_index": 0, "radius_um": 5000, "budget": 0, "baseline_lower_us": 336479, "lower_us": 336479, "upper_us": 500000, "visits": 0, "has_witness": false}
{"blueprint": "vehicle.kawasaki.ninja", "query_index": 0, "radius_um": 5000, "budget": 256, "baseline_lower_us": 336479, "lower_us": 336479, "upper_us": 500000, "visits": 256, "has_witness": false}
{"blueprint": "vehicle.kawasaki.ninja", "query_index": 0, "radius_um": 5000, "budget": 4096, "baseline_lower_us": 336479, "lower_us": 337221, "upper_us": 500000, "visits": 4096, "has_witness": false}
{"blueprint": "vehicle.kawasaki.ninja", "query_index": 1, "radius_um": 5000, "budget": 0, "baseline_lower_us": 277667, "lower_us": 277667, "upper_us": 500000, "visits": 0, "has_witness": false}
{"blueprint": "vehicle.kawasaki.ninja", "query_index": 1, "radius_um": 5000, "budget": 256, "baseline_lower_us": 277667, "lower_us": 278589, "upper_us": 500000, "visits": 256, "has_witness": false}
{"blueprint": "vehicle.kawasaki.ninja", "query_index": 1, "radius_um": 5000, "budget": 4096, "baseline_lower_us": 277667, "lower_us": 283784, "upper_us": 500000, "visits": 4096, "has_witness": false}
{"blueprint": "vehicle.kawasaki.ninja", "query_index": 0, "radius_um": 50000, "budget": 0, "baseline_lower_us": 304260, "lower_us": 304260, "upper_us": 500000, "visits": 0, "has_witness": false}
{"blueprint": "vehicle.kawasaki.ninja", "query_index": 0, "radius_um": 50000, "budget": 256, "baseline_lower_us": 304260, "lower_us": 304260, "upper_us": 500000, "visits": 256, "has_witness": false}
{"blueprint": "vehicle.kawasaki.ninja", "query_index": 0, "radius_um": 50000, "budget": 4096, "baseline_lower_us": 304260, "lower_us": 305031, "upper_us": 500000, "visits": 4096, "has_witness": false}
{"blueprint": "vehicle.kawasaki.ninja", "query_index": 1, "radius_um": 50000, "budget": 0, "baseline_lower_us": 250763, "lower_us": 250763, "upper_us": 500000, "visits": 0, "has_witness": false}
{"blueprint": "vehicle.kawasaki.ninja", "query_index": 1, "radius_um": 50000, "budget": 256, "baseline_lower_us": 250763, "lower_us": 250763, "upper_us": 500000, "visits": 256, "has_witness": false}
{"blueprint": "vehicle.kawasaki.ninja", "query_index": 1, "radius_um": 50000, "budget": 4096, "baseline_lower_us": 250763, "lower_us": 262303, "upper_us": 500000, "visits": 4096, "has_witness": false}
{"blueprint": "vehicle.mercedes.sprinter", "query_index": 0, "radius_um": 0, "budget": 0, "baseline_lower_us": 0, "lower_us": 0, "upper_us": 340649, "visits": 0, "has_witness": false}
{"blueprint": "vehicle.mercedes.sprinter", "query_index": 0, "radius_um": 0, "budget": 256, "baseline_lower_us": 0, "lower_us": 0, "upper_us": 340649, "visits": 256, "has_witness": false}
{"blueprint": "vehicle.mercedes.sprinter", "query_index": 0, "radius_um": 0, "budget": 4096, "baseline_lower_us": 0, "lower_us": 0, "upper_us": 340649, "visits": 4096, "has_witness": false}
{"blueprint": "vehicle.mercedes.sprinter", "query_index": 1, "radius_um": 0, "budget": 0, "baseline_lower_us": 0, "lower_us": 0, "upper_us": 340649, "visits": 0, "has_witness": false}
{"blueprint": "vehicle.mercedes.sprinter", "query_index": 1, "radius_um": 0, "budget": 256, "baseline_lower_us": 0, "lower_us": 0, "upper_us": 340649, "visits": 256, "has_witness": false}
{"blueprint": "vehicle.mercedes.sprinter", "query_index": 1, "radius_um": 0, "budget": 4096, "baseline_lower_us": 0, "lower_us": 0, "upper_us": 340649, "visits": 4096, "has_witness": false}
{"blueprint": "vehicle.mercedes.sprinter", "query_index": 0, "radius_um": 5000, "budget": 0, "baseline_lower_us": 0, "lower_us": 0, "upper_us": 340649, "visits": 0, "has_witness": false}
{"blueprint": "vehicle.mercedes.sprinter", "query_index": 0, "radius_um": 5000, "budget": 256, "baseline_lower_us": 0, "lower_us": 0, "upper_us": 340649, "visits": 256, "has_witness": false}
{"blueprint": "vehicle.mercedes.sprinter", "query_index": 0, "radius_um": 5000, "budget": 4096, "baseline_lower_us": 0, "lower_us": 0, "upper_us": 340649, "visits": 4096, "has_witness": false}
{"blueprint": "vehicle.mercedes.sprinter", "query_index": 1, "radius_um": 5000, "budget": 0, "baseline_lower_us": 0, "lower_us": 0, "upper_us": 340649, "visits": 0, "has_witness": false}
{"blueprint": "vehicle.mercedes.sprinter", "query_index": 1, "radius_um": 5000, "budget": 256, "baseline_lower_us": 0, "lower_us": 0, "upper_us": 340649, "visits": 256, "has_witness": false}
{"blueprint": "vehicle.mercedes.sprinter", "query_index": 1, "radius_um": 5000, "budget": 4096, "baseline_lower_us": 0, "lower_us": 0, "upper_us": 340649, "visits": 4096, "has_witness": false}
{"blueprint": "vehicle.mercedes.sprinter", "query_index": 0, "radius_um": 50000, "budget": 0, "baseline_lower_us": 0, "lower_us": 0, "upper_us": 340649, "visits": 0, "has_witness": false}
{"blueprint": "vehicle.mercedes.sprinter", "query_index": 0, "radius_um": 50000, "budget": 256, "baseline_lower_us": 0, "lower_us": 0, "upper_us": 340649, "visits": 256, "has_witness": false}
{"blueprint": "vehicle.mercedes.sprinter", "query_index": 0, "radius_um": 50000, "budget": 4096, "baseline_lower_us": 0, "lower_us": 0, "upper_us": 340649, "visits": 4096, "has_witness": false}
{"blueprint": "vehicle.mercedes.sprinter", "query_index": 1, "radius_um": 50000, "budget": 0, "baseline_lower_us": 0, "lower_us": 0, "upper_us": 340649, "visits": 0, "has_witness": false}
{"blueprint": "vehicle.mercedes.sprinter", "query_index": 1, "radius_um": 50000, "budget": 256, "baseline_lower_us": 0, "lower_us": 0, "upper_us": 340649, "visits": 256, "has_witness": false}
{"blueprint": "vehicle.mercedes.sprinter", "query_index": 1, "radius_um": 50000, "budget": 4096, "baseline_lower_us": 0, "lower_us": 0, "upper_us": 340649, "visits": 4096, "has_witness": false}
{"blueprint": "vehicle.tesla.model3", "query_index": 0, "radius_um": 0, "budget": 0, "baseline_lower_us": 77988, "lower_us": 77988, "upper_us": 444367, "visits": 0, "has_witness": false}
{"blueprint": "vehicle.tesla.model3", "query_index": 0, "radius_um": 0, "budget": 256, "baseline_lower_us": 77988, "lower_us": 147111, "upper_us": 444367, "visits": 256, "has_witness": false}
{"blueprint": "vehicle.tesla.model3", "query_index": 0, "radius_um": 0, "budget": 4096, "baseline_lower_us": 77988, "lower_us": 147301, "upper_us": 444367, "visits": 4096, "has_witness": false}
{"blueprint": "vehicle.tesla.model3", "query_index": 1, "radius_um": 0, "budget": 0, "baseline_lower_us": 0, "lower_us": 0, "upper_us": 444367, "visits": 0, "has_witness": false}
{"blueprint": "vehicle.tesla.model3", "query_index": 1, "radius_um": 0, "budget": 256, "baseline_lower_us": 0, "lower_us": 0, "upper_us": 444367, "visits": 256, "has_witness": false}
{"blueprint": "vehicle.tesla.model3", "query_index": 1, "radius_um": 0, "budget": 4096, "baseline_lower_us": 0, "lower_us": 0, "upper_us": 444367, "visits": 4096, "has_witness": false}
{"blueprint": "vehicle.tesla.model3", "query_index": 0, "radius_um": 5000, "budget": 0, "baseline_lower_us": 136536, "lower_us": 136536, "upper_us": 444367, "visits": 0, "has_witness": false}
{"blueprint": "vehicle.tesla.model3", "query_index": 0, "radius_um": 5000, "budget": 256, "baseline_lower_us": 136536, "lower_us": 136536, "upper_us": 444367, "visits": 256, "has_witness": false}
{"blueprint": "vehicle.tesla.model3", "query_index": 0, "radius_um": 5000, "budget": 4096, "baseline_lower_us": 136536, "lower_us": 139713, "upper_us": 444367, "visits": 4096, "has_witness": false}
{"blueprint": "vehicle.tesla.model3", "query_index": 1, "radius_um": 5000, "budget": 0, "baseline_lower_us": 0, "lower_us": 0, "upper_us": 444367, "visits": 0, "has_witness": false}
{"blueprint": "vehicle.tesla.model3", "query_index": 1, "radius_um": 5000, "budget": 256, "baseline_lower_us": 0, "lower_us": 0, "upper_us": 444367, "visits": 256, "has_witness": false}
{"blueprint": "vehicle.tesla.model3", "query_index": 1, "radius_um": 5000, "budget": 4096, "baseline_lower_us": 0, "lower_us": 0, "upper_us": 444367, "visits": 4096, "has_witness": false}
{"blueprint": "vehicle.tesla.model3", "query_index": 0, "radius_um": 50000, "budget": 0, "baseline_lower_us": 77988, "lower_us": 77988, "upper_us": 444367, "visits": 0, "has_witness": false}
{"blueprint": "vehicle.tesla.model3", "query_index": 0, "radius_um": 50000, "budget": 256, "baseline_lower_us": 77988, "lower_us": 95479, "upper_us": 444367, "visits": 256, "has_witness": false}
{"blueprint": "vehicle.tesla.model3", "query_index": 0, "radius_um": 50000, "budget": 4096, "baseline_lower_us": 77988, "lower_us": 98077, "upper_us": 444367, "visits": 4096, "has_witness": false}
{"blueprint": "vehicle.tesla.model3", "query_index": 1, "radius_um": 50000, "budget": 0, "baseline_lower_us": 0, "lower_us": 0, "upper_us": 444367, "visits": 0, "has_witness": false}
{"blueprint": "vehicle.tesla.model3", "query_index": 1, "radius_um": 50000, "budget": 256, "baseline_lower_us": 0, "lower_us": 0, "upper_us": 444367, "visits": 256, "has_witness": false}
{"blueprint": "vehicle.tesla.model3", "query_index": 1, "radius_um": 50000, "budget": 4096, "baseline_lower_us": 0, "lower_us": 0, "upper_us": 444367, "visits": 4096, "has_witness": false}
{"blueprint": "walker.pedestrian.0001", "query_index": 0, "radius_um": 0, "budget": 0, "baseline_lower_us": 0, "lower_us": 0, "upper_us": 500000, "visits": 0, "has_witness": false}
{"blueprint": "walker.pedestrian.0001", "query_index": 0, "radius_um": 0, "budget": 256, "baseline_lower_us": 0, "lower_us": 0, "upper_us": 500000, "visits": 256, "has_witness": false}
{"blueprint": "walker.pedestrian.0001", "query_index": 0, "radius_um": 0, "budget": 4096, "baseline_lower_us": 0, "lower_us": 0, "upper_us": 500000, "visits": 4096, "has_witness": false}
{"blueprint": "walker.pedestrian.0001", "query_index": 1, "radius_um": 0, "budget": 0, "baseline_lower_us": 0, "lower_us": 0, "upper_us": 500000, "visits": 0, "has_witness": false}
{"blueprint": "walker.pedestrian.0001", "query_index": 1, "radius_um": 0, "budget": 256, "baseline_lower_us": 0, "lower_us": 0, "upper_us": 500000, "visits": 256, "has_witness": false}
{"blueprint": "walker.pedestrian.0001", "query_index": 1, "radius_um": 0, "budget": 4096, "baseline_lower_us": 0, "lower_us": 0, "upper_us": 500000, "visits": 4096, "has_witness": false}
{"blueprint": "walker.pedestrian.0001", "query_index": 0, "radius_um": 5000, "budget": 0, "baseline_lower_us": 0, "lower_us": 0, "upper_us": 500000, "visits": 0, "has_witness": false}
{"blueprint": "walker.pedestrian.0001", "query_index": 0, "radius_um": 5000, "budget": 256, "baseline_lower_us": 0, "lower_us": 0, "upper_us": 500000, "visits": 256, "has_witness": false}
{"blueprint": "walker.pedestrian.0001", "query_index": 0, "radius_um": 5000, "budget": 4096, "baseline_lower_us": 0, "lower_us": 0, "upper_us": 500000, "visits": 4096, "has_witness": false}
{"blueprint": "walker.pedestrian.0001", "query_index": 1, "radius_um": 5000, "budget": 0, "baseline_lower_us": 0, "lower_us": 0, "upper_us": 500000, "visits": 0, "has_witness": false}
{"blueprint": "walker.pedestrian.0001", "query_index": 1, "radius_um": 5000, "budget": 256, "baseline_lower_us": 0, "lower_us": 0, "upper_us": 500000, "visits": 256, "has_witness": false}
{"blueprint": "walker.pedestrian.0001", "query_index": 1, "radius_um": 5000, "budget": 4096, "baseline_lower_us": 0, "lower_us": 0, "upper_us": 500000, "visits": 4096, "has_witness": false}
{"blueprint": "walker.pedestrian.0001", "query_index": 0, "radius_um": 50000, "budget": 0, "baseline_lower_us": 0, "lower_us": 0, "upper_us": 500000, "visits": 0, "has_witness": false}
{"blueprint": "walker.pedestrian.0001", "query_index": 0, "radius_um": 50000, "budget": 256, "baseline_lower_us": 0, "lower_us": 0, "upper_us": 500000, "visits": 256, "has_witness": false}
{"blueprint": "walker.pedestrian.0001", "query_index": 0, "radius_um": 50000, "budget": 4096, "baseline_lower_us": 0, "lower_us": 0, "upper_us": 500000, "visits": 4096, "has_witness": false}
{"blueprint": "walker.pedestrian.0001", "query_index": 1, "radius_um": 50000, "budget": 0, "baseline_lower_us": 0, "lower_us": 0, "upper_us": 500000, "visits": 0, "has_witness": false}
{"blueprint": "walker.pedestrian.0001", "query_index": 1, "radius_um": 50000, "budget": 256, "baseline_lower_us": 0, "lower_us": 0, "upper_us": 500000, "visits": 256, "has_witness": false}
{"blueprint": "walker.pedestrian.0001", "query_index": 1, "radius_um": 50000, "budget": 4096, "baseline_lower_us": 0, "lower_us": 0, "upper_us": 500000, "visits": 4096, "has_witness": false}
