{"id": "vehicle_audi_a2_calibration_00_v0", "points": 86447, "actor_returns": 1305, "frame": 11653}
{"id": "vehicle_audi_a2_calibration_00_v1", "points": 90125, "actor_returns": 473, "frame": 11658}
{"id": "vehicle_audi_a2_calibration_01_v0", "points": 86447, "actor_returns": 1530, "frame": 11694}
{"id": "vehicle_audi_a2_calibration_01_v1", "points": 90125, "actor_returns": 670, "frame": 11699}
{"id": "vehicle_audi_a2_calibration_02_v0", "points": 86447, "actor_returns": 1641, "frame": 11735}
{"id": "vehicle_audi_a2_calibration_02_v1", "points": 90125, "actor_returns": 700, "frame": 11740}
{"id": "vehicle_audi_a2_calibration_03_v0", "points": 86447, "actor_returns": 1534, "frame": 11776}
{"id": "vehicle_audi_a2_calibration_03_v1", "points": 90125, "actor_returns": 603, "frame": 11781}
{"id": "vehicle_audi_a2_calibration_04_v0", "points": 86447, "actor_returns": 1373, "frame": 11817}
{"id": "vehicle_audi_a2_calibration_04_v1", "points": 90125, "actor_returns": 524, "frame": 11822}
{"id": "vehicle_audi_a2_calibration_05_v0", "points": 86447, "actor_returns": 1538, "frame": 11858}
{"id": "vehicle_audi_a2_calibration_05_v1", "points": 90125, "actor_returns": 668, "frame": 11863}
{"id": "vehicle_audi_a2_calibration_06_v0", "points": 86447, "actor_returns": 1519, "frame": 11899}
{"id": "vehicle_audi_a2_calibration_06_v1", "points": 90125, "actor_returns": 675, "frame": 11904}
{"id": "vehicle_audi_a2_calibration_07_v0", "points": 86447, "actor_returns": 1686, "frame": 11940}
{"id": "vehicle_audi_a2_calibration_07_v1", "points": 90125, "actor_returns": 723, "frame": 11945}
{"id": "vehicle_audi_a2_calibration_08_v0", "points": 86447, "actor_returns": 1366, "frame": 11981}
{"id": "vehicle_audi_a2_calibration_08_v1", "points": 90125, "actor_returns": 484, "frame": 11986}
{"id": "vehicle_audi_a2_calibration_09_v0", "points": 86447, "actor_returns": 1746, "frame": 12022}
{"id": "vehicle_audi_a2_calibration_09_v1", "points": 90125, "actor_returns": 652, "frame": 12027}
{"id": "vehicle_audi_a2_calibration_10_v0", "points": 86447, "actor_returns": 1686, "frame": 12063}
{"id": "vehicle_audi_a2_calibration_10_v1", "points": 90125, "actor_returns": 621, "frame": 12068}
{"id": "vehicle_audi_a2_calibration_11_v0", "points": 86447, "actor_returns": 1739, "frame": 12104}
{"id": "vehicle_audi_a2_calibration_11_v1", "points": 90125, "actor_returns": 740, "frame": 12109}
{"id": "vehicle_audi_a2_calibration_12_v0", "points": 86447, "actor_returns": 1729, "frame": 12145}
{"id": "vehicle_audi_a2_calibration_12_v1", "points": 90125, "actor_returns": 627, "frame": 12150}
{"id": "vehicle_audi_a2_calibration_13_v0", "points": 86447, "actor_returns": 1657, "frame": 12186}
{"id": "vehicle_audi_a2_calibration_13_v1", "points": 90125, "actor_returns": 583, "frame": 12191}
{"id": "vehicle_audi_a2_calibration_14_v0", "points": 86447, "actor_returns": 1788, "frame": 12227}
{"id": "vehicle_audi_a2_calibration_14_v1", "points": 90125, "actor_returns": 775, "frame": 12232}
{"id": "vehicle_audi_a2_calibration_15_v0", "points": 86447, "actor_returns": 1508, "frame": 12268}
{"id": "vehicle_audi_a2_calibration_15_v1", "points": 90125, "actor_returns": 657, "frame": 12273}
{"id": "vehicle_audi_a2_calibration_16_v0", "points": 86447, "actor_returns": 1787, "frame": 12309}
{"id": "vehicle_audi_a2_calibration_16_v1", "points": 90125, "actor_returns": 767, "frame": 12314}
{"id": "vehicle_audi_a2_calibration_17_v0", "points": 86447, "actor_returns": 1436, "frame": 12350}
{"id": "vehicle_audi_a2_calibration_17_v1", "points": 90125, "actor_returns": 571, "frame": 12355}
{"id": "vehicle_audi_a2_calibration_18_v0", "points": 86447, "actor_returns": 1893, "frame": 12391}
{"id": "vehicle_audi_a2_calibration_18_v1", "points": 90125, "actor_returns": 603, "frame": 12396}
{"id": "vehicle_audi_a2_test_00_v0", "points": 86447, "actor_returns": 1688, "frame": 12432}
{"id": "vehicle_audi_a2_test_00_v1", "points": 90125, "actor_returns": 720, "frame": 12437}
{"id": "vehicle_audi_a2_test_01_v0", "points": 86447, "actor_returns": 1793, "frame": 12473}
{"id": "vehicle_audi_a2_test_01_v1", "points": 90125, "actor_returns": 545, "frame": 12478}
{"id": "vehicle_audi_a2_test_02_v0", "points": 86447, "actor_returns": 1858, "frame": 12514}
{"id": "vehicle_audi_a2_test_02_v1", "points": 90125, "actor_returns": 729, "frame": 12519}
{"id": "vehicle_audi_a2_test_03_v0", "points": 86447, "actor_returns": 1612, "frame": 12555}
{"id": "vehicle_audi_a2_test_03_v1", "points": 90125, "actor_returns": 718, "frame": 12560}
{"id": "vehicle_audi_a2_test_04_v0", "points": 86447, "actor_returns": 1605, "frame": 12596}
{"id": "vehicle_audi_a2_test_04_v1", "points": 90125, "actor_returns": 581, "frame": 12601}
{"id": "vehicle_audi_a2_test_05_v0", "points": 86447, "actor_returns": 1352, "frame": 12637}
{"id": "vehicle_audi_a2_test_05_v1", "points": 90125, "actor_returns": 475, "frame": 12642}
{"id": "vehicle_audi_a2_test_06_v0", "points": 86447, "actor_returns": 1494, "frame": 12678}
{"id": "vehicle_audi_a2_test_06_v1", "points": 90125, "actor_returns": 663, "frame": 12683}
{"id": "vehicle_audi_a2_test_07_v0", "points": 86447, "actor_returns": 1727, "frame": 12719}
{"id": "vehicle_audi_a2_test_07_v1", "points": 90125, "actor_returns": 740, "frame": 12724}
{"id": "vehicle_audi_a2_test_08_v0", "points": 86447, "actor_returns": 1432, "frame": 12760}
{"id": "vehicle_audi_a2_test_08_v1", "points": 90125, "actor_returns": 533, "frame": 12765}
{"id": "vehicle_audi_a2_test_09_v0", "points": 86447, "actor_returns": 1731, "frame": 12801}
{"id": "vehicle_audi_a2_test_09_v1", "points": 90125, "actor_returns": 638, "frame": 12806}
{"id": "vehicle_audi_a2_test_10_v0", "points": 86447, "actor_returns": 1457, "frame": 12842}
{"id": "vehicle_audi_a2_test_10_v1", "points": 90125, "actor_returns": 584, "frame": 12847}
{"id": "vehicle_audi_a2_test_11_v0", "points": 86447, "actor_returns": 1775, "frame": 12883}
{"id": "vehicle_audi_a2_test_11_v1", "points": 90125, "actor_returns": 750, "frame": 12888}
{"id": "vehicle_audi_a2_test_12_v0", "points": 86447, "actor_returns": 1769, "frame": 12924}
{"id": "vehicle_audi_a2_test_12_v1", "points": 90125, "actor_returns": 738, "frame": 12929}
{"id": "vehicle_audi_a2_test_13_v0", "points": 86447, "actor_returns": 1417, "frame": 12965}
{"id": "vehicle_audi_a2_test_13_v1", "points": 90125, "actor_returns": 596, "frame": 12970}
{"id": "vehicle_audi_a2_test_14_v0", "points": 86447, "actor_returns": 1534, "frame": 13006}
{"id": "vehicle_audi_a2_test_14_v1", "points": 90125, "actor_returns": 679, "frame": 13011}
{"id": "vehicle_audi_a2_test_15_v0", "points": 86447, "actor_returns": 1644, "frame": 13047}
{"id": "vehicle_audi_a2_test_15_v1", "points": 90125, "actor_returns": 697, "frame": 13052}
{"id": "vehicle_audi_a2_test_16_v0", "points": 86447, "actor_returns": 1862, "frame": 13088}
{"id": "vehicle_audi_a2_test_16_v1", "points": 90125, "actor_returns": 783, "frame": 13093}
{"id": "vehicle_audi_a2_test_17_v0", "points": 86447, "actor_returns": 1659, "frame": 13129}
{"id": "vehicle_audi_a2_test_17_v1", "points": 90125, "actor_returns": 700, "frame": 13134}
{"id": "vehicle_audi_a2_test_18_v0", "points": 86447, "actor_returns": 1746, "frame": 13170}
{"id": "vehicle_audi_a2_test_18_v1", "points": 90125, "actor_returns": 641, "frame": 13175}
{"id": "vehicle_audi_a2_test_19_v0", "points": 86447, "actor_returns": 1460, "frame": 13211}
{"id": "vehicle_audi_a2_test_19_v1", "points": 90125, "actor_returns": 543, "frame": 13216}
{"id": "vehicle_tesla_model3_calibration_00_v0", "points": 86447, "actor_returns": 2365, "frame": 13252}
{"id": "vehicle_tesla_model3_calibration_00_v1", "points": 90125, "actor_returns": 955, "frame": 13257}
{"id": "vehicle_tesla_model3_calibration_01_v0", "points": 86447, "actor_returns": 2559, "frame": 13293}
{"id": "vehicle_tesla_model3_calibration_01_v1", "points": 90125, "actor_returns": 903, "frame": 13298}
{"id": "vehicle_tesla_model3_calibration_02_v0", "points": 86447, "actor_returns": 2045, "frame": 13334}
{"id": "vehicle_tesla_model3_calibration_02_v1", "points": 90125, "actor_returns": 822, "frame": 13339}
{"id": "vehicle_tesla_model3_calibration_03_v0", "points": 86447, "actor_returns": 2378, "frame": 13375}
{"id": "vehicle_tesla_model3_calibration_03_v1", "points": 90125, "actor_returns": 844, "frame": 13380}
{"id": "vehicle_tesla_model3_calibration_04_v0", "points": 86447, "actor_returns": 2281, "frame": 13416}
{"id": "vehicle_tesla_model3_calibration_04_v1", "points": 90125, "actor_returns": 752, "frame": 13421}
{"id": "vehicle_tesla_model3_calibration_05_v0", "points": 86447, "actor_returns": 2524, "frame": 13457}
{"id": "vehicle_tesla_model3_calibration_05_v1", "points": 90125, "actor_returns": 847, "frame": 13462}
{"id": "vehicle_tesla_model3_calibration_06_v0", "points": 86447, "actor_returns": 2317, "frame": 13498}
{"id": "vehicle_tesla_model3_calibration_06_v1", "points": 90125, "actor_returns": 941, "frame": 13503}
{"id": "vehicle_tesla_model3_calibration_07_v0", "points": 86447, "actor_returns": 2246, "frame": 13539}
{"id": "vehicle_tesla_model3_calibration_07_v1", "points": 90125, "actor_returns": 886, "frame": 13544}
{"id": "vehicle_tesla_model3_calibration_08_v0", "points": 86447, "actor_returns": 2372, "frame": 13580}
{"id": "vehicle_tesla_model3_calibration_08_v1", "points": 90125, "actor_returns": 719, "frame": 13585}
{"id": "vehicle_tesla_model3_calibration_09_v0", "points": 86447, "actor_returns": 2028, "frame": 13621}
{"id": "vehicle_tesla_model3_calibration_09_v1", "points": 90125, "actor_returns": 721, "frame": 13626}
{"id": "vehicle_tesla_model3_calibration_10_v0", "points": 86447, "actor_returns": 2337, "frame": 13662}
{"id": "vehicle_tesla_model3_calibration_10_v1", "points": 90125, "actor_returns": 951, "frame": 13667}
{"id": "vehicle_tesla_model3_calibration_11_v0", "points": 86447, "actor_returns": 1918, "frame": 13703}
{"id": "vehicle_tesla_model3_calibration_11_v1", "points": 90125, "actor_returns": 782, "frame": 13708}
{"id": "vehicle_tesla_model3_calibration_12_v0", "points": 86447, "actor_returns": 2168, "frame": 13744}
{"id": "vehicle_tesla_model3_calibration_12_v1", "points": 90125, "actor_returns": 674, "frame": 13749}
{"id": "vehicle_tesla_model3_calibration_13_v0", "points": 86447, "actor_returns": 2345, "frame": 13785}
{"id": "vehicle_tesla_model3_calibration_13_v1", "points": 90125, "actor_returns": 837, "frame": 13790}
{"id": "vehicle_tesla_model3_calibration_14_v0", "points": 86447, "actor_returns": 2057, "frame": 13826}
{"id": "vehicle_tesla_model3_calibration_14_v1", "points": 90125, "actor_returns": 800, "frame": 13831}
{"id": "vehicle_tesla_model3_calibration_15_v0", "points": 86447, "actor_returns": 2660, "frame": 13867}
{"id": "vehicle_tesla_model3_calibration_15_v1", "points": 90125, "actor_returns": 1025, "frame": 13872}
{"id": "vehicle_tesla_model3_calibration_16_v0", "points": 86447, "actor_returns": 2163, "frame": 13908}
{"id": "vehicle_tesla_model3_calibration_16_v1", "points": 90125, "actor_returns": 899, "frame": 13913}
{"id": "vehicle_tesla_model3_calibration_17_v0", "points": 86447, "actor_returns": 1958, "frame": 13949}
{"id": "vehicle_tesla_model3_calibration_17_v1", "points": 90125, "actor_returns": 611, "frame": 13954}
{"id": "vehicle_tesla_model3_calibration_18_v0", "points": 86447, "actor_returns": 2298, "frame": 13990}
{"id": "vehicle_tesla_model3_calibration_18_v1", "points": 90125, "actor_returns": 737, "frame": 13995}
{"id": "vehicle_tesla_model3_test_00_v0", "points": 86447, "actor_returns": 2480, "frame": 14031}
{"id": "vehicle_tesla_model3_test_00_v1", "points": 90125, "actor_returns": 986, "frame": 14036}
{"id": "vehicle_tesla_model3_test_01_v0", "points": 86447, "actor_returns": 2270, "frame": 14072}
{"id": "vehicle_tesla_model3_test_01_v1", "points": 90125, "actor_returns": 716, "frame": 14077}
{"id": "vehicle_tesla_model3_test_02_v0", "points": 86447, "actor_returns": 2681, "frame": 14113}
{"id": "vehicle_tesla_model3_test_02_v1", "points": 90125, "actor_returns": 845, "frame": 14118}
{"id": "vehicle_tesla_model3_test_03_v0", "points": 86447, "actor_returns": 2091, "frame": 14154}
{"id": "vehicle_tesla_model3_test_03_v1", "points": 90125, "actor_returns": 885, "frame": 14159}
{"id": "vehicle_tesla_model3_test_04_v0", "points": 86447, "actor_returns": 2136, "frame": 14195}
{"id": "vehicle_tesla_model3_test_04_v1", "points": 90125, "actor_returns": 884, "frame": 14200}
{"id": "vehicle_tesla_model3_test_05_v0", "points": 86447, "actor_returns": 2339, "frame": 14236}
{"id": "vehicle_tesla_model3_test_05_v1", "points": 90125, "actor_returns": 890, "frame": 14241}
{"id": "vehicle_tesla_model3_test_06_v0", "points": 86447, "actor_returns": 2033, "frame": 14277}
{"id": "vehicle_tesla_model3_test_06_v1", "points": 90125, "actor_returns": 700, "frame": 14282}
{"id": "vehicle_tesla_model3_test_07_v0", "points": 86447, "actor_returns": 2882, "frame": 14318}
{"id": "vehicle_tesla_model3_test_07_v1", "points": 90125, "actor_returns": 1004, "frame": 14323}
{"id": "vehicle_tesla_model3_test_08_v0", "points": 86447, "actor_returns": 2358, "frame": 14359}
{"id": "vehicle_tesla_model3_test_08_v1", "points": 90125, "actor_returns": 852, "frame": 14364}
{"id": "vehicle_tesla_model3_test_09_v0", "points": 86447, "actor_returns": 2504, "frame": 14400}
{"id": "vehicle_tesla_model3_test_09_v1", "points": 90125, "actor_returns": 941, "frame": 14405}
{"id": "vehicle_tesla_model3_test_10_v0", "points": 86447, "actor_returns": 2138, "frame": 14441}
{"id": "vehicle_tesla_model3_test_10_v1", "points": 90125, "actor_returns": 836, "frame": 14446}
{"id": "vehicle_tesla_model3_test_11_v0", "points": 86447, "actor_returns": 2157, "frame": 14482}
{"id": "vehicle_tesla_model3_test_11_v1", "points": 90125, "actor_returns": 650, "frame": 14487}
{"id": "vehicle_tesla_model3_test_12_v0", "points": 86447, "actor_returns": 2269, "frame": 14523}
{"id": "vehicle_tesla_model3_test_12_v1", "points": 90125, "actor_returns": 789, "frame": 14528}
{"id": "vehicle_tesla_model3_test_13_v0", "points": 86447, "actor_returns": 2395, "frame": 14564}
{"id": "vehicle_tesla_model3_test_13_v1", "points": 90125, "actor_returns": 918, "frame": 14569}
{"id": "vehicle_tesla_model3_test_14_v0", "points": 86447, "actor_returns": 2047, "frame": 14605}
{"id": "vehicle_tesla_model3_test_14_v1", "points": 90125, "actor_returns": 686, "frame": 14610}
{"id": "vehicle_tesla_model3_test_15_v0", "points": 86447, "actor_returns": 2082, "frame": 14646}
{"id": "vehicle_tesla_model3_test_15_v1", "points": 90125, "actor_returns": 675, "frame": 14651}
{"id": "vehicle_tesla_model3_test_16_v0", "points": 86447, "actor_returns": 2094, "frame": 14687}
{"id": "vehicle_tesla_model3_test_16_v1", "points": 90125, "actor_returns": 698, "frame": 14692}
{"id": "vehicle_tesla_model3_test_17_v0", "points": 86447, "actor_returns": 2299, "frame": 14728}
{"id": "vehicle_tesla_model3_test_17_v1", "points": 90125, "actor_returns": 852, "frame": 14733}
{"id": "vehicle_tesla_model3_test_18_v0", "points": 86447, "actor_returns": 2390, "frame": 14769}
{"id": "vehicle_tesla_model3_test_18_v1", "points": 90125, "actor_returns": 739, "frame": 14774}
{"id": "vehicle_tesla_model3_test_19_v0", "points": 86447, "actor_returns": 2061, "frame": 14810}
{"id": "vehicle_tesla_model3_test_19_v1", "points": 90125, "actor_returns": 761, "frame": 14815}
{"id": "vehicle_mercedes_sprinter_calibration_00_v0", "points": 86447, "actor_returns": 4175, "frame": 14851}
{"id": "vehicle_mercedes_sprinter_calibration_00_v1", "points": 90125, "actor_returns": 1265, "frame": 14856}
{"id": "vehicle_mercedes_sprinter_calibration_01_v0", "points": 86447, "actor_returns": 4215, "frame": 14892}
{"id": "vehicle_mercedes_sprinter_calibration_01_v1", "points": 90125, "actor_returns": 1916, "frame": 14897}
{"id": "vehicle_mercedes_sprinter_calibration_02_v0", "points": 86447, "actor_returns": 3322, "frame": 14933}
{"id": "vehicle_mercedes_sprinter_calibration_02_v1", "points": 90125, "actor_returns": 1523, "frame": 14938}
{"id": "vehicle_mercedes_sprinter_calibration_03_v0", "points": 86447, "actor_returns": 3523, "frame": 14974}
{"id": "vehicle_mercedes_sprinter_calibration_03_v1", "points": 90125, "actor_returns": 1436, "frame": 14979}
{"id": "vehicle_mercedes_sprinter_calibration_04_v0", "points": 86447, "actor_returns": 3893, "frame": 15015}
{"id": "vehicle_mercedes_sprinter_calibration_04_v1", "points": 90125, "actor_returns": 1317, "frame": 15020}
{"id": "vehicle_mercedes_sprinter_calibration_05_v0", "points": 86447, "actor_returns": 3532, "frame": 15056}
{"id": "vehicle_mercedes_sprinter_calibration_05_v1", "points": 90125, "actor_returns": 1511, "frame": 15061}
{"id": "vehicle_mercedes_sprinter_calibration_06_v0", "points": 86447, "actor_returns": 4000, "frame": 15097}
{"id": "vehicle_mercedes_sprinter_calibration_06_v1", "points": 90125, "actor_returns": 1656, "frame": 15102}
{"id": "vehicle_mercedes_sprinter_calibration_07_v0", "points": 86447, "actor_returns": 3625, "frame": 15138}
{"id": "vehicle_mercedes_sprinter_calibration_07_v1", "points": 90125, "actor_returns": 1162, "frame": 15143}
{"id": "vehicle_mercedes_sprinter_calibration_08_v0", "points": 86447, "actor_returns": 3429, "frame": 15179}
{"id": "vehicle_mercedes_sprinter_calibration_08_v1", "points": 90125, "actor_returns": 1238, "frame": 15184}
{"id": "vehicle_mercedes_sprinter_calibration_09_v0", "points": 86447, "actor_returns": 4176, "frame": 15220}
{"id": "vehicle_mercedes_sprinter_calibration_09_v1", "points": 90125, "actor_returns": 1799, "frame": 15225}
{"id": "vehicle_mercedes_sprinter_calibration_10_v0", "points": 86447, "actor_returns": 3262, "frame": 15261}
{"id": "vehicle_mercedes_sprinter_calibration_10_v1", "points": 90125, "actor_returns": 1506, "frame": 15266}
{"id": "vehicle_mercedes_sprinter_calibration_11_v0", "points": 86447, "actor_returns": 3905, "frame": 15302}
{"id": "vehicle_mercedes_sprinter_calibration_11_v1", "points": 90125, "actor_returns": 1807, "frame": 15307}
{"id": "vehicle_mercedes_sprinter_calibration_12_v0", "points": 86447, "actor_returns": 3837, "frame": 15343}
{"id": "vehicle_mercedes_sprinter_calibration_12_v1", "points": 90125, "actor_returns": 1746, "frame": 15348}
{"id": "vehicle_mercedes_sprinter_calibration_13_v0", "points": 86447, "actor_returns": 3799, "frame": 15384}
{"id": "vehicle_mercedes_sprinter_calibration_13_v1", "points": 90125, "actor_returns": 1478, "frame": 15389}
{"id": "vehicle_mercedes_sprinter_calibration_14_v0", "points": 86447, "actor_returns": 4112, "frame": 15425}
{"id": "vehicle_mercedes_sprinter_calibration_14_v1", "points": 90125, "actor_returns": 1897, "frame": 15430}
{"id": "vehicle_mercedes_sprinter_calibration_15_v0", "points": 86447, "actor_returns": 3738, "frame": 15466}
{"id": "vehicle_mercedes_sprinter_calibration_15_v1", "points": 90125, "actor_returns": 1604, "frame": 15471}
{"id": "vehicle_mercedes_sprinter_calibration_16_v0", "points": 86447, "actor_returns": 3313, "frame": 15507}
{"id": "vehicle_mercedes_sprinter_calibration_16_v1", "points": 90125, "actor_returns": 1548, "frame": 15512}
{"id": "vehicle_mercedes_sprinter_calibration_17_v0", "points": 86447, "actor_returns": 3282, "frame": 15548}
{"id": "vehicle_mercedes_sprinter_calibration_17_v1", "points": 90125, "actor_returns": 1552, "frame": 15553}
{"id": "vehicle_mercedes_sprinter_calibration_18_v0", "points": 86447, "actor_returns": 4373, "frame": 15589}
{"id": "vehicle_mercedes_sprinter_calibration_18_v1", "points": 90125, "actor_returns": 1681, "frame": 15594}
{"id": "vehicle_mercedes_sprinter_test_00_v0", "points": 86447, "actor_returns": 4037, "frame": 15630}
{"id": "vehicle_mercedes_sprinter_test_00_v1", "points": 90125, "actor_returns": 1365, "frame": 15635}
{"id": "vehicle_mercedes_sprinter_test_01_v0", "points": 86447, "actor_returns": 3690, "frame": 15671}
{"id": "vehicle_mercedes_sprinter_test_01_v1", "points": 90125, "actor_returns": 1353, "frame": 15676}
{"id": "vehicle_mercedes_sprinter_test_02_v0", "points": 86447, "actor_returns": 4485, "frame": 15712}
{"id": "vehicle_mercedes_sprinter_test_02_v1", "points": 90125, "actor_returns": 1401, "frame": 15717}
{"id": "vehicle_mercedes_sprinter_test_03_v0", "points": 86447, "actor_returns": 3227, "frame": 15753}
{"id": "vehicle_mercedes_sprinter_test_03_v1", "points": 90125, "actor_returns": 1378, "frame": 15758}
{"id": "vehicle_mercedes_sprinter_test_04_v0", "points": 86447, "actor_returns": 3540, "frame": 15794}
{"id": "vehicle_mercedes_sprinter_test_04_v1", "points": 90125, "actor_returns": 1485, "frame": 15799}
{"id": "vehicle_mercedes_sprinter_test_05_v0", "points": 86447, "actor_returns": 4632, "frame": 15835}
{"id": "vehicle_mercedes_sprinter_test_05_v1", "points": 90125, "actor_returns": 1353, "frame": 15840}
{"id": "vehicle_mercedes_sprinter_test_06_v0", "points": 86447, "actor_returns": 3792, "frame": 15876}
{"id": "vehicle_mercedes_sprinter_test_06_v1", "points": 90125, "actor_returns": 1700, "frame": 15881}
{"id": "vehicle_mercedes_sprinter_test_07_v0", "points": 86447, "actor_returns": 3990, "frame": 15917}
{"id": "vehicle_mercedes_sprinter_test_07_v1", "points": 90125, "actor_returns": 1773, "frame": 15922}
{"id": "vehicle_mercedes_sprinter_test_08_v0", "points": 86447, "actor_returns": 4105, "frame": 15958}
{"id": "vehicle_mercedes_sprinter_test_08_v1", "points": 90125, "actor_returns": 1720, "frame": 15963}
{"id": "vehicle_mercedes_sprinter_test_09_v0", "points": 86447, "actor_returns": 3606, "frame": 15999}
{"id": "vehicle_mercedes_sprinter_test_09_v1", "points": 90125, "actor_returns": 1661, "frame": 16004}
{"id": "vehicle_mercedes_sprinter_test_10_v0", "points": 86447, "actor_returns": 4105, "frame": 16040}
{"id": "vehicle_mercedes_sprinter_test_10_v1", "points": 90125, "actor_returns": 1708, "frame": 16045}
{"id": "vehicle_mercedes_sprinter_test_11_v0", "points": 86447, "actor_returns": 3192, "frame": 16081}
{"id": "vehicle_mercedes_sprinter_test_11_v1", "points": 90125, "actor_returns": 1337, "frame": 16086}
{"id": "vehicle_mercedes_sprinter_test_12_v0", "points": 86447, "actor_returns": 3638, "frame": 16122}
{"id": "vehicle_mercedes_sprinter_test_12_v1", "points": 90125, "actor_returns": 1538, "frame": 16127}
{"id": "vehicle_mercedes_sprinter_test_13_v0", "points": 86447, "actor_returns": 3860, "frame": 16163}
{"id": "vehicle_mercedes_sprinter_test_13_v1", "points": 90125, "actor_returns": 1740, "frame": 16168}
{"id": "vehicle_mercedes_sprinter_test_14_v0", "points": 86447, "actor_returns": 4272, "frame": 16204}
{"id": "vehicle_mercedes_sprinter_test_14_v1", "points": 90125, "actor_returns": 1485, "frame": 16209}
{"id": "vehicle_mercedes_sprinter_test_15_v0", "points": 86447, "actor_returns": 3701, "frame": 16245}
{"id": "vehicle_mercedes_sprinter_test_15_v1", "points": 90125, "actor_returns": 1647, "frame": 16250}
{"id": "vehicle_mercedes_sprinter_test_16_v0", "points": 86447, "actor_returns": 3683, "frame": 16286}
{"id": "vehicle_mercedes_sprinter_test_16_v1", "points": 90125, "actor_returns": 1417, "frame": 16291}
{"id": "vehicle_mercedes_sprinter_test_17_v0", "points": 86447, "actor_returns": 3746, "frame": 16327}
{"id": "vehicle_mercedes_sprinter_test_17_v1", "points": 90125, "actor_returns": 1742, "frame": 16332}
{"id": "vehicle_mercedes_sprinter_test_18_v0", "points": 86447, "actor_returns": 4018, "frame": 16368}
{"id": "vehicle_mercedes_sprinter_test_18_v1", "points": 90125, "actor_returns": 1839, "frame": 16373}
{"id": "vehicle_mercedes_sprinter_test_19_v0", "points": 86447, "actor_returns": 3606, "frame": 16409}
{"id": "vehicle_mercedes_sprinter_test_19_v1", "points": 90125, "actor_returns": 1643, "frame": 16414}
{"id": "vehicle_diamondback_century_calibration_00_v0", "points": 86447, "actor_returns": 159, "frame": 16450}
{"id": "vehicle_diamondback_century_calibration_00_v1", "points": 90125, "actor_returns": 89, "frame": 16455}
{"id": "vehicle_diamondback_century_calibration_01_v0", "points": 86447, "actor_returns": 138, "frame": 16491}
{"id": "vehicle_diamondback_century_calibration_01_v1", "points": 90125, "actor_returns": 63, "frame": 16496}
{"id": "vehicle_diamondback_century_calibration_02_v0", "points": 86447, "actor_returns": 154, "frame": 16532}
{"id": "vehicle_diamondback_century_calibration_02_v1", "points": 90125, "actor_returns": 83, "frame": 16537}
{"id": "vehicle_diamondback_century_calibration_03_v0", "points": 86447, "actor_returns": 139, "frame": 16573}
{"id": "vehicle_diamondback_century_calibration_03_v1", "points": 90125, "actor_returns": 85, "frame": 16578}
{"id": "vehicle_diamondback_century_calibration_04_v0", "points": 86447, "actor_returns": 147, "frame": 16614}
{"id": "vehicle_diamondback_century_calibration_04_v1", "points": 90125, "actor_returns": 80, "frame": 16619}
{"id": "vehicle_diamondback_century_calibration_05_v0", "points": 86447, "actor_returns": 126, "frame": 16655}
{"id": "vehicle_diamondback_century_calibration_05_v1", "points": 90125, "actor_returns": 62, "frame": 16660}
{"id": "vehicle_diamondback_century_calibration_06_v0", "points": 86447, "actor_returns": 147, "frame": 16696}
{"id": "vehicle_diamondback_century_calibration_06_v1", "points": 90125, "actor_returns": 82, "frame": 16701}
{"id": "vehicle_diamondback_century_calibration_07_v0", "points": 86447, "actor_returns": 115, "frame": 16737}
{"id": "vehicle_diamondback_century_calibration_07_v1", "points": 90125, "actor_returns": 59, "frame": 16742}
{"id": "vehicle_diamondback_century_calibration_08_v0", "points": 86447, "actor_returns": 117, "frame": 16778}
{"id": "vehicle_diamondback_century_calibration_08_v1", "points": 90125, "actor_returns": 57, "frame": 16783}
{"id": "vehicle_diamondback_century_calibration_09_v0", "points": 86447, "actor_returns": 158, "frame": 16819}
{"id": "vehicle_diamondback_century_calibration_09_v1", "points": 90125, "actor_returns": 88, "frame": 16824}
{"id": "vehicle_diamondback_century_calibration_10_v0", "points": 86447, "actor_returns": 158, "frame": 16860}
{"id": "vehicle_diamondback_century_calibration_10_v1", "points": 90125, "actor_returns": 79, "frame": 16865}
{"id": "vehicle_diamondback_century_calibration_11_v0", "points": 86447, "actor_returns": 183, "frame": 16901}
{"id": "vehicle_diamondback_century_calibration_11_v1", "points": 90125, "actor_returns": 109, "frame": 16906}
{"id": "vehicle_diamondback_century_calibration_12_v0", "points": 86447, "actor_returns": 141, "frame": 16942}
{"id": "vehicle_diamondback_century_calibration_12_v1", "points": 90125, "actor_returns": 79, "frame": 16947}
{"id": "vehicle_diamondback_century_calibration_13_v0", "points": 86447, "actor_returns": 114, "frame": 16983}
{"id": "vehicle_diamondback_century_calibration_13_v1", "points": 90125, "actor_returns": 62, "frame": 16988}
{"id": "vehicle_diamondback_century_calibration_14_v0", "points": 86447, "actor_returns": 128, "frame": 17024}
{"id": "vehicle_diamondback_century_calibration_14_v1", "points": 90125, "actor_returns": 66, "frame": 17029}
{"id": "vehicle_diamondback_century_calibration_15_v0", "points": 86447, "actor_returns": 155, "frame": 17065}
{"id": "vehicle_diamondback_century_calibration_15_v1", "points": 90125, "actor_returns": 78, "frame": 17070}
{"id": "vehicle_diamondback_century_calibration_16_v0", "points": 86447, "actor_returns": 136, "frame": 17106}
{"id": "vehicle_diamondback_century_calibration_16_v1", "points": 90125, "actor_returns": 67, "frame": 17111}
{"id": "vehicle_diamondback_century_calibration_17_v0", "points": 86447, "actor_returns": 151, "frame": 17147}
{"id": "vehicle_diamondback_century_calibration_17_v1", "points": 90125, "actor_returns": 89, "frame": 17152}
{"id": "vehicle_diamondback_century_calibration_18_v0", "points": 86447, "actor_returns": 111, "frame": 17188}
{"id": "vehicle_diamondback_century_calibration_18_v1", "points": 90125, "actor_returns": 52, "frame": 17193}
{"id": "vehicle_diamondback_century_test_00_v0", "points": 86447, "actor_returns": 139, "frame": 17229}
{"id": "vehicle_diamondback_century_test_00_v1", "points": 90125, "actor_returns": 78, "frame": 17234}
{"id": "vehicle_diamondback_century_test_01_v0", "points": 86447, "actor_returns": 174, "frame": 17270}
{"id": "vehicle_diamondback_century_test_01_v1", "points": 90125, "actor_returns": 93, "frame": 17275}
{"id": "vehicle_diamondback_century_test_02_v0", "points": 86447, "actor_returns": 166, "frame": 17311}
{"id": "vehicle_diamondback_century_test_02_v1", "points": 90125, "actor_returns": 89, "frame": 17316}
{"id": "vehicle_diamondback_century_test_03_v0", "points": 86447, "actor_returns": 141, "frame": 17352}
{"id": "vehicle_diamondback_century_test_03_v1", "points": 90125, "actor_returns": 71, "frame": 17357}
{"id": "vehicle_diamondback_century_test_04_v0", "points": 86447, "actor_returns": 157, "frame": 17393}
{"id": "vehicle_diamondback_century_test_04_v1", "points": 90125, "actor_returns": 91, "frame": 17398}
{"id": "vehicle_diamondback_century_test_05_v0", "points": 86447, "actor_returns": 111, "frame": 17434}
{"id": "vehicle_diamondback_century_test_05_v1", "points": 90125, "actor_returns": 57, "frame": 17439}
{"id": "vehicle_diamondback_century_test_06_v0", "points": 86447, "actor_returns": 111, "frame": 17475}
{"id": "vehicle_diamondback_century_test_06_v1", "points": 90125, "actor_returns": 69, "frame": 17480}
{"id": "vehicle_diamondback_century_test_07_v0", "points": 86447, "actor_returns": 154, "frame": 17516}
{"id": "vehicle_diamondback_century_test_07_v1", "points": 90125, "actor_returns": 86, "frame": 17521}
{"id": "vehicle_diamondback_century_test_08_v0", "points": 86447, "actor_returns": 158, "frame": 17557}
{"id": "vehicle_diamondback_century_test_08_v1", "points": 90125, "actor_returns": 93, "frame": 17562}
{"id": "vehicle_diamondback_century_test_09_v0", "points": 86447, "actor_returns": 138, "frame": 17598}
{"id": "vehicle_diamondback_century_test_09_v1", "points": 90125, "actor_returns": 77, "frame": 17603}
{"id": "vehicle_diamondback_century_test_10_v0", "points": 86447, "actor_returns": 100, "frame": 17639}
{"id": "vehicle_diamondback_century_test_10_v1", "points": 90125, "actor_returns": 55, "frame": 17644}
{"id": "vehicle_diamondback_century_test_11_v0", "points": 86447, "actor_returns": 148, "frame": 17680}
{"id": "vehicle_diamondback_century_test_11_v1", "points": 90125, "actor_returns": 86, "frame": 17685}
{"id": "vehicle_diamondback_century_test_12_v0", "points": 86447, "actor_returns": 130, "frame": 17721}
{"id": "vehicle_diamondback_century_test_12_v1", "points": 90125, "actor_returns": 62, "frame": 17726}
{"id": "vehicle_diamondback_century_test_13_v0", "points": 86447, "actor_returns": 157, "frame": 17762}
{"id": "vehicle_diamondback_century_test_13_v1", "points": 90125, "actor_returns": 95, "frame": 17767}
{"id": "vehicle_diamondback_century_test_14_v0", "points": 86447, "actor_returns": 173, "frame": 17803}
{"id": "vehicle_diamondback_century_test_14_v1", "points": 90125, "actor_returns": 92, "frame": 17808}
{"id": "vehicle_diamondback_century_test_15_v0", "points": 86447, "actor_returns": 154, "frame": 17844}
{"id": "vehicle_diamondback_century_test_15_v1", "points": 90125, "actor_returns": 84, "frame": 17849}
{"id": "vehicle_diamondback_century_test_16_v0", "points": 86447, "actor_returns": 116, "frame": 17885}
{"id": "vehicle_diamondback_century_test_16_v1", "points": 90125, "actor_returns": 65, "frame": 17890}
{"id": "vehicle_diamondback_century_test_17_v0", "points": 86447, "actor_returns": 113, "frame": 17926}
{"id": "vehicle_diamondback_century_test_17_v1", "points": 90125, "actor_returns": 56, "frame": 17931}
{"id": "vehicle_diamondback_century_test_18_v0", "points": 86447, "actor_returns": 137, "frame": 17967}
{"id": "vehicle_diamondback_century_test_18_v1", "points": 90125, "actor_returns": 73, "frame": 17972}
{"id": "vehicle_diamondback_century_test_19_v0", "points": 86447, "actor_returns": 156, "frame": 18008}
{"id": "vehicle_diamondback_century_test_19_v1", "points": 90125, "actor_returns": 80, "frame": 18013}
{"id": "vehicle_kawasaki_ninja_calibration_00_v0", "points": 86447, "actor_returns": 223, "frame": 18049}
{"id": "vehicle_kawasaki_ninja_calibration_00_v1", "points": 90125, "actor_returns": 95, "frame": 18054}
{"id": "vehicle_kawasaki_ninja_calibration_01_v0", "points": 86447, "actor_returns": 240, "frame": 18090}
{"id": "vehicle_kawasaki_ninja_calibration_01_v1", "points": 90125, "actor_returns": 144, "frame": 18095}
{"id": "vehicle_kawasaki_ninja_calibration_02_v0", "points": 86447, "actor_returns": 347, "frame": 18131}
{"id": "vehicle_kawasaki_ninja_calibration_02_v1", "points": 90125, "actor_returns": 187, "frame": 18136}
{"id": "vehicle_kawasaki_ninja_calibration_03_v0", "points": 86447, "actor_returns": 240, "frame": 18172}
{"id": "vehicle_kawasaki_ninja_calibration_03_v1", "points": 90125, "actor_returns": 86, "frame": 18177}
{"id": "vehicle_kawasaki_ninja_calibration_04_v0", "points": 86447, "actor_returns": 296, "frame": 18213}
{"id": "vehicle_kawasaki_ninja_calibration_04_v1", "points": 90125, "actor_returns": 164, "frame": 18218}
{"id": "vehicle_kawasaki_ninja_calibration_05_v0", "points": 86447, "actor_returns": 271, "frame": 18254}
{"id": "vehicle_kawasaki_ninja_calibration_05_v1", "points": 90125, "actor_returns": 105, "frame": 18259}
{"id": "vehicle_kawasaki_ninja_calibration_06_v0", "points": 86447, "actor_returns": 302, "frame": 18295}
{"id": "vehicle_kawasaki_ninja_calibration_06_v1", "points": 90125, "actor_returns": 164, "frame": 18300}
{"id": "vehicle_kawasaki_ninja_calibration_07_v0", "points": 86447, "actor_returns": 246, "frame": 18336}
{"id": "vehicle_kawasaki_ninja_calibration_07_v1", "points": 90125, "actor_returns": 127, "frame": 18341}
{"id": "vehicle_kawasaki_ninja_calibration_08_v0", "points": 86447, "actor_returns": 246, "frame": 18377}
{"id": "vehicle_kawasaki_ninja_calibration_08_v1", "points": 90125, "actor_returns": 111, "frame": 18382}
{"id": "vehicle_kawasaki_ninja_calibration_09_v0", "points": 86447, "actor_returns": 353, "frame": 18418}
{"id": "vehicle_kawasaki_ninja_calibration_09_v1", "points": 90125, "actor_returns": 207, "frame": 18423}
{"id": "vehicle_kawasaki_ninja_calibration_10_v0", "points": 86447, "actor_returns": 292, "frame": 18459}
{"id": "vehicle_kawasaki_ninja_calibration_10_v1", "points": 90125, "actor_returns": 164, "frame": 18464}
{"id": "vehicle_kawasaki_ninja_calibration_11_v0", "points": 86447, "actor_returns": 289, "frame": 18500}
{"id": "vehicle_kawasaki_ninja_calibration_11_v1", "points": 90125, "actor_returns": 166, "frame": 18505}
{"id": "vehicle_kawasaki_ninja_calibration_12_v0", "points": 86447, "actor_returns": 330, "frame": 18541}
{"id": "vehicle_kawasaki_ninja_calibration_12_v1", "points": 90125, "actor_returns": 196, "frame": 18546}
{"id": "vehicle_kawasaki_ninja_calibration_13_v0", "points": 86447, "actor_returns": 306, "frame": 18582}
{"id": "vehicle_kawasaki_ninja_calibration_13_v1", "points": 90125, "actor_returns": 183, "frame": 18587}
{"id": "vehicle_kawasaki_ninja_calibration_14_v0", "points": 86447, "actor_returns": 301, "frame": 18623}
{"id": "vehicle_kawasaki_ninja_calibration_14_v1", "points": 90125, "actor_returns": 169, "frame": 18628}
{"id": "vehicle_kawasaki_ninja_calibration_15_v0", "points": 86447, "actor_returns": 267, "frame": 18664}
{"id": "vehicle_kawasaki_ninja_calibration_15_v1", "points": 90125, "actor_returns": 103, "frame": 18669}
{"id": "vehicle_kawasaki_ninja_calibration_16_v0", "points": 86447, "actor_returns": 239, "frame": 18705}
{"id": "vehicle_kawasaki_ninja_calibration_16_v1", "points": 90125, "actor_returns": 102, "frame": 18710}
{"id": "vehicle_kawasaki_ninja_calibration_17_v0", "points": 86447, "actor_returns": 266, "frame": 18746}
{"id": "vehicle_kawasaki_ninja_calibration_17_v1", "points": 90125, "actor_returns": 134, "frame": 18751}
{"id": "vehicle_kawasaki_ninja_calibration_18_v0", "points": 86447, "actor_returns": 311, "frame": 18787}
{"id": "vehicle_kawasaki_ninja_calibration_18_v1", "points": 90125, "actor_returns": 177, "frame": 18792}
{"id": "vehicle_kawasaki_ninja_test_00_v0", "points": 86447, "actor_returns": 336, "frame": 18828}
{"id": "vehicle_kawasaki_ninja_test_00_v1", "points": 90125, "actor_returns": 190, "frame": 18833}
{"id": "vehicle_kawasaki_ninja_test_01_v0", "points": 86447, "actor_returns": 289, "frame": 18869}
{"id": "vehicle_kawasaki_ninja_test_01_v1", "points": 90125, "actor_returns": 110, "frame": 18874}
{"id": "vehicle_kawasaki_ninja_test_02_v0", "points": 86447, "actor_returns": 274, "frame": 18910}
{"id": "vehicle_kawasaki_ninja_test_02_v1", "points": 90125, "actor_returns": 107, "frame": 18915}
{"id": "vehicle_kawasaki_ninja_test_03_v0", "points": 86447, "actor_returns": 315, "frame": 18951}
{"id": "vehicle_kawasaki_ninja_test_03_v1", "points": 90125, "actor_returns": 186, "frame": 18956}
{"id": "vehicle_kawasaki_ninja_test_04_v0", "points": 86447, "actor_returns": 245, "frame": 18992}
{"id": "vehicle_kawasaki_ninja_test_04_v1", "points": 90125, "actor_returns": 103, "frame": 18997}
{"id": "vehicle_kawasaki_ninja_test_05_v0", "points": 86447, "actor_returns": 238, "frame": 19033}
{"id": "vehicle_kawasaki_ninja_test_05_v1", "points": 90125, "actor_returns": 85, "frame": 19038}
{"id": "vehicle_kawasaki_ninja_test_06_v0", "points": 86447, "actor_returns": 305, "frame": 19074}
{"id": "vehicle_kawasaki_ninja_test_06_v1", "points": 90125, "actor_returns": 177, "frame": 19079}
{"id": "vehicle_kawasaki_ninja_test_07_v0", "points": 86447, "actor_returns": 248, "frame": 19115}
{"id": "vehicle_kawasaki_ninja_test_07_v1", "points": 90125, "actor_returns": 111, "frame": 19120}
{"id": "vehicle_kawasaki_ninja_test_08_v0", "points": 86447, "actor_returns": 258, "frame": 19156}
{"id": "vehicle_kawasaki_ninja_test_08_v1", "points": 90125, "actor_returns": 94, "frame": 19161}
{"id": "vehicle_kawasaki_ninja_test_09_v0", "points": 86447, "actor_returns": 247, "frame": 19197}
{"id": "vehicle_kawasaki_ninja_test_09_v1", "points": 90125, "actor_returns": 131, "frame": 19202}
{"id": "vehicle_kawasaki_ninja_test_10_v0", "points": 86447, "actor_returns": 233, "frame": 19238}
{"id": "vehicle_kawasaki_ninja_test_10_v1", "points": 90125, "actor_returns": 89, "frame": 19243}
{"id": "vehicle_kawasaki_ninja_test_11_v0", "points": 86447, "actor_returns": 268, "frame": 19279}
{"id": "vehicle_kawasaki_ninja_test_11_v1", "points": 90125, "actor_returns": 140, "frame": 19284}
{"id": "vehicle_kawasaki_ninja_test_12_v0", "points": 86447, "actor_returns": 367, "frame": 19320}
{"id": "vehicle_kawasaki_ninja_test_12_v1", "points": 90125, "actor_returns": 201, "frame": 19325}
{"id": "vehicle_kawasaki_ninja_test_13_v0", "points": 86447, "actor_returns": 359, "frame": 19361}
{"id": "vehicle_kawasaki_ninja_test_13_v1", "points": 90125, "actor_returns": 213, "frame": 19366}
{"id": "vehicle_kawasaki_ninja_test_14_v0", "points": 86447, "actor_returns": 213, "frame": 19402}
{"id": "vehicle_kawasaki_ninja_test_14_v1", "points": 90125, "actor_returns": 113, "frame": 19407}
{"id": "vehicle_kawasaki_ninja_test_15_v0", "points": 86447, "actor_returns": 338, "frame": 19443}
{"id": "vehicle_kawasaki_ninja_test_15_v1", "points": 90125, "actor_returns": 197, "frame": 19448}
{"id": "vehicle_kawasaki_ninja_test_16_v0", "points": 86447, "actor_returns": 292, "frame": 19484}
{"id": "vehicle_kawasaki_ninja_test_16_v1", "points": 90125, "actor_returns": 109, "frame": 19489}
{"id": "vehicle_kawasaki_ninja_test_17_v0", "points": 86447, "actor_returns": 286, "frame": 19525}
{"id": "vehicle_kawasaki_ninja_test_17_v1", "points": 90125, "actor_returns": 155, "frame": 19530}
{"id": "vehicle_kawasaki_ninja_test_18_v0", "points": 86447, "actor_returns": 322, "frame": 19566}
{"id": "vehicle_kawasaki_ninja_test_18_v1", "points": 90125, "actor_returns": 188, "frame": 19571}
{"id": "vehicle_kawasaki_ninja_test_19_v0", "points": 86447, "actor_returns": 344, "frame": 19607}
{"id": "vehicle_kawasaki_ninja_test_19_v1", "points": 90125, "actor_returns": 191, "frame": 19612}
{"id": "walker_pedestrian_0001_calibration_02_v0", "points": 86447, "actor_returns": 72, "frame": 19648}
{"id": "walker_pedestrian_0001_calibration_02_v1", "points": 90125, "actor_returns": 42, "frame": 19653}
{"id": "walker_pedestrian_0001_calibration_03_v0", "points": 86447, "actor_returns": 80, "frame": 19689}
{"id": "walker_pedestrian_0001_calibration_03_v1", "points": 90125, "actor_returns": 53, "frame": 19694}
{"id": "walker_pedestrian_0001_calibration_04_v0", "points": 86447, "actor_returns": 70, "frame": 19730}
{"id": "walker_pedestrian_0001_calibration_04_v1", "points": 90125, "actor_returns": 43, "frame": 19735}
{"id": "walker_pedestrian_0001_calibration_05_v0", "points": 86447, "actor_returns": 87, "frame": 19771}
{"id": "walker_pedestrian_0001_calibration_05_v1", "points": 90125, "actor_returns": 52, "frame": 19776}
{"id": "walker_pedestrian_0001_calibration_06_v0", "points": 86447, "actor_returns": 73, "frame": 19812}
{"id": "walker_pedestrian_0001_calibration_06_v1", "points": 90125, "actor_returns": 46, "frame": 19817}
{"id": "walker_pedestrian_0001_calibration_07_v0", "points": 86447, "actor_returns": 85, "frame": 19853}
{"id": "walker_pedestrian_0001_calibration_07_v1", "points": 90125, "actor_returns": 60, "frame": 19858}
{"id": "walker_pedestrian_0001_calibration_08_v0", "points": 86447, "actor_returns": 76, "frame": 19894}
{"id": "walker_pedestrian_0001_calibration_08_v1", "points": 90125, "actor_returns": 50, "frame": 19899}
{"id": "walker_pedestrian_0001_calibration_09_v0", "points": 86447, "actor_returns": 95, "frame": 19935}
{"id": "walker_pedestrian_0001_calibration_09_v1", "points": 90125, "actor_returns": 55, "frame": 19940}
{"id": "walker_pedestrian_0001_calibration_10_v0", "points": 86447, "actor_returns": 87, "frame": 19976}
{"id": "walker_pedestrian_0001_calibration_10_v1", "points": 90125, "actor_returns": 55, "frame": 19981}
{"id": "walker_pedestrian_0001_calibration_11_v0", "points": 86447, "actor_returns": 94, "frame": 20017}
{"id": "walker_pedestrian_0001_calibration_11_v1", "points": 90125, "actor_returns": 59, "frame": 20022}
{"id": "walker_pedestrian_0001_calibration_12_v0", "points": 86447, "actor_returns": 81, "frame": 20058}
{"id": "walker_pedestrian_0001_calibration_12_v1", "points": 90125, "actor_returns": 53, "frame": 20063}
{"id": "walker_pedestrian_0001_calibration_14_v0", "points": 86447, "actor_returns": 80, "frame": 20099}
{"id": "walker_pedestrian_0001_calibration_14_v1", "points": 90125, "actor_returns": 53, "frame": 20104}
{"id": "walker_pedestrian_0001_calibration_15_v0", "points": 86447, "actor_returns": 72, "frame": 20140}
{"id": "walker_pedestrian_0001_calibration_15_v1", "points": 90125, "actor_returns": 42, "frame": 20145}
{"id": "walker_pedestrian_0001_calibration_16_v0", "points": 86447, "actor_returns": 96, "frame": 20181}
{"id": "walker_pedestrian_0001_calibration_16_v1", "points": 90125, "actor_returns": 63, "frame": 20186}
{"id": "walker_pedestrian_0001_calibration_17_v0", "points": 86447, "actor_returns": 109, "frame": 20222}
{"id": "walker_pedestrian_0001_calibration_17_v1", "points": 90125, "actor_returns": 68, "frame": 20227}
{"id": "walker_pedestrian_0001_calibration_18_v0", "points": 86447, "actor_returns": 97, "frame": 20263}
{"id": "walker_pedestrian_0001_calibration_18_v1", "points": 90125, "actor_returns": 63, "frame": 20268}
{"id": "walker_pedestrian_0001_test_00_v0", "points": 86447, "actor_returns": 87, "frame": 20304}
{"id": "walker_pedestrian_0001_test_00_v1", "points": 90125, "actor_returns": 56, "frame": 20309}
{"id": "walker_pedestrian_0001_test_01_v0", "points": 86447, "actor_returns": 100, "frame": 20345}
{"id": "walker_pedestrian_0001_test_01_v1", "points": 90125, "actor_returns": 61, "frame": 20350}
{"id": "walker_pedestrian_0001_test_02_v0", "points": 86447, "actor_returns": 86, "frame": 20386}
{"id": "walker_pedestrian_0001_test_02_v1", "points": 90125, "actor_returns": 51, "frame": 20391}
{"id": "walker_pedestrian_0001_test_03_v0", "points": 86447, "actor_returns": 76, "frame": 20427}
{"id": "walker_pedestrian_0001_test_03_v1", "points": 90125, "actor_returns": 47, "frame": 20432}
{"id": "walker_pedestrian_0001_test_04_v0", "points": 86447, "actor_returns": 91, "frame": 20468}
{"id": "walker_pedestrian_0001_test_04_v1", "points": 90125, "actor_returns": 63, "frame": 20473}
{"id": "walker_pedestrian_0001_test_05_v0", "points": 86447, "actor_returns": 80, "frame": 20509}
{"id": "walker_pedestrian_0001_test_05_v1", "points": 90125, "actor_returns": 52, "frame": 20514}
{"id": "walker_pedestrian_0001_test_06_v0", "points": 86447, "actor_returns": 88, "frame": 20550}
{"id": "walker_pedestrian_0001_test_06_v1", "points": 90125, "actor_returns": 53, "frame": 20555}
{"id": "walker_pedestrian_0001_test_07_v0", "points": 86447, "actor_returns": 75, "frame": 20591}
{"id": "walker_pedestrian_0001_test_07_v1", "points": 90125, "actor_returns": 43, "frame": 20596}
{"id": "walker_pedestrian_0001_test_08_v0", "points": 86447, "actor_returns": 82, "frame": 20632}
{"id": "walker_pedestrian_0001_test_08_v1", "points": 90125, "actor_returns": 60, "frame": 20637}
{"id": "walker_pedestrian_0001_test_09_v0", "points": 86447, "actor_returns": 84, "frame": 20673}
{"id": "walker_pedestrian_0001_test_09_v1", "points": 90125, "actor_returns": 58, "frame": 20678}
{"id": "walker_pedestrian_0001_test_10_v0", "points": 86447, "actor_returns": 88, "frame": 20714}
{"id": "walker_pedestrian_0001_test_10_v1", "points": 90125, "actor_returns": 50, "frame": 20719}
{"id": "walker_pedestrian_0001_test_11_v0", "points": 86447, "actor_returns": 80, "frame": 20755}
{"id": "walker_pedestrian_0001_test_11_v1", "points": 90125, "actor_returns": 54, "frame": 20760}
{"id": "walker_pedestrian_0001_test_12_v0", "points": 86447, "actor_returns": 94, "frame": 20796}
{"id": "walker_pedestrian_0001_test_12_v1", "points": 90125, "actor_returns": 64, "frame": 20801}
{"id": "walker_pedestrian_0001_test_13_v0", "points": 86447, "actor_returns": 71, "frame": 20837}
{"id": "walker_pedestrian_0001_test_13_v1", "points": 90125, "actor_returns": 48, "frame": 20842}
{"id": "walker_pedestrian_0001_test_14_v0", "points": 86447, "actor_returns": 101, "frame": 20878}
{"id": "walker_pedestrian_0001_test_14_v1", "points": 90125, "actor_returns": 63, "frame": 20883}
{"id": "walker_pedestrian_0001_test_15_v0", "points": 86447, "actor_returns": 93, "frame": 20919}
{"id": "walker_pedestrian_0001_test_15_v1", "points": 90125, "actor_returns": 60, "frame": 20924}
{"id": "walker_pedestrian_0001_test_16_v0", "points": 86447, "actor_returns": 98, "frame": 20960}
{"id": "walker_pedestrian_0001_test_16_v1", "points": 90125, "actor_returns": 68, "frame": 20965}
{"id": "walker_pedestrian_0001_test_19_v0", "points": 86447, "actor_returns": 81, "frame": 21001}
{"id": "walker_pedestrian_0001_test_19_v1", "points": 90125, "actor_returns": 46, "frame": 21006}
